Component: ARM Compiler 5.06 update 5 (build 528) Tool: armlink [4d35e2]

==============================================================================

Section Cross References

    stm32f10x_adc.o(i.ADC_DeInit) refers to stm32f10x_rcc.o(i.RCC_APB2PeriphResetCmd) for RCC_APB2PeriphResetCmd
    stm32f10x_bkp.o(i.BKP_DeInit) refers to stm32f10x_rcc.o(i.RCC_BackupResetCmd) for RCC_BackupResetCmd
    stm32f10x_can.o(i.CAN_DeInit) refers to stm32f10x_rcc.o(i.RCC_APB1PeriphResetCmd) for RCC_APB1PeriphResetCmd
    stm32f10x_can.o(i.CAN_GetITStatus) refers to stm32f10x_can.o(i.CheckITStatus) for CheckITStatus
    stm32f10x_cec.o(i.CEC_DeInit) refers to stm32f10x_rcc.o(i.RCC_APB1PeriphResetCmd) for RCC_APB1PeriphResetCmd
    stm32f10x_dac.o(i.DAC_DeInit) refers to stm32f10x_rcc.o(i.RCC_APB1PeriphResetCmd) for RCC_APB1PeriphResetCmd
    stm32f10x_flash.o(i.FLASH_EnableWriteProtection) refers to stm32f10x_flash.o(i.FLASH_WaitForLastOperation) for FLASH_WaitForLastOperation
    stm32f10x_flash.o(i.FLASH_EraseAllBank1Pages) refers to stm32f10x_flash.o(i.FLASH_WaitForLastBank1Operation) for FLASH_WaitForLastBank1Operation
    stm32f10x_flash.o(i.FLASH_EraseAllPages) refers to stm32f10x_flash.o(i.FLASH_WaitForLastOperation) for FLASH_WaitForLastOperation
    stm32f10x_flash.o(i.FLASH_EraseOptionBytes) refers to stm32f10x_flash.o(i.FLASH_GetReadOutProtectionStatus) for FLASH_GetReadOutProtectionStatus
    stm32f10x_flash.o(i.FLASH_EraseOptionBytes) refers to stm32f10x_flash.o(i.FLASH_WaitForLastOperation) for FLASH_WaitForLastOperation
    stm32f10x_flash.o(i.FLASH_ErasePage) refers to stm32f10x_flash.o(i.FLASH_WaitForLastOperation) for FLASH_WaitForLastOperation
    stm32f10x_flash.o(i.FLASH_ProgramHalfWord) refers to stm32f10x_flash.o(i.FLASH_WaitForLastOperation) for FLASH_WaitForLastOperation
    stm32f10x_flash.o(i.FLASH_ProgramOptionByteData) refers to stm32f10x_flash.o(i.FLASH_WaitForLastOperation) for FLASH_WaitForLastOperation
    stm32f10x_flash.o(i.FLASH_ProgramWord) refers to stm32f10x_flash.o(i.FLASH_WaitForLastOperation) for FLASH_WaitForLastOperation
    stm32f10x_flash.o(i.FLASH_ReadOutProtection) refers to stm32f10x_flash.o(i.FLASH_WaitForLastOperation) for FLASH_WaitForLastOperation
    stm32f10x_flash.o(i.FLASH_UserOptionByteConfig) refers to stm32f10x_flash.o(i.FLASH_WaitForLastOperation) for FLASH_WaitForLastOperation
    stm32f10x_flash.o(i.FLASH_WaitForLastBank1Operation) refers to stm32f10x_flash.o(i.FLASH_GetBank1Status) for FLASH_GetBank1Status
    stm32f10x_flash.o(i.FLASH_WaitForLastOperation) refers to stm32f10x_flash.o(i.FLASH_GetBank1Status) for FLASH_GetBank1Status
    stm32f10x_gpio.o(i.GPIO_AFIODeInit) refers to stm32f10x_rcc.o(i.RCC_APB2PeriphResetCmd) for RCC_APB2PeriphResetCmd
    stm32f10x_gpio.o(i.GPIO_DeInit) refers to stm32f10x_rcc.o(i.RCC_APB2PeriphResetCmd) for RCC_APB2PeriphResetCmd
    stm32f10x_i2c.o(i.I2C_DeInit) refers to stm32f10x_rcc.o(i.RCC_APB1PeriphResetCmd) for RCC_APB1PeriphResetCmd
    stm32f10x_i2c.o(i.I2C_Init) refers to stm32f10x_rcc.o(i.RCC_GetClocksFreq) for RCC_GetClocksFreq
    stm32f10x_pwr.o(i.PWR_DeInit) refers to stm32f10x_rcc.o(i.RCC_APB1PeriphResetCmd) for RCC_APB1PeriphResetCmd
    stm32f10x_rcc.o(i.RCC_GetClocksFreq) refers to stm32f10x_rcc.o(.data) for APBAHBPrescTable
    stm32f10x_rcc.o(i.RCC_WaitForHSEStartUp) refers to stm32f10x_rcc.o(i.RCC_GetFlagStatus) for RCC_GetFlagStatus
    stm32f10x_rtc.o(i.RTC_SetAlarm) refers to stm32f10x_rtc.o(i.RTC_EnterConfigMode) for RTC_EnterConfigMode
    stm32f10x_rtc.o(i.RTC_SetAlarm) refers to stm32f10x_rtc.o(i.RTC_ExitConfigMode) for RTC_ExitConfigMode
    stm32f10x_rtc.o(i.RTC_SetCounter) refers to stm32f10x_rtc.o(i.RTC_EnterConfigMode) for RTC_EnterConfigMode
    stm32f10x_rtc.o(i.RTC_SetCounter) refers to stm32f10x_rtc.o(i.RTC_ExitConfigMode) for RTC_ExitConfigMode
    stm32f10x_rtc.o(i.RTC_SetPrescaler) refers to stm32f10x_rtc.o(i.RTC_EnterConfigMode) for RTC_EnterConfigMode
    stm32f10x_rtc.o(i.RTC_SetPrescaler) refers to stm32f10x_rtc.o(i.RTC_ExitConfigMode) for RTC_ExitConfigMode
    stm32f10x_spi.o(i.I2S_Init) refers to stm32f10x_rcc.o(i.RCC_GetClocksFreq) for RCC_GetClocksFreq
    stm32f10x_spi.o(i.SPI_I2S_DeInit) refers to stm32f10x_rcc.o(i.RCC_APB2PeriphResetCmd) for RCC_APB2PeriphResetCmd
    stm32f10x_spi.o(i.SPI_I2S_DeInit) refers to stm32f10x_rcc.o(i.RCC_APB1PeriphResetCmd) for RCC_APB1PeriphResetCmd
    stm32f10x_tim.o(i.TIM_DeInit) refers to stm32f10x_rcc.o(i.RCC_APB2PeriphResetCmd) for RCC_APB2PeriphResetCmd
    stm32f10x_tim.o(i.TIM_DeInit) refers to stm32f10x_rcc.o(i.RCC_APB1PeriphResetCmd) for RCC_APB1PeriphResetCmd
    stm32f10x_tim.o(i.TIM_ETRClockMode1Config) refers to stm32f10x_tim.o(i.TIM_ETRConfig) for TIM_ETRConfig
    stm32f10x_tim.o(i.TIM_ETRClockMode2Config) refers to stm32f10x_tim.o(i.TIM_ETRConfig) for TIM_ETRConfig
    stm32f10x_tim.o(i.TIM_ICInit) refers to stm32f10x_tim.o(i.TI1_Config) for TI1_Config
[...]
    _printf_wc                                - Undefined Weak Reference
    _rand_init                                - Undefined Weak Reference
    _signal_finish                            - Undefined Weak Reference
    _signal_init                              - Undefined Weak Reference
    _terminate_alloc                          - Undefined Weak Reference
    _terminate_user_alloc                     - Undefined Weak Reference
    _terminateio                              - Undefined Weak Reference
    __Vectors_Size                           0x000000ec   Number         0  startup_stm32f10x_md.o ABSOLUTE
    __Vectors                                0x08000000   Data           4  startup_stm32f10x_md.o(RESET)
    __Vectors_End                            0x080000ec   Data           0  startup_stm32f10x_md.o(RESET)
    __main                                   0x080000ed   Thumb Code     8  __main.o(!!!main)
    __scatterload                            0x080000f5   Thumb Code     0  __scatter.o(!!!scatter)
    __scatterload_rt2                        0x080000f5   Thumb Code    44  __scatter.o(!!!scatter)
    __scatterload_rt2_thumb_only             0x080000f5   Thumb Code     0  __scatter.o(!!!scatter)
    __scatterload_null                       0x08000103   Thumb Code     0  __scatter.o(!!!scatter)
    __scatterload_copy                       0x08000129   Thumb Code    26  __scatter_copy.o(!!handler_copy)
    __scatterload_zeroinit                   0x08000145   Thumb Code    28  __scatter_zi.o(!!handler_zi)
    _printf_f                                0x08000161   Thumb Code     0  _printf_f.o(.ARM.Collect$$_printf_percent$$00000003)
    _printf_percent                          0x08000161   Thumb Code     0  _printf_percent.o(.ARM.Collect$$_printf_percent$$00000000)
    _printf_percent_end                      0x08000167   Thumb Code     0  _printf_percent_end.o(.ARM.Collect$$_printf_percent$$00000017)
    __rt_lib_init                            0x0800016b   Thumb Code     0  libinit.o(.ARM.Collect$$libinit$$00000000)
    __rt_lib_init_fp_1                       0x0800016d   Thumb Code     0  libinit2.o(.ARM.Collect$$libinit$$00000002)
    __rt_lib_init_heap_1                     0x0800016d   Thumb Code     0  libinit2.o(.ARM.Collect$$libinit$$0000000A)
    __rt_lib_init_lc_common                  0x0800016d   Thumb Code     0  libinit2.o(.ARM.Collect$$libinit$$0000000F)
    __rt_lib_init_preinit_1                  0x0800016d   Thumb Code     0  libinit2.o(.ARM.Collect$$libinit$$00000004)
    __rt_lib_init_rand_1                     0x0800016d   Thumb Code     0  libinit2.o(.ARM.Collect$$libinit$$0000000E)
    __rt_lib_init_user_alloc_1               0x0800016d   Thumb Code     0  libinit2.o(.ARM.Collect$$libinit$$0000000C)
    __rt_lib_init_lc_collate_1               0x08000173   Thumb Code     0  libinit2.o(.ARM.Collect$$libinit$$00000011)
    __rt_lib_init_lc_ctype_1                 0x08000173   Thumb Code     0  libinit2.o(.ARM.Collect$$libinit$$00000013)
    __rt_lib_init_lc_monetary_1              0x08000173   Thumb Code     0  libinit2.o(.ARM.Collect$$libinit$$00000015)
    __rt_lib_init_lc_numeric_2               0x08000173   Thumb Code     0  libinit2.o(.ARM.Collect$$libinit$$00000016)
    __rt_lib_init_alloca_1                   0x0800017d   Thumb Code     0  libinit2.o(.ARM.Collect$$libinit$$0000002E)
    __rt_lib_init_argv_1                     0x0800017d   Thumb Code     0  libinit2.o(.ARM.Collect$$libinit$$0000002C)
    __rt_lib_init_atexit_1                   0x0800017d   Thumb Code     0  libinit2.o(.ARM.Collect$$libinit$$0000001B)
    __rt_lib_init_clock_1                    0x0800017d   Thumb Code     0  libinit2.o(.ARM.Collect$$libinit$$00000021)
    __rt_lib_init_cpp_1                      0x0800017d   Thumb Code     0  libinit2.o(.ARM.Collect$$libinit$$00000032)
    __rt_lib_init_exceptions_1               0x0800017d   Thumb Code     0  libinit2.o(.ARM.Collect$$libinit$$00000030)
    __rt_lib_init_fp_trap_1                  0x0800017d   Thumb Code     0  libinit2.o(.ARM.Collect$$libinit$$0000001F)
    __rt_lib_init_getenv_1                   0x0800017d   Thumb Code     0  libinit2.o(.ARM.Collect$$libinit$$00000023)
    __rt_lib_init_lc_numeric_1               0x0800017d   Thumb Code     0  libinit2.o(.ARM.Collect$$libinit$$00000017)
    __rt_lib_init_lc_time_1                  0x0800017d   Thumb Code     0  libinit2.o(.ARM.Collect$$libinit$$00000019)
    __rt_lib_init_return                     0x0800017d   Thumb Code     0  libinit2.o(.ARM.Collect$$libinit$$00000033)
    __rt_lib_init_signal_1                   0x0800017d   Thumb Code     0  libinit2.o(.ARM.Collect$$libinit$$0000001D)
    __rt_lib_init_stdio_1                    0x0800017d   Thumb Code     0  libinit2.o(.ARM.Collect$$libinit$$00000025)
    __rt_lib_shutdown                        0x0800017f   Thumb Code     0  libshutdown.o(.ARM.Collect$$libshutdown$$00000000)
    __rt_lib_shutdown_cpp_1                  0x08000181   Thumb Code     0  libshutdown2.o(.ARM.Collect$$libshutdown$$00000002)
    __rt_lib_shutdown_fp_trap_1              0x08000181   Thumb Code     0  libshutdown2.o(.ARM.Collect$$libshutdown$$00000007)
    __rt_lib_shutdown_heap_1                 0x08000181   Thumb Code     0  libshutdown2.o(.ARM.Collect$$libshutdown$$0000000F)
    __rt_lib_shutdown_return                 0x08000181   Thumb Code     0  libshutdown2.o(.ARM.Collect$$libshutdown$$00000010)
    __rt_lib_shutdown_signal_1               0x08000181   Thumb Code     0  libshutdown2.o(.ARM.Collect$$libshutdown$$0000000A)
    __rt_lib_shutdown_stdio_1                0x08000181   Thumb Code     0  libshutdown2.o(.ARM.Collect$$libshutdown$$00000004)
    __rt_lib_shutdown_user_alloc_1           0x08000181   Thumb Code     0  libshutdown2.o(.ARM.Collect$$libshutdown$$0000000C)
    __rt_entry                               0x08000183   Thumb Code     0  __rtentry.o(.ARM.Collect$$rtentry$$00000000)
    __rt_entry_presh_1                       0x08000183   Thumb Code     0  __rtentry2.o(.ARM.Collect$$rtentry$$00000002)
    __rt_entry_sh                            0x08000183   Thumb Code     0  __rtentry4.o(.ARM.Collect$$rtentry$$00000004)
    __rt_entry_li                            0x08000189   Thumb Code     0  __rtentry2.o(.ARM.Collect$$rtentry$$0000000A)
    __rt_entry_postsh_1                      0x08000189   Thumb Code     0  __rtentry2.o(.ARM.Collect$$rtentry$$00000009)
    __rt_entry_main                          0x0800018d   Thumb Code     0  __rtentry2.o(.ARM.Collect$$rtentry$$0000000D)
    __rt_entry_postli_1                      0x0800018d   Thumb Code     0  __rtentry2.o(.ARM.Collect$$rtentry$$0000000C)
    __rt_exit                                0x08000195   Thumb Code     0  rtexit.o(.ARM.Collect$$rtexit$$00000000)
    __rt_exit_ls                             0x08000197   Thumb Code     0  rtexit2.o(.ARM.Collect$$rtexit$$00000003)
    __rt_exit_prels_1                        0x08000197   Thumb Code     0  rtexit2.o(.ARM.Collect$$rtexit$$00000002)
    __rt_exit_exit                           0x0800019b   Thumb Code     0  rtexit2.o(.ARM.Collect$$rtexit$$00000004)
    Reset_Handler                            0x080001a1   Thumb Code     8  startup_stm32f10x_md.o(.text)
    ADC1_2_IRQHandler                        0x080001bb   Thumb Code     0  startup_stm32f10x_md.o(.text)
    CAN1_RX1_IRQHandler                      0x080001bb   Thumb Code     0  startup_stm32f10x_md.o(.text)
    CAN1_SCE_IRQHandler                      0x080001bb   Thumb Code     0  startup_stm32f10x_md.o(.text)
    DMA1_Channel1_IRQHandler                 0x080001bb   Thumb Code     0  startup_stm32f10x_md.o(.text)
    DMA1_Channel2_IRQHandler                 0x080001bb   Thumb Code     0  startup_stm32f10x_md.o(.text)
    DMA1_Channel3_IRQHandler                 0x080001bb   Thumb Code     0  startup_stm32f10x_md.o(.text)
    DMA1_Channel4_IRQHandler                 0x080001bb   Thumb Code     0  startup_stm32f10x_md.o(.text)
    DMA1_Channel5_IRQHandler                 0x080001bb   Thumb Code     0  startup_stm32f10x_md.o(.text)
    DMA1_Channel6_IRQHandler                 0x080001bb   Thumb Code     0  startup_stm32f10x_md.o(.text)
    DMA1_Channel7_IRQHandler                 0x080001bb   Thumb Code     0  startup_stm32f10x_md.o(.text)
    EXTI0_IRQHandler                         0x080001bb   Thumb Code     0  startup_stm32f10x_md.o(.text)
    EXTI15_10_IRQHandler                     0x080001bb   Thumb Code     0  startup_stm32f10x_md.o(.text)
    EXTI1_IRQHandler                         0x080001bb   Thumb Code     0  startup_stm32f10x_md.o(.text)
    EXTI3_IRQHandler                         0x080001bb   Thumb Code     0  startup_stm32f10x_md.o(.text)
    EXTI4_IRQHandler                         0x080001bb   Thumb Code     0  startup_stm32f10x_md.o(.text)
    FLASH_IRQHandler                         0x080001bb   Thumb Code     0  startup_stm32f10x_md.o(.text)
    I2C1_ER_IRQHandler                       0x080001bb   Thumb Code     0  startup_stm32f10x_md.o(.text)
    I2C1_EV_IRQHandler                       0x080001bb   Thumb Code     0  startup_stm32f10x_md.o(.text)
    I2C2_ER_IRQHandler                       0x080001bb   Thumb Code     0  startup_stm32f10x_md.o(.text)
    I2C2_EV_IRQHandler                       0x080001bb   Thumb Code     0  startup_stm32f10x_md.o(.text)
    PVD_IRQHandler                           0x080001bb   Thumb Code     0  startup_stm32f10x_md.o(.text)
    RCC_IRQHandler                           0x080001bb   Thumb Code     0  startup_stm32f10x_md.o(.text)
    RTCAlarm_IRQHandler                      0x080001bb   Thumb Code     0  startup_stm32f10x_md.o(.text)
    RTC_IRQHandler                           0x080001bb   Thumb Code     0  startup_stm32f10x_md.o(.text)
    SPI1_IRQHandler                          0x080001bb   Thumb Code     0  startup_stm32f10x_md.o(.text)
    SPI2_IRQHandler                          0x080001bb   Thumb Code     0  startup_stm32f10x_md.o(.text)
    TAMPER_IRQHandler                        0x080001bb   Thumb Code     0  startup_stm32f10x_md.o(.text)
    TIM1_BRK_IRQHandler                      0x080001bb   Thumb Code     0  startup_stm32f10x_md.o(.text)
    TIM1_CC_IRQHandler                       0x080001bb   Thumb Code     0  startup_stm32f10x_md.o(.text)
    TIM1_TRG_COM_IRQHandler                  0x080001bb   Thumb Code     0  startup_stm32f10x_md.o(.text)
    TIM1_UP_IRQHandler                       0x080001bb   Thumb Code     0  startup_stm32f10x_md.o(.text)
    TIM2_IRQHandler                          0x080001bb   Thumb Code     0  startup_stm32f10x_md.o(.text)
    TIM4_IRQHandler                          0x080001bb   Thumb Code     0  startup_stm32f10x_md.o(.text)
    USART1_IRQHandler                        0x080001bb   Thumb Code     0  startup_stm32f10x_md.o(.text)
    USART2_IRQHandler                        0x080001bb   Thumb Code     0  startup_stm32f10x_md.o(.text)
    USBWakeUp_IRQHandler                     0x080001bb   Thumb Code     0  startup_stm32f10x_md.o(.text)
    USB_HP_CAN1_TX_IRQHandler                0x080001bb   Thumb Code     0  startup_stm32f10x_md.o(.text)
    USB_LP_CAN1_RX0_IRQHandler               0x080001bb   Thumb Code     0  startup_stm32f10x_md.o(.text)
    WWDG_IRQHandler                          0x080001bb   Thumb Code     0  startup_stm32f10x_md.o(.text)
    __user_initial_stackheap                 0x080001bd   Thumb Code     0  startup_stm32f10x_md.o(.text)
    __aeabi_ldivmod                          0x080001e1   Thumb Code     0  llsdiv.o(.text)
    _ll_sdiv                                 0x080001e1   Thumb Code    72  llsdiv.o(.text)
    __2sprintf                               0x08000229   Thumb Code    38  __2sprintf.o(.text)
    __printf                                 0x08000255   Thumb Code   388  __printf_flags_ss_wp.o(.text)
    memcmp                                   0x080003dd   Thumb Code    88  memcmp.o(.text)
    strlen                                   0x08000435   Thumb Code    62  strlen.o(.text)
    __aeabi_memset                           0x08000473   Thumb Code    16  aeabi_memset.o(.text)
    __aeabi_memclr                           0x08000483   Thumb Code     0  rt_memclr.o(.text)
    __rt_memclr                              0x08000483   Thumb Code    68  rt_memclr.o(.text)
    _memset                                  0x08000487   Thumb Code     0  rt_memclr.o(.text)
    strcmp                                   0x080004c9   Thumb Code   128  strcmpv7m.o(.text)
    __use_two_region_memory                  0x08000549   Thumb Code     2  heapauxi.o(.text)
    __rt_heap_escrow$2region                 0x0800054b   Thumb Code     2  heapauxi.o(.text)
    __rt_heap_expand$2region                 0x0800054d   Thumb Code     2  heapauxi.o(.text)
    __aeabi_uldivmod                         0x0800054f   Thumb Code     0  lludivv7m.o(.text)
    _ll_udiv                                 0x0800054f   Thumb Code   238  lludivv7m.o(.text)
    __read_errno                             0x0800063d   Thumb Code    10  _rserrno.o(.text)
    __set_errno                              0x08000647   Thumb Code    12  _rserrno.o(.text)
    __lib_sel_fp_printf                      0x08000653   Thumb Code     2  _printf_fp_dec.o(.text)
    _printf_fp_dec_real                      0x08000805   Thumb Code   620  _printf_fp_dec.o(.text)
    _printf_char_common                      0x08000a7b   Thumb Code    32  _printf_char_common.o(.text)
    _sputc                                   0x08000aa1   Thumb Code    10  _sputc.o(.text)
    __aeabi_memclr4                          0x08000aab   Thumb Code     0  rt_memclr_w.o(.text)
    __aeabi_memclr8                          0x08000aab   Thumb Code     0  rt_memclr_w.o(.text)
    __rt_memclr_w                            0x08000aab   Thumb Code    78  rt_memclr_w.o(.text)
    _memset_w                                0x08000aaf   Thumb Code     0  rt_memclr_w.o(.text)
    __rt_locale                              0x08000af9   Thumb Code     8  rt_locale_intlibspace.o(.text)
    __aeabi_errno_addr                       0x08000b01   Thumb Code     8  rt_errno_addr_intlibspace.o(.text)
    __errno$intlibspace                      0x08000b01   Thumb Code     0  rt_errno_addr_intlibspace.o(.text)
    __rt_errno_addr$intlibspace              0x08000b01   Thumb Code     0  rt_errno_addr_intlibspace.o(.text)
    _ll_udiv10                               0x08000b09   Thumb Code   138  lludiv10.o(.text)
    _printf_fp_infnan                        0x08000b95   Thumb Code   112  _printf_fp_infnan.o(.text)
    _btod_etento                             0x08000c15   Thumb Code   224  bigflt0.o(.text)
    __user_libspace                          0x08000cf9   Thumb Code     8  libspace.o(.text)
    __user_perproc_libspace                  0x08000cf9   Thumb Code     0  libspace.o(.text)
    __user_perthread_libspace                0x08000cf9   Thumb Code     0  libspace.o(.text)
    __user_setup_stackheap                   0x08000d01   Thumb Code    74  sys_stackheap_outer.o(.text)
    exit                                     0x08000d4b   Thumb Code    18  exit.o(.text)
    _sys_exit                                0x08000d5d   Thumb Code     8  sys_exit.o(.text)
    __I$use$semihosting                      0x08000d69   Thumb Code     0  use_no_semi.o(.text)
    __use_no_semihosting_swi                 0x08000d69   Thumb Code     2  use_no_semi.o(.text)
    __semihosting_library_function           0x08000d6b   Thumb Code     0  indicate_semi.o(.text)
    _btod_d2e                                0x08000d6b   Thumb Code    62  btod.o(CL$$btod_d2e)
    _d2e_denorm_low                          0x08000da9   Thumb Code    70  btod.o(CL$$btod_d2e_denorm_low)
    _d2e_norm_op1                            0x08000def   Thumb Code    96  btod.o(CL$$btod_d2e_norm_op1)
    __btod_div_common                        0x08000e4f   Thumb Code   696  btod.o(CL$$btod_div_common)
    _e2e                                     0x08001187   Thumb Code   220  btod.o(CL$$btod_e2e)
    _btod_ediv                               0x08001263   Thumb Code    42  btod.o(CL$$btod_ediv)
    _btod_emul                               0x0800128d   Thumb Code    42  btod.o(CL$$btod_emul)
    __btod_mult_common                       0x080012b7   Thumb Code   580  btod.o(CL$$btod_mult_common)
    BalancedCar_Init                         0x080014fb   Thumb Code    24  main.o(i.BalancedCar_Init)
    BusFault_Handler                         0x08001513   Thumb Code     4  stm32f10x_it.o(i.BusFault_Handler)
    CarBackRun                               0x08001519   Thumb Code    28  pid.o(i.CarBackRun)
    CarRun                                   0x08001549   Thumb Code    26  pid.o(i.CarRun)
    CarStop                                  0x08001579   Thumb Code    24  pid.o(i.CarStop)
    CarTurnLeft                              0x080015a5   Thumb Code    30  pid.o(i.CarTurnLeft)
    CarTurnRight                             0x080015d9   Thumb Code    32  pid.o(i.CarTurnRight)
    Control                                  0x0800160d   Thumb Code   290  pid.o(i.Control)
    DebugMon_Handler                         0x08001785   Thumb Code     2  stm32f10x_it.o(i.DebugMon_Handler)
    Delay_ms                                 0x08001787   Thumb Code    24  delay.o(i.Delay_ms)
    Delay_us                                 0x0800179f   Thumb Code    46  delay.o(i.Delay_us)
    EXTI2_IRQHandler                         0x080017cd   Thumb Code    56  hc_sr04.o(i.EXTI2_IRQHandler)
    EXTI9_5_IRQHandler                       0x0800180d   Thumb Code    24  mpu6050.o(i.EXTI9_5_IRQHandler)
    EXTI_ClearITPendingBit                   0x08001825   Thumb Code     6  stm32f10x_exti.o(i.EXTI_ClearITPendingBit)
    EXTI_GetITStatus                         0x08001831   Thumb Code    34  stm32f10x_exti.o(i.EXTI_GetITStatus)
    EXTI_Init                                0x08001859   Thumb Code   142  stm32f10x_exti.o(i.EXTI_Init)
    Encoder_Init                             0x080018ed   Thumb Code    12  encoder.o(i.Encoder_Init)
    GPIO_EXTILineConfig                      0x080018f9   Thumb Code    60  stm32f10x_gpio.o(i.GPIO_EXTILineConfig)
    GPIO_Encoder_Init                        0x08001939   Thumb Code    80  encoder.o(i.GPIO_Encoder_Init)
    GPIO_INT_Init                            0x08001991   Thumb Code   116  mpu6050.o(i.GPIO_INT_Init)
    GPIO_Init                                0x08001a09   Thumb Code   278  stm32f10x_gpio.o(i.GPIO_Init)
    GPIO_PinRemapConfig                      0x08001b21   Thumb Code   138  stm32f10x_gpio.o(i.GPIO_PinRemapConfig)
    GPIO_ReadInputDataBit                    0x08001bb1   Thumb Code    18  stm32f10x_gpio.o(i.GPIO_ReadInputDataBit)
    GPIO_TB6612_Init                         0x08001bc5   Thumb Code   124  tb6612.o(i.GPIO_TB6612_Init)
    GPIO_WriteBit                            0x08001c49   Thumb Code    10  stm32f10x_gpio.o(i.GPIO_WriteBit)
    HC06_GPIO_Init                           0x08001c55   Thumb Code    62  hc_06.o(i.HC06_GPIO_Init)
    HC06_Init                                0x08001c99   Thumb Code    12  hc_06.o(i.HC06_Init)
    HC06_USART_Init                          0x08001ca5   Thumb Code   110  hc_06.o(i.HC06_USART_Init)
    HardFault_Handler                        0x08001d19   Thumb Code     4  stm32f10x_it.o(i.HardFault_Handler)
    MPU6050_DMP_Get_Data                     0x08001d1d   Thumb Code   544  inv_mpu.o(i.MPU6050_DMP_Get_Data)
    MPU6050_DMP_Init                         0x08001f41   Thumb Code    74  inv_mpu.o(i.MPU6050_DMP_Init)
    MPU6050_IIC_IO_Init                      0x08001f91   Thumb Code    48  mpu6050_i2c.o(i.MPU6050_IIC_IO_Init)
    MPU6050_IIC_Read_Ack                     0x08001fd1   Thumb Code    72  mpu6050_i2c.o(i.MPU6050_IIC_Read_Ack)
    MPU6050_IIC_Read_Byte                    0x08002021   Thumb Code    86  mpu6050_i2c.o(i.MPU6050_IIC_Read_Byte)
    MPU6050_IIC_SDA_IO_IN                    0x08002081   Thumb Code    20  mpu6050_i2c.o(i.MPU6050_IIC_SDA_IO_IN)
    MPU6050_IIC_SDA_IO_OUT                   0x08002099   Thumb Code    20  mpu6050_i2c.o(i.MPU6050_IIC_SDA_IO_OUT)
    MPU6050_IIC_Send_Ack                     0x080020b1   Thumb Code    48  mpu6050_i2c.o(i.MPU6050_IIC_Send_Ack)
    MPU6050_IIC_Send_Byte                    0x080020e9   Thumb Code    90  mpu6050_i2c.o(i.MPU6050_IIC_Send_Byte)
    MPU6050_IIC_Start                        0x0800214d   Thumb Code    46  mpu6050_i2c.o(i.MPU6050_IIC_Start)
    MPU6050_IIC_Stop                         0x08002185   Thumb Code    52  mpu6050_i2c.o(i.MPU6050_IIC_Stop)
    MPU6050_Init                             0x080021c1   Thumb Code   122  mpu6050.o(i.MPU6050_Init)
    MPU_Get_Gyroscope                        0x0800223b   Thumb Code    80  mpu6050.o(i.MPU_Get_Gyroscope)
    MPU_Set_Accel_Fsr                        0x0800228b   Thumb Code    18  mpu6050.o(i.MPU_Set_Accel_Fsr)
    MPU_Set_Gyro_Fsr                         0x0800229d   Thumb Code    18  mpu6050.o(i.MPU_Set_Gyro_Fsr)
    MPU_Set_LPF                              0x080022af   Thumb Code    60  mpu6050.o(i.MPU_Set_LPF)
    MPU_Set_Rate                             0x080022eb   Thumb Code    56  mpu6050.o(i.MPU_Set_Rate)
    MemManage_Handler                        0x08002323   Thumb Code     4  stm32f10x_it.o(i.MemManage_Handler)
    My_GPIO_Init                             0x08002329   Thumb Code   172  sys.o(i.My_GPIO_Init)
    NMI_Handler                              0x080023d9   Thumb Code     2  stm32f10x_it.o(i.NMI_Handler)
    NVIC_Init                                0x080023dd   Thumb Code   100  misc.o(i.NVIC_Init)
    NVIC_PriorityGroupConfig                 0x0800244d   Thumb Code    10  misc.o(i.NVIC_PriorityGroupConfig)
    OLED_Clear                               0x08002461   Thumb Code    36  oled.o(i.OLED_Clear)
    OLED_ClearArea                           0x08002489   Thumb Code   140  oled.o(i.OLED_ClearArea)
    OLED_GPIO_Init                           0x08002519   Thumb Code    92  oled.o(i.OLED_GPIO_Init)
    OLED_I2C_SendByte                        0x08002579   Thumb Code    62  oled.o(i.OLED_I2C_SendByte)
    OLED_I2C_Start                           0x080025b7   Thumb Code    28  oled.o(i.OLED_I2C_Start)
    OLED_I2C_Stop                            0x080025d3   Thumb Code    22  oled.o(i.OLED_I2C_Stop)
    OLED_Init                                0x080025e9   Thumb Code   154  oled.o(i.OLED_Init)
    OLED_Pow                                 0x08002683   Thumb Code    20  oled.o(i.OLED_Pow)
    OLED_SetCursor                           0x08002697   Thumb Code    34  oled.o(i.OLED_SetCursor)
    OLED_ShowChar                            0x080026b9   Thumb Code    74  oled.o(i.OLED_ShowChar)
    OLED_ShowFloat                           0x0800270d   Thumb Code   446  oled.o(i.OLED_ShowFloat)
    OLED_ShowImage                           0x080028d1   Thumb Code   248  oled.o(i.OLED_ShowImage)
    OLED_ShowSignedNum                       0x080029cd   Thumb Code   112  oled.o(i.OLED_ShowSignedNum)
    OLED_ShowString                          0x08002a3d   Thumb Code   262  oled.o(i.OLED_ShowString)
    OLED_Update                              0x08002b4d   Thumb Code    36  oled.o(i.OLED_Update)
    OLED_W_SCL                               0x08002b75   Thumb Code    18  oled.o(i.OLED_W_SCL)
    OLED_W_SDA                               0x08002b8d   Thumb Code    18  oled.o(i.OLED_W_SDA)
    OLED_WriteCommand                        0x08002ba5   Thumb Code    32  oled.o(i.OLED_WriteCommand)
    OLED_WriteData                           0x08002bc5   Thumb Code    46  oled.o(i.OLED_WriteData)
    PendSV_Handler                           0x08002bf3   Thumb Code     2  stm32f10x_it.o(i.PendSV_Handler)
    RCC_APB1PeriphClockCmd                   0x08002bf5   Thumb Code    26  stm32f10x_rcc.o(i.RCC_APB1PeriphClockCmd)
    RCC_APB2PeriphClockCmd                   0x08002c15   Thumb Code    26  stm32f10x_rcc.o(i.RCC_APB2PeriphClockCmd)
    RCC_GetClocksFreq                        0x08002c35   Thumb Code   192  stm32f10x_rcc.o(i.RCC_GetClocksFreq)
    Read_LeftSpeed                           0x08002d09   Thumb Code    52  encoder.o(i.Read_LeftSpeed)
    Read_RightSpeed                          0x08002d45   Thumb Code    48  encoder.o(i.Read_RightSpeed)
    SVC_Handler                              0x08002d7d   Thumb Code     2  stm32f10x_it.o(i.SVC_Handler)
    Speed_PID                                0x08002e69   Thumb Code   196  pid.o(i.Speed_PID)
    StrToFloat                               0x08002f45   Thumb Code   200  hc_06.o(i.StrToFloat)
    SysTick_Handler                          0x08003015   Thumb Code     2  stm32f10x_it.o(i.SysTick_Handler)
    SystemInit                               0x08003019   Thumb Code    78  system_stm32f10x.o(i.SystemInit)
    TB6612_Init                              0x08003079   Thumb Code    12  tb6612.o(i.TB6612_Init)
    TB6612_Left                              0x08003085   Thumb Code   100  tb6612.o(i.TB6612_Left)
    TB6612_Right                             0x080030f5   Thumb Code   100  tb6612.o(i.TB6612_Right)
    TIM3_IRQHandler                          0x08003165   Thumb Code    34  hc_sr04.o(i.TIM3_IRQHandler)
    TIM_ClearITPendingBit                    0x08003191   Thumb Code     6  stm32f10x_tim.o(i.TIM_ClearITPendingBit)
    TIM_Cmd                                  0x08003197   Thumb Code    24  stm32f10x_tim.o(i.TIM_Cmd)
    TIM_CtrlPWMOutputs                       0x080031af   Thumb Code    30  stm32f10x_tim.o(i.TIM_CtrlPWMOutputs)
    TIM_EncoderInterfaceConfig               0x080031cd   Thumb Code    66  stm32f10x_tim.o(i.TIM_EncoderInterfaceConfig)
    TIM_Encoder_Init                         0x08003211   Thumb Code   126  encoder.o(i.TIM_Encoder_Init)
    TIM_GetCounter                           0x08003295   Thumb Code     6  stm32f10x_tim.o(i.TIM_GetCounter)
    TIM_GetITStatus                          0x0800329b   Thumb Code    34  stm32f10x_tim.o(i.TIM_GetITStatus)
    TIM_InternalClockConfig                  0x080032bd   Thumb Code    12  stm32f10x_tim.o(i.TIM_InternalClockConfig)
    TIM_OC1Init                              0x080032c9   Thumb Code   132  stm32f10x_tim.o(i.TIM_OC1Init)
    TIM_OC4Init                              0x08003361   Thumb Code   114  stm32f10x_tim.o(i.TIM_OC4Init)
    TIM_OCStructInit                         0x080033dd   Thumb Code    20  stm32f10x_tim.o(i.TIM_OCStructInit)
    TIM_SetCompare1                          0x080033f1   Thumb Code     4  stm32f10x_tim.o(i.TIM_SetCompare1)
    TIM_SetCompare4                          0x080033f5   Thumb Code     6  stm32f10x_tim.o(i.TIM_SetCompare4)
    TIM_SetCounter                           0x080033fb   Thumb Code     4  stm32f10x_tim.o(i.TIM_SetCounter)
    TIM_TB6612_Init                          0x08003401   Thumb Code   122  tb6612.o(i.TIM_TB6612_Init)
    TIM_TimeBaseInit                         0x08003481   Thumb Code   122  stm32f10x_tim.o(i.TIM_TimeBaseInit)
    Turn_PID                                 0x08003525   Thumb Code    56  pid.o(i.Turn_PID)
    USART3_IRQHandler                        0x08003565   Thumb Code   366  hc_06.o(i.USART3_IRQHandler)
    USART_ClearITPendingBit                  0x08003701   Thumb Code    30  stm32f10x_usart.o(i.USART_ClearITPendingBit)
    USART_Cmd                                0x0800371f   Thumb Code    24  stm32f10x_usart.o(i.USART_Cmd)
    USART_GetFlagStatus                      0x08003737   Thumb Code    26  stm32f10x_usart.o(i.USART_GetFlagStatus)
    USART_GetITStatus                        0x08003751   Thumb Code    84  stm32f10x_usart.o(i.USART_GetITStatus)
    USART_ITConfig                           0x080037a5   Thumb Code    74  stm32f10x_usart.o(i.USART_ITConfig)
    USART_Init                               0x080037f1   Thumb Code   210  stm32f10x_usart.o(i.USART_Init)
    USART_ReceiveData                        0x080038c9   Thumb Code    10  stm32f10x_usart.o(i.USART_ReceiveData)
    USART_SendData                           0x080038d3   Thumb Code     8  stm32f10x_usart.o(i.USART_SendData)
    USART_SprintfFloat                       0x080038dd   Thumb Code    92  hc_06.o(i.USART_SprintfFloat)
    UsageFault_Handler                       0x0800393d   Thumb Code     4  stm32f10x_it.o(i.UsageFault_Handler)
    Vertical_PID                             0x08003941   Thumb Code    60  pid.o(i.Vertical_PID)
    __ARM_fpclassify                         0x08003985   Thumb Code    40  fpclassify.o(i.__ARM_fpclassify)
    __kernel_poly                            0x080039ad   Thumb Code   170  poly.o(i.__kernel_poly)
    __mathlib_dbl_divzero                    0x08003a59   Thumb Code    12  dunder.o(i.__mathlib_dbl_divzero)
    __mathlib_dbl_infnan                     0x08003a69   Thumb Code     6  dunder.o(i.__mathlib_dbl_infnan)
    __mathlib_dbl_infnan2                    0x08003a6f   Thumb Code     4  dunder.o(i.__mathlib_dbl_infnan2)
    __mathlib_dbl_invalid                    0x08003a73   Thumb Code    12  dunder.o(i.__mathlib_dbl_invalid)
    __mathlib_dbl_overflow                   0x08003a7f   Thumb Code    14  dunder.o(i.__mathlib_dbl_overflow)
    __mathlib_dbl_underflow                  0x08003a8d   Thumb Code    10  dunder.o(i.__mathlib_dbl_underflow)
    _is_digit                                0x08003a9d   Thumb Code    14  __printf_wp.o(i._is_digit)
    asin                                     0x08003b55   Thumb Code   572  asin.o(i.asin)
    atan                                     0x08003dc5   Thumb Code   474  atan.o(i.atan)
    atan2                                    0x08003fe5   Thumb Code   346  atan2.o(i.atan2)
    delay_ms                                 0x080041c9   Thumb Code    12  delay.o(i.delay_ms)
    delay_us                                 0x080041d5   Thumb Code    12  delay.o(i.delay_us)
    dmp_enable_6x_lp_quat                    0x080041e1   Thumb Code    60  inv_mpu_dmp_motion_driver.o(i.dmp_enable_6x_lp_quat)
    dmp_enable_feature                       0x0800421d   Thumb Code   530  inv_mpu_dmp_motion_driver.o(i.dmp_enable_feature)
    dmp_enable_gyro_cal                      0x08004439   Thumb Code    62  inv_mpu_dmp_motion_driver.o(i.dmp_enable_gyro_cal)
    dmp_enable_lp_quat                       0x08004491   Thumb Code    60  inv_mpu_dmp_motion_driver.o(i.dmp_enable_lp_quat)
    dmp_load_motion_driver_firmware          0x080044cd   Thumb Code    20  inv_mpu_dmp_motion_driver.o(i.dmp_load_motion_driver_firmware)
    dmp_read_fifo                            0x080044e5   Thumb Code   450  inv_mpu_dmp_motion_driver.o(i.dmp_read_fifo)
    dmp_set_accel_bias                       0x080046ad   Thumb Code   300  inv_mpu_dmp_motion_driver.o(i.dmp_set_accel_bias)
    dmp_set_fifo_rate                        0x080047dd   Thumb Code    96  inv_mpu_dmp_motion_driver.o(i.dmp_set_fifo_rate)
    dmp_set_gyro_bias                        0x0800484d   Thumb Code   294  inv_mpu_dmp_motion_driver.o(i.dmp_set_gyro_bias)
    dmp_set_orientation                      0x0800497d   Thumb Code   290  inv_mpu_dmp_motion_driver.o(i.dmp_set_orientation)
    dmp_set_shake_reject_thresh              0x08004ab5   Thumb Code    56  inv_mpu_dmp_motion_driver.o(i.dmp_set_shake_reject_thresh)
    dmp_set_shake_reject_time                0x08004aed   Thumb Code    38  inv_mpu_dmp_motion_driver.o(i.dmp_set_shake_reject_time)
    dmp_set_shake_reject_timeout             0x08004b13   Thumb Code    38  inv_mpu_dmp_motion_driver.o(i.dmp_set_shake_reject_timeout)
    dmp_set_tap_axes                         0x08004b39   Thumb Code    70  inv_mpu_dmp_motion_driver.o(i.dmp_set_tap_axes)
    dmp_set_tap_count                        0x08004b7f   Thumb Code    38  inv_mpu_dmp_motion_driver.o(i.dmp_set_tap_count)
    dmp_set_tap_thresh                       0x08004ba5   Thumb Code   396  inv_mpu_dmp_motion_driver.o(i.dmp_set_tap_thresh)
    dmp_set_tap_time                         0x08004d45   Thumb Code    38  inv_mpu_dmp_motion_driver.o(i.dmp_set_tap_time)
    dmp_set_tap_time_multi                   0x08004d6b   Thumb Code    38  inv_mpu_dmp_motion_driver.o(i.dmp_set_tap_time_multi)
    inv_orientation_matrix_to_scalar         0x080053c5   Thumb Code    40  inv_mpu.o(i.inv_orientation_matrix_to_scalar)
    inv_row_2_scale                          0x080053ed   Thumb Code    78  inv_mpu.o(i.inv_row_2_scale)
    main                                     0x0800543d   Thumb Code   130  main.o(i.main)
    mpu6050_read                             0x080054ed   Thumb Code    92  mpu6050.o(i.mpu6050_read)
    mpu6050_read_reg                         0x08005549   Thumb Code    22  mpu6050.o(i.mpu6050_read_reg)
    mpu6050_write                            0x0800555f   Thumb Code    68  mpu6050.o(i.mpu6050_write)
    mpu6050_write_reg                        0x080055a3   Thumb Code    18  mpu6050.o(i.mpu6050_write_reg)
    mpu_configure_fifo                       0x080055b5   Thumb Code   106  inv_mpu.o(i.mpu_configure_fifo)
    mpu_get_accel_fsr                        0x08005625   Thumb Code    72  inv_mpu.o(i.mpu_get_accel_fsr)
    mpu_get_accel_sens                       0x08005671   Thumb Code    78  inv_mpu.o(i.mpu_get_accel_sens)
    mpu_get_fifo_config                      0x080056c5   Thumb Code    12  inv_mpu.o(i.mpu_get_fifo_config)
    mpu_get_gyro_fsr                         0x080056d5   Thumb Code    64  inv_mpu.o(i.mpu_get_gyro_fsr)
    mpu_get_gyro_sens                        0x08005719   Thumb Code    58  inv_mpu.o(i.mpu_get_gyro_sens)
    mpu_get_lpf                              0x08005769   Thumb Code    74  inv_mpu.o(i.mpu_get_lpf)
    mpu_get_sample_rate                      0x080057b9   Thumb Code    26  inv_mpu.o(i.mpu_get_sample_rate)
    mpu_init                                 0x080057d9   Thumb Code   396  inv_mpu.o(i.mpu_init)
    mpu_load_firmware                        0x08005969   Thumb Code   180  inv_mpu.o(i.mpu_load_firmware)
    mpu_lp_accel_mode                        0x08005a21   Thumb Code   218  inv_mpu.o(i.mpu_lp_accel_mode)
    mpu_read_fifo_stream                     0x08005b01   Thumb Code   186  inv_mpu.o(i.mpu_read_fifo_stream)
    mpu_read_mem                             0x08005bc1   Thumb Code   122  inv_mpu.o(i.mpu_read_mem)
    mpu_reset_fifo                           0x08005c41   Thumb Code   450  inv_mpu.o(i.mpu_reset_fifo)
    mpu_run_self_test                        0x08005e09   Thumb Code   278  inv_mpu.o(i.mpu_run_self_test)
    mpu_set_accel_fsr                        0x08005f25   Thumb Code   126  inv_mpu.o(i.mpu_set_accel_fsr)
    mpu_set_bypass                           0x08005fa9   Thumb Code   328  inv_mpu.o(i.mpu_set_bypass)
    mpu_set_dmp_state                        0x080060f5   Thumb Code   138  inv_mpu.o(i.mpu_set_dmp_state)
    mpu_set_gyro_fsr                         0x08006185   Thumb Code   132  inv_mpu.o(i.mpu_set_gyro_fsr)
    mpu_set_int_latched                      0x0800620d   Thumb Code   102  inv_mpu.o(i.mpu_set_int_latched)
    mpu_set_lpf                              0x08006279   Thumb Code   126  inv_mpu.o(i.mpu_set_lpf)
    mpu_set_sample_rate                      0x080062fd   Thumb Code   152  inv_mpu.o(i.mpu_set_sample_rate)
    mpu_set_sensors                          0x08006399   Thumb Code   202  inv_mpu.o(i.mpu_set_sensors)
    mpu_write_mem                            0x08006469   Thumb Code   122  inv_mpu.o(i.mpu_write_mem)
    pow                                      0x080064e9   Thumb Code  2512  pow.o(i.pow)
    power                                    0x08006ec1   Thumb Code    20  sys.o(i.power)
    run_self_test                            0x08006ed5   Thumb Code   148  inv_mpu.o(i.run_self_test)
    sqrt                                     0x08006ff9   Thumb Code    76  sqrt.o(i.sqrt)
    _get_lc_numeric                          0x08007045   Thumb Code    44  lc_numeric_c.o(locale$$code)
    __aeabi_d2f                              0x08007071   Thumb Code     0  d2f.o(x$fpl$d2f)
    _d2f                                     0x08007071   Thumb Code    98  d2f.o(x$fpl$d2f)
    __aeabi_dadd                             0x080070d5   Thumb Code     0  daddsub_clz.o(x$fpl$dadd)
    _dadd                                    0x080070d5   Thumb Code   332  daddsub_clz.o(x$fpl$dadd)
    __fpl_dcheck_NaN1                        0x08007225   Thumb Code    10  dcheck1.o(x$fpl$dcheck1)
    __fpl_dcmp_Inf                           0x08007235   Thumb Code    24  dcmpi.o(x$fpl$dcmpinf)
    __aeabi_ddiv                             0x0800724d   Thumb Code     0  ddiv.o(x$fpl$ddiv)
    _ddiv                                    0x0800724d   Thumb Code   552  ddiv.o(x$fpl$ddiv)
    __aeabi_d2iz                             0x080074fd   Thumb Code     0  dfix.o(x$fpl$dfix)
    _dfix                                    0x080074fd   Thumb Code    94  dfix.o(x$fpl$dfix)
    __aeabi_d2uiz                            0x0800755d   Thumb Code     0  dfixu.o(x$fpl$dfixu)
    _dfixu                                   0x0800755d   Thumb Code    90  dfixu.o(x$fpl$dfixu)
    __aeabi_i2d                              0x080075b7   Thumb Code     0  dflt_clz.o(x$fpl$dflt)
    _dflt                                    0x080075b7   Thumb Code    46  dflt_clz.o(x$fpl$dflt)
    __aeabi_cdcmple                          0x080075e5   Thumb Code     0  dleqf.o(x$fpl$dleqf)
    _dcmple                                  0x080075e5   Thumb Code   120  dleqf.o(x$fpl$dleqf)
    __fpl_dcmple_InfNaN                      0x08007647   Thumb Code     0  dleqf.o(x$fpl$dleqf)
    __aeabi_dmul                             0x0800765d   Thumb Code     0  dmul.o(x$fpl$dmul)
    _dmul                                    0x0800765d   Thumb Code   332  dmul.o(x$fpl$dmul)
    __fpl_dnaninf                            0x080077b1   Thumb Code   156  dnaninf.o(x$fpl$dnaninf)
    __fpl_dretinf                            0x0800784d   Thumb Code    12  dretinf.o(x$fpl$dretinf)
    __aeabi_cdrcmple                         0x08007859   Thumb Code     0  drleqf.o(x$fpl$drleqf)
    _drcmple                                 0x08007859   Thumb Code   108  drleqf.o(x$fpl$drleqf)
    __aeabi_drsub                            0x080078c5   Thumb Code     0  daddsub_clz.o(x$fpl$drsb)
    _drsb                                    0x080078c5   Thumb Code    22  daddsub_clz.o(x$fpl$drsb)
    _dsqrt                                   0x080078dd   Thumb Code   456  dsqrt_noumaal.o(x$fpl$dsqrt)
    __aeabi_dsub                             0x08007aa9   Thumb Code     0  daddsub_clz.o(x$fpl$dsub)
    _dsub                                    0x08007aa9   Thumb Code   464  daddsub_clz.o(x$fpl$dsub)
    __aeabi_f2d                              0x08007c7d   Thumb Code     0  f2d.o(x$fpl$f2d)
    _f2d                                     0x08007c7d   Thumb Code    86  f2d.o(x$fpl$f2d)
    __aeabi_fadd                             0x08007cd5   Thumb Code     0  faddsub_clz.o(x$fpl$fadd)
    _fadd                                    0x08007cd5   Thumb Code   196  faddsub_clz.o(x$fpl$fadd)
    __fpl_fcmp_Inf                           0x08007d99   Thumb Code    24  fcmpi.o(x$fpl$fcmpinf)
    __aeabi_fdiv                             0x08007db1   Thumb Code     0  fdiv.o(x$fpl$fdiv)
    _fdiv                                    0x08007db1   Thumb Code   384  fdiv.o(x$fpl$fdiv)
    __aeabi_cfcmpeq                          0x08007f35   Thumb Code     0  feqf.o(x$fpl$feqf)
    _fcmpeq                                  0x08007f35   Thumb Code   104  feqf.o(x$fpl$feqf)
    __aeabi_f2iz                             0x08007f9d   Thumb Code     0  ffix.o(x$fpl$ffix)
    _ffix                                    0x08007f9d   Thumb Code    54  ffix.o(x$fpl$ffix)
    __aeabi_f2uiz                            0x08007fd5   Thumb Code     0  ffixu.o(x$fpl$ffixu)
    _ffixu                                   0x08007fd5   Thumb Code    62  ffixu.o(x$fpl$ffixu)
    __aeabi_i2f                              0x08008015   Thumb Code     0  fflt_clz.o(x$fpl$fflt)
    _fflt                                    0x08008015   Thumb Code    48  fflt_clz.o(x$fpl$fflt)
    __aeabi_ui2f                             0x08008045   Thumb Code     0  fflt_clz.o(x$fpl$ffltu)
    _ffltu                                   0x08008045   Thumb Code    38  fflt_clz.o(x$fpl$ffltu)
    __aeabi_cfcmple                          0x0800806d   Thumb Code     0  fleqf.o(x$fpl$fleqf)
    _fcmple                                  0x0800806d   Thumb Code   104  fleqf.o(x$fpl$fleqf)
    __fpl_fcmple_InfNaN                      0x080080bf   Thumb Code     0  fleqf.o(x$fpl$fleqf)
    __aeabi_fmul                             0x080080d5   Thumb Code     0  fmul.o(x$fpl$fmul)
    _fmul                                    0x080080d5   Thumb Code   258  fmul.o(x$fpl$fmul)
    __fpl_fnaninf                            0x080081d7   Thumb Code   140  fnaninf.o(x$fpl$fnaninf)
    __fpl_fretinf                            0x08008263   Thumb Code    10  fretinf.o(x$fpl$fretinf)
    __aeabi_cfrcmple                         0x0800826d   Thumb Code     0  frleqf.o(x$fpl$frleqf)
    _frcmple                                 0x0800826d   Thumb Code    98  frleqf.o(x$fpl$frleqf)
    __aeabi_fsub                             0x080082d1   Thumb Code     0  faddsub_clz.o(x$fpl$fsub)
    _fsub                                    0x080082d1   Thumb Code   234  faddsub_clz.o(x$fpl$fsub)
    _printf_fp_dec                           0x080083bb   Thumb Code     4  printf1.o(x$fpl$printf1)
    __fpl_return_NaN                         0x080083bf   Thumb Code   100  retnan.o(x$fpl$retnan)
    __ARM_scalbn                             0x08008423   Thumb Code    92  scalbn.o(x$fpl$scalbn)
    __fpl_cmpreturn                          0x0800847f   Thumb Code    48  trapv.o(x$fpl$trapveneer)
    OLED_F8x16                               0x080084ae   Data        1520  oled_data.o(.constdata)
    __I$use$fp                               0x080084ae   Number         0  usenofp.o(x$fpl$usenofp)
    OLED_F6x8                                0x08008a9e   Data         570  oled_data.o(.constdata)
    OLED_CF16x16                             0x08008cd8   Data         490  oled_data.o(.constdata)
    Diode                                    0x08008ec2   Data          32  oled_data.o(.constdata)
    hw                                       0x08008ee4   Data          12  inv_mpu.o(.constdata)
    reg                                      0x08008ef0   Data          27  inv_mpu.o(.constdata)
    test                                     0x08008f0c   Data          40  inv_mpu.o(.constdata)
    __mathlib_zero                           0x08009cb0   Data           8  qnan.o(.constdata)
    Region$$Table$$Base                      0x08009d4c   Number         0  anon$$obj.o(Region$$Table)
    Region$$Table$$Limit                     0x08009d6c   Number         0  anon$$obj.o(Region$$Table)
    TIME_distance                            0x2000001c   Data           4  hc_sr04.o(.data)
    Vertical_Kp                              0x20000058   Data           4  pid.o(.data)
    Vertical_Kd                              0x2000005c   Data           4  pid.o(.data)
    Speed_Kp                                 0x20000060   Data           4  pid.o(.data)
    Speed_Ki                                 0x20000064   Data           4  pid.o(.data)
    Turn_Kp                                  0x20000068   Data           4  pid.o(.data)
    Turn_Kd                                  0x2000006c   Data           4  pid.o(.data)
    BlancedOffset                            0x20000070   Data           4  pid.o(.data)
    Encoder_Left                             0x20000074   Data           4  pid.o(.data)
    Encoder_Right                            0x20000078   Data           4  pid.o(.data)
    Pitch                                    0x2000007c   Data           4  pid.o(.data)
    Roll                                     0x20000080   Data           4  pid.o(.data)
    Yaw                                      0x20000084   Data           4  pid.o(.data)
    GyrX                                     0x20000088   Data           2  pid.o(.data)
    GyrY                                     0x2000008a   Data           2  pid.o(.data)
    GyrZ                                     0x2000008c   Data           2  pid.o(.data)
    Vertical_Out                             0x20000090   Data           4  pid.o(.data)
    Speed_Out                                0x20000094   Data           4  pid.o(.data)
    Turn_Out                                 0x20000098   Data           4  pid.o(.data)
    PWM_Out                                  0x2000009c   Data           4  pid.o(.data)
    expectSpeed                              0x200000a0   Data           4  pid.o(.data)
    expectTurn                               0x200000a4   Data           4  pid.o(.data)
    Turn_Left_Out                            0x200000a8   Data           4  pid.o(.data)
    Turn_Right_Out                           0x200000ac   Data           4  pid.o(.data)
    TurnLeft_Flag                            0x200000b0   Data           1  pid.o(.data)
    TurnRight_Flag                           0x200000b1   Data           1  pid.o(.data)
    OLED_DisplayBuf                          0x200000c0   Data        1024  oled.o(.bss)
    __libspace_start                         0x200004f0   Data          96  libspace.o(.bss)
    __temporary_stack_top$libspace           0x20000550   Data           0  libspace.o(.bss)



==============================================================================

Memory Map of the image

  Image Entry point : 0x080001a1

  Load Region LR_1 (Base: 0x08000000, Size: 0x00009e48, Max: 0xffffffff, ABSOLUTE)

    Execution Region ER_RO (Exec base: 0x08000000, Load base: 0x08000000, Size: 0x00009d88, Max: 0xffffffff, ABSOLUTE)

    Exec Addr    Load Addr    Size         Type   Attr      Idx    E Section Name        Object

    0x08000000   0x08000000   0x000000ec   Data   RO         3138    RESET               startup_stm32f10x_md.o
    0x080000ec   0x080000ec   0x00000008   Code   RO         4678  * !!!main             c_w.l(__main.o)
    0x080000f4   0x080000f4   0x00000034   Code   RO         5149    !!!scatter          c_w.l(__scatter.o)
    0x08000128   0x08000128   0x0000001a   Code   RO         5151    !!handler_copy      c_w.l(__scatter_copy.o)
    0x08000142   0x08000142   0x00000002   PAD
    0x08000144   0x08000144   0x0000001c   Code   RO         5153    !!handler_zi        c_w.l(__scatter_zi.o)
    0x08000160   0x08000160   0x00000000   Code   RO         4665    .ARM.Collect$$_printf_percent$$00000000  c_w.l(_printf_percent.o)
    0x08000160   0x08000160   0x00000006   Code   RO         4664    .ARM.Collect$$_printf_percent$$00000003  c_w.l(_printf_f.o)
    0x08000166   0x08000166   0x00000004   Code   RO         4843    .ARM.Collect$$_printf_percent$$00000017  c_w.l(_printf_percent_end.o)
    0x0800016a   0x0800016a   0x00000002   Code   RO         5011    .ARM.Collect$$libinit$$00000000  c_w.l(libinit.o)
    0x0800016c   0x0800016c   0x00000000   Code   RO         5013    .ARM.Collect$$libinit$$00000002  c_w.l(libinit2.o)
    0x0800016c   0x0800016c   0x00000000   Code   RO         5015    .ARM.Collect$$libinit$$00000004  c_w.l(libinit2.o)
    0x0800016c   0x0800016c   0x00000000   Code   RO         5018    .ARM.Collect$$libinit$$0000000A  c_w.l(libinit2.o)
    0x0800016c   0x0800016c   0x00000000   Code   RO         5020    .ARM.Collect$$libinit$$0000000C  c_w.l(libinit2.o)
    0x0800016c   0x0800016c   0x00000000   Code   RO         5022    .ARM.Collect$$libinit$$0000000E  c_w.l(libinit2.o)
    0x0800016c   0x0800016c   0x00000006   Code   RO         5023    .ARM.Collect$$libinit$$0000000F  c_w.l(libinit2.o)
    0x08000172   0x08000172   0x00000000   Code   RO         5025    .ARM.Collect$$libinit$$00000011  c_w.l(libinit2.o)
    0x08000172   0x08000172   0x00000000   Code   RO         5027    .ARM.Collect$$libinit$$00000013  c_w.l(libinit2.o)
    0x08000172   0x08000172   0x00000000   Code   RO         5029    .ARM.Collect$$libinit$$00000015  c_w.l(libinit2.o)
    0x08000172   0x08000172   0x0000000a   Code   RO         5030    .ARM.Collect$$libinit$$00000016  c_w.l(libinit2.o)
    0x0800017c   0x0800017c   0x00000000   Code   RO         5031    .ARM.Collect$$libinit$$00000017  c_w.l(libinit2.o)
    0x0800017c   0x0800017c   0x00000000   Code   RO         5033    .ARM.Collect$$libinit$$00000019  c_w.l(libinit2.o)
    0x0800017c   0x0800017c   0x00000000   Code   RO         5035    .ARM.Collect$$libinit$$0000001B  c_w.l(libinit2.o)
    0x0800017c   0x0800017c   0x00000000   Code   RO         5037    .ARM.Collect$$libinit$$0000001D  c_w.l(libinit2.o)
    0x0800017c   0x0800017c   0x00000000   Code   RO         5039    .ARM.Collect$$libinit$$0000001F  c_w.l(libinit2.o)
    0x0800017c   0x0800017c   0x00000000   Code   RO         5041    .ARM.Collect$$libinit$$00000021  c_w.l(libinit2.o)
    0x0800017c   0x0800017c   0x00000000   Code   RO         5043    .ARM.Collect$$libinit$$00000023  c_w.l(libinit2.o)
    0x0800017c   0x0800017c   0x00000000   Code   RO         5045    .ARM.Collect$$libinit$$00000025  c_w.l(libinit2.o)
    0x0800017c   0x0800017c   0x00000000   Code   RO         5049    .ARM.Collect$$libinit$$0000002C  c_w.l(libinit2.o)
    0x0800017c   0x0800017c   0x00000000   Code   RO         5051    .ARM.Collect$$libinit$$0000002E  c_w.l(libinit2.o)
    0x0800017c   0x0800017c   0x00000000   Code   RO         5053    .ARM.Collect$$libinit$$00000030  c_w.l(libinit2.o)
    0x0800017c   0x0800017c   0x00000000   Code   RO         5055    .ARM.Collect$$libinit$$00000032  c_w.l(libinit2.o)
    0x0800017c   0x0800017c   0x00000002   Code   RO         5056    .ARM.Collect$$libinit$$00000033  c_w.l(libinit2.o)
    0x0800017e   0x0800017e   0x00000002   Code   RO         5107    .ARM.Collect$$libshutdown$$00000000  c_w.l(libshutdown.o)
    0x08000180   0x08000180   0x00000000   Code   RO         5118    .ARM.Collect$$libshutdown$$00000002  c_w.l(libshutdown2.o)
    0x08000180   0x08000180   0x00000000   Code   RO         5120    .ARM.Collect$$libshutdown$$00000004  c_w.l(libshutdown2.o)
    0x08000180   0x08000180   0x00000000   Code   RO         5123    .ARM.Collect$$libshutdown$$00000007  c_w.l(libshutdown2.o)
    0x08000180   0x08000180   0x00000000   Code   RO         5126    .ARM.Collect$$libshutdown$$0000000A  c_w.l(libshutdown2.o)
    0x08000180   0x08000180   0x00000000   Code   RO         5128    .ARM.Collect$$libshutdown$$0000000C  c_w.l(libshutdown2.o)
    0x08000180   0x08000180   0x00000000   Code   RO         5131    .ARM.Collect$$libshutdown$$0000000F  c_w.l(libshutdown2.o)
    0x08000180   0x08000180   0x00000002   Code   RO         5132    .ARM.Collect$$libshutdown$$00000010  c_w.l(libshutdown2.o)
    0x08000182   0x08000182   0x00000000   Code   RO         4778    .ARM.Collect$$rtentry$$00000000  c_w.l(__rtentry.o)
    0x08000182   0x08000182   0x00000000   Code   RO         4916    .ARM.Collect$$rtentry$$00000002  c_w.l(__rtentry2.o)
    0x08000182   0x08000182   0x00000006   Code   RO         4928    .ARM.Collect$$rtentry$$00000004  c_w.l(__rtentry4.o)
    0x08000188   0x08000188   0x00000000   Code   RO         4918    .ARM.Collect$$rtentry$$00000009  c_w.l(__rtentry2.o)
    0x08000188   0x08000188   0x00000004   Code   RO         4919    .ARM.Collect$$rtentry$$0000000A  c_w.l(__rtentry2.o)
    0x0800018c   0x0800018c   0x00000000   Code   RO         4921    .ARM.Collect$$rtentry$$0000000C  c_w.l(__rtentry2.o)
    0x0800018c   0x0800018c   0x00000008   Code   RO         4922    .ARM.Collect$$rtentry$$0000000D  c_w.l(__rtentry2.o)
    0x08000194   0x08000194   0x00000002   Code   RO         5059    .ARM.Collect$$rtexit$$00000000  c_w.l(rtexit.o)
    0x08000196   0x08000196   0x00000000   Code   RO         5075    .ARM.Collect$$rtexit$$00000002  c_w.l(rtexit2.o)
    0x08000196   0x08000196   0x00000004   Code   RO         5076    .ARM.Collect$$rtexit$$00000003  c_w.l(rtexit2.o)
    0x0800019a   0x0800019a   0x00000006   Code   RO         5077    .ARM.Collect$$rtexit$$00000004  c_w.l(rtexit2.o)
    0x080001a0   0x080001a0   0x00000040   Code   RO         3139  * .text               startup_stm32f10x_md.o
    0x080001e0   0x080001e0   0x00000048   Code   RO         4634    .text               c_w.l(llsdiv.o)
    0x08000228   0x08000228   0x0000002c   Code   RO         4638    .text               c_w.l(__2sprintf.o)
    0x08000254   0x08000254   0x00000188   Code   RO         4661    .text               c_w.l(__printf_flags_ss_wp.o)
    0x080003dc   0x080003dc   0x00000058   Code   RO         4666    .text               c_w.l(memcmp.o)
    0x08000434   0x08000434   0x0000003e   Code   RO         4668    .text               c_w.l(strlen.o)
    0x08000472   0x08000472   0x00000010   Code   RO         4670    .text               c_w.l(aeabi_memset.o)
    0x08000482   0x08000482   0x00000044   Code   RO         4672    .text               c_w.l(rt_memclr.o)
    0x080004c6   0x080004c6   0x00000002   PAD
    0x080004c8   0x080004c8   0x00000080   Code   RO         4674    .text               c_w.l(strcmpv7m.o)
    0x08000548   0x08000548   0x00000006   Code   RO         4676    .text               c_w.l(heapauxi.o)
    0x0800054e   0x0800054e   0x000000ee   Code   RO         4779    .text               c_w.l(lludivv7m.o)
    0x0800063c   0x0800063c   0x00000016   Code   RO         4781    .text               c_w.l(_rserrno.o)
    0x08000652   0x08000652   0x0000041e   Code   RO         4793    .text               c_w.l(_printf_fp_dec.o)
    0x08000a70   0x08000a70   0x00000030   Code   RO         4795    .text               c_w.l(_printf_char_common.o)
    0x08000aa0   0x08000aa0   0x0000000a   Code   RO         4797    .text               c_w.l(_sputc.o)
    0x08000aaa   0x08000aaa   0x0000004e   Code   RO         4853    .text               c_w.l(rt_memclr_w.o)
    0x08000af8   0x08000af8   0x00000008   Code   RO         4937    .text               c_w.l(rt_locale_intlibspace.o)
    0x08000b00   0x08000b00   0x00000008   Code   RO         4942    .text               c_w.l(rt_errno_addr_intlibspace.o)
    0x08000b08   0x08000b08   0x0000008a   Code   RO         4944    .text               c_w.l(lludiv10.o)
    0x08000b92   0x08000b92   0x00000002   PAD
    0x08000b94   0x08000b94   0x00000080   Code   RO         4951    .text               c_w.l(_printf_fp_infnan.o)
    0x08000c14   0x08000c14   0x000000e4   Code   RO         4959    .text               c_w.l(bigflt0.o)
    0x08000cf8   0x08000cf8   0x00000008   Code   RO         4995    .text               c_w.l(libspace.o)
    0x08000d00   0x08000d00   0x0000004a   Code   RO         4998    .text               c_w.l(sys_stackheap_outer.o)
    0x08000d4a   0x08000d4a   0x00000012   Code   RO         5004    .text               c_w.l(exit.o)
    0x08000d5c   0x08000d5c   0x0000000c   Code   RO         5093    .text               c_w.l(sys_exit.o)
    0x08000d68   0x08000d68   0x00000002   Code   RO         5110    .text               c_w.l(use_no_semi.o)
    0x08000d6a   0x08000d6a   0x00000000   Code   RO         5112    .text               c_w.l(indicate_semi.o)
    0x08000d6a   0x08000d6a   0x0000003e   Code   RO         4962    CL$$btod_d2e        c_w.l(btod.o)
    0x08000da8   0x08000da8   0x00000046   Code   RO         4964    CL$$btod_d2e_denorm_low  c_w.l(btod.o)
    0x08000dee   0x08000dee   0x00000060   Code   RO         4963    CL$$btod_d2e_norm_op1  c_w.l(btod.o)
    0x08000e4e   0x08000e4e   0x00000338   Code   RO         4972    CL$$btod_div_common  c_w.l(btod.o)
    0x08001186   0x08001186   0x000000dc   Code   RO         4969    CL$$btod_e2e        c_w.l(btod.o)
    0x08001262   0x08001262   0x0000002a   Code   RO         4966    CL$$btod_ediv       c_w.l(btod.o)
    0x0800128c   0x0800128c   0x0000002a   Code   RO         4965    CL$$btod_emul       c_w.l(btod.o)
    0x080012b6   0x080012b6   0x00000244   Code   RO         4971    CL$$btod_mult_common  c_w.l(btod.o)
    0x080014fa   0x080014fa   0x00000018   Code   RO         4535    i.BalancedCar_Init  main.o
    0x08001512   0x08001512   0x00000004   Code   RO         3196    i.BusFault_Handler  stm32f10x_it.o
    0x08001516   0x08001516   0x00000002   PAD
    0x08001518   0x08001518   0x00000030   Code   RO         4569    i.CarBackRun        pid.o
    0x08001548   0x08001548   0x00000030   Code   RO         4570    i.CarRun            pid.o
    0x08001578   0x08001578   0x0000002c   Code   RO         4571    i.CarStop           pid.o
    0x080015a4   0x080015a4   0x00000034   Code   RO         4572    i.CarTurnLeft       pid.o
    0x080015d8   0x080015d8   0x00000034   Code   RO         4573    i.CarTurnRight      pid.o
    0x0800160c   0x0800160c   0x00000178   Code   RO         4574    i.Control           pid.o
    0x08001784   0x08001784   0x00000002   Code   RO         3197    i.DebugMon_Handler  stm32f10x_it.o
    0x08001786   0x08001786   0x00000018   Code   RO         3523    i.Delay_ms          delay.o
    0x0800179e   0x0800179e   0x0000002e   Code   RO         3525    i.Delay_us          delay.o
    0x080017cc   0x080017cc   0x00000040   Code   RO         3769    i.EXTI2_IRQHandler  hc_sr04.o
    0x0800180c   0x0800180c   0x00000018   Code   RO         4381    i.EXTI9_5_IRQHandler  mpu6050.o
    0x08001824   0x08001824   0x0000000c   Code   RO          914    i.EXTI_ClearITPendingBit  stm32f10x_exti.o
    0x08001830   0x08001830   0x00000028   Code   RO          918    i.EXTI_GetITStatus  stm32f10x_exti.o
    0x08001858   0x08001858   0x00000094   Code   RO          919    i.EXTI_Init         stm32f10x_exti.o
    0x080018ec   0x080018ec   0x0000000c   Code   RO         3633    i.Encoder_Init      encoder.o
    0x080018f8   0x080018f8   0x00000040   Code   RO         1273    i.GPIO_EXTILineConfig  stm32f10x_gpio.o
    0x08001938   0x08001938   0x00000058   Code   RO         3634    i.GPIO_Encoder_Init  encoder.o
    0x08001990   0x08001990   0x00000078   Code   RO         4382    i.GPIO_INT_Init     mpu6050.o
    0x08001a08   0x08001a08   0x00000116   Code   RO         1276    i.GPIO_Init         stm32f10x_gpio.o
    0x08001b1e   0x08001b1e   0x00000002   PAD
    0x08001b20   0x08001b20   0x00000090   Code   RO         1278    i.GPIO_PinRemapConfig  stm32f10x_gpio.o
    0x08001bb0   0x08001bb0   0x00000012   Code   RO         1280    i.GPIO_ReadInputDataBit  stm32f10x_gpio.o
    0x08001bc2   0x08001bc2   0x00000002   PAD
    0x08001bc4   0x08001bc4   0x00000084   Code   RO         3820    i.GPIO_TB6612_Init  tb6612.o
    0x08001c48   0x08001c48   0x0000000a   Code   RO         1287    i.GPIO_WriteBit     stm32f10x_gpio.o
    0x08001c52   0x08001c52   0x00000002   PAD
    0x08001c54   0x08001c54   0x00000044   Code   RO         3678    i.HC06_GPIO_Init    hc_06.o
    0x08001c98   0x08001c98   0x0000000c   Code   RO         3679    i.HC06_Init         hc_06.o
    0x08001ca4   0x08001ca4   0x00000074   Code   RO         3680    i.HC06_USART_Init   hc_06.o
    0x08001d18   0x08001d18   0x00000004   Code   RO         3198    i.HardFault_Handler  stm32f10x_it.o
    0x08001d1c   0x08001d1c   0x00000224   Code   RO         3862    i.MPU6050_DMP_Get_Data  inv_mpu.o
    0x08001f40   0x08001f40   0x00000050   Code   RO         3863    i.MPU6050_DMP_Init  inv_mpu.o
    0x08001f90   0x08001f90   0x00000040   Code   RO         4475    i.MPU6050_IIC_IO_Init  mpu6050_i2c.o
    0x08001fd0   0x08001fd0   0x00000050   Code   RO         4476    i.MPU6050_IIC_Read_Ack  mpu6050_i2c.o
    0x08002020   0x08002020   0x00000060   Code   RO         4477    i.MPU6050_IIC_Read_Byte  mpu6050_i2c.o
    0x08002080   0x08002080   0x00000018   Code   RO         4478    i.MPU6050_IIC_SDA_IO_IN  mpu6050_i2c.o
    0x08002098   0x08002098   0x00000018   Code   RO         4479    i.MPU6050_IIC_SDA_IO_OUT  mpu6050_i2c.o
    0x080020b0   0x080020b0   0x00000038   Code   RO         4480    i.MPU6050_IIC_Send_Ack  mpu6050_i2c.o
    0x080020e8   0x080020e8   0x00000064   Code   RO         4481    i.MPU6050_IIC_Send_Byte  mpu6050_i2c.o
    0x0800214c   0x0800214c   0x00000038   Code   RO         4482    i.MPU6050_IIC_Start  mpu6050_i2c.o
    0x08002184   0x08002184   0x0000003c   Code   RO         4483    i.MPU6050_IIC_Stop  mpu6050_i2c.o
    0x080021c0   0x080021c0   0x0000007a   Code   RO         4383    i.MPU6050_Init      mpu6050.o
    0x0800223a   0x0800223a   0x00000050   Code   RO         4385    i.MPU_Get_Gyroscope  mpu6050.o
    0x0800228a   0x0800228a   0x00000012   Code   RO         4387    i.MPU_Set_Accel_Fsr  mpu6050.o
    0x0800229c   0x0800229c   0x00000012   Code   RO         4388    i.MPU_Set_Gyro_Fsr  mpu6050.o
    0x080022ae   0x080022ae   0x0000003c   Code   RO         4389    i.MPU_Set_LPF       mpu6050.o
    0x080022ea   0x080022ea   0x00000038   Code   RO         4390    i.MPU_Set_Rate      mpu6050.o
    0x08002322   0x08002322   0x00000004   Code   RO         3199    i.MemManage_Handler  stm32f10x_it.o
    0x08002326   0x08002326   0x00000002   PAD
    0x08002328   0x08002328   0x000000b0   Code   RO         3568    i.My_GPIO_Init      sys.o
    0x080023d8   0x080023d8   0x00000002   Code   RO         3200    i.NMI_Handler       stm32f10x_it.o
    0x080023da   0x080023da   0x00000002   PAD
    0x080023dc   0x080023dc   0x00000070   Code   RO            1    i.NVIC_Init         misc.o
    0x0800244c   0x0800244c   0x00000014   Code   RO            2    i.NVIC_PriorityGroupConfig  misc.o
    0x08002460   0x08002460   0x00000028   Code   RO         3259    i.OLED_Clear        oled.o
    0x08002488   0x08002488   0x00000090   Code   RO         3260    i.OLED_ClearArea    oled.o
    0x08002518   0x08002518   0x00000060   Code   RO         3268    i.OLED_GPIO_Init    oled.o
    0x08002578   0x08002578   0x0000003e   Code   RO         3270    i.OLED_I2C_SendByte  oled.o
    0x080025b6   0x080025b6   0x0000001c   Code   RO         3271    i.OLED_I2C_Start    oled.o
    0x080025d2   0x080025d2   0x00000016   Code   RO         3272    i.OLED_I2C_Stop     oled.o
    0x080025e8   0x080025e8   0x0000009a   Code   RO         3273    i.OLED_Init         oled.o
    0x08002682   0x08002682   0x00000014   Code   RO         3275    i.OLED_Pow          oled.o
    0x08002696   0x08002696   0x00000022   Code   RO         3279    i.OLED_SetCursor    oled.o
    0x080026b8   0x080026b8   0x00000054   Code   RO         3281    i.OLED_ShowChar     oled.o
    0x0800270c   0x0800270c   0x000001c4   Code   RO         3282    i.OLED_ShowFloat    oled.o
    0x080028d0   0x080028d0   0x000000fc   Code   RO         3285    i.OLED_ShowImage    oled.o
    0x080029cc   0x080029cc   0x00000070   Code   RO         3287    i.OLED_ShowSignedNum  oled.o
    0x08002a3c   0x08002a3c   0x00000110   Code   RO         3288    i.OLED_ShowString   oled.o
    0x08002b4c   0x08002b4c   0x00000028   Code   RO         3289    i.OLED_Update       oled.o
    0x08002b74   0x08002b74   0x00000018   Code   RO         3291    i.OLED_W_SCL        oled.o
    0x08002b8c   0x08002b8c   0x00000018   Code   RO         3292    i.OLED_W_SDA        oled.o
    0x08002ba4   0x08002ba4   0x00000020   Code   RO         3293    i.OLED_WriteCommand  oled.o
    0x08002bc4   0x08002bc4   0x0000002e   Code   RO         3294    i.OLED_WriteData    oled.o
    0x08002bf2   0x08002bf2   0x00000002   Code   RO         3201    i.PendSV_Handler    stm32f10x_it.o
    0x08002bf4   0x08002bf4   0x00000020   Code   RO         1704    i.RCC_APB1PeriphClockCmd  stm32f10x_rcc.o
    0x08002c14   0x08002c14   0x00000020   Code   RO         1706    i.RCC_APB2PeriphClockCmd  stm32f10x_rcc.o
    0x08002c34   0x08002c34   0x000000d4   Code   RO         1714    i.RCC_GetClocksFreq  stm32f10x_rcc.o
    0x08002d08   0x08002d08   0x0000003c   Code   RO         3635    i.Read_LeftSpeed    encoder.o
    0x08002d44   0x08002d44   0x00000038   Code   RO         3636    i.Read_RightSpeed   encoder.o
    0x08002d7c   0x08002d7c   0x00000002   Code   RO         3202    i.SVC_Handler       stm32f10x_it.o
    0x08002d7e   0x08002d7e   0x00000008   Code   RO         3143    i.SetSysClock       system_stm32f10x.o
    0x08002d86   0x08002d86   0x00000002   PAD
    0x08002d88   0x08002d88   0x000000e0   Code   RO         3144    i.SetSysClockTo72   system_stm32f10x.o
    0x08002e68   0x08002e68   0x000000dc   Code   RO         4575    i.Speed_PID         pid.o
    0x08002f44   0x08002f44   0x000000d0   Code   RO         3681    i.StrToFloat        hc_06.o
    0x08003014   0x08003014   0x00000002   Code   RO         3203    i.SysTick_Handler   stm32f10x_it.o
    0x08003016   0x08003016   0x00000002   PAD
    0x08003018   0x08003018   0x00000060   Code   RO         3146    i.SystemInit        system_stm32f10x.o
    0x08003078   0x08003078   0x0000000c   Code   RO         3821    i.TB6612_Init       tb6612.o
    0x08003084   0x08003084   0x00000070   Code   RO         3822    i.TB6612_Left       tb6612.o
    0x080030f4   0x080030f4   0x00000070   Code   RO         3824    i.TB6612_Right      tb6612.o
    0x08003164   0x08003164   0x0000002c   Code   RO         3773    i.TIM3_IRQHandler   hc_sr04.o
    0x08003190   0x08003190   0x00000006   Code   RO         2345    i.TIM_ClearITPendingBit  stm32f10x_tim.o
    0x08003196   0x08003196   0x00000018   Code   RO         2350    i.TIM_Cmd           stm32f10x_tim.o
    0x080031ae   0x080031ae   0x0000001e   Code   RO         2352    i.TIM_CtrlPWMOutputs  stm32f10x_tim.o
    0x080031cc   0x080031cc   0x00000042   Code   RO         2359    i.TIM_EncoderInterfaceConfig  stm32f10x_tim.o
    0x0800320e   0x0800320e   0x00000002   PAD
    0x08003210   0x08003210   0x00000084   Code   RO         3637    i.TIM_Encoder_Init  encoder.o
    0x08003294   0x08003294   0x00000006   Code   RO         2369    i.TIM_GetCounter    stm32f10x_tim.o
    0x0800329a   0x0800329a   0x00000022   Code   RO         2371    i.TIM_GetITStatus   stm32f10x_tim.o
    0x080032bc   0x080032bc   0x0000000c   Code   RO         2377    i.TIM_InternalClockConfig  stm32f10x_tim.o
    0x080032c8   0x080032c8   0x00000098   Code   RO         2379    i.TIM_OC1Init       stm32f10x_tim.o
    0x08003360   0x08003360   0x0000007c   Code   RO         2394    i.TIM_OC4Init       stm32f10x_tim.o
    0x080033dc   0x080033dc   0x00000014   Code   RO         2397    i.TIM_OCStructInit  stm32f10x_tim.o
    0x080033f0   0x080033f0   0x00000004   Code   RO         2411    i.TIM_SetCompare1   stm32f10x_tim.o
    0x080033f4   0x080033f4   0x00000006   Code   RO         2414    i.TIM_SetCompare4   stm32f10x_tim.o
    0x080033fa   0x080033fa   0x00000004   Code   RO         2415    i.TIM_SetCounter    stm32f10x_tim.o
    0x080033fe   0x080033fe   0x00000002   PAD
    0x08003400   0x08003400   0x00000080   Code   RO         3825    i.TIM_TB6612_Init   tb6612.o
    0x08003480   0x08003480   0x000000a4   Code   RO         2421    i.TIM_TimeBaseInit  stm32f10x_tim.o
    0x08003524   0x08003524   0x00000040   Code   RO         4576    i.Turn_PID          pid.o
    0x08003564   0x08003564   0x0000019c   Code   RO         3682    i.USART3_IRQHandler  hc_06.o
    0x08003700   0x08003700   0x0000001e   Code   RO         2886    i.USART_ClearITPendingBit  stm32f10x_usart.o
    0x0800371e   0x0800371e   0x00000018   Code   RO         2889    i.USART_Cmd         stm32f10x_usart.o
    0x08003736   0x08003736   0x0000001a   Code   RO         2892    i.USART_GetFlagStatus  stm32f10x_usart.o
    0x08003750   0x08003750   0x00000054   Code   RO         2893    i.USART_GetITStatus  stm32f10x_usart.o
    0x080037a4   0x080037a4   0x0000004a   Code   RO         2895    i.USART_ITConfig    stm32f10x_usart.o
    0x080037ee   0x080037ee   0x00000002   PAD
    0x080037f0   0x080037f0   0x000000d8   Code   RO         2896    i.USART_Init        stm32f10x_usart.o
    0x080038c8   0x080038c8   0x0000000a   Code   RO         2903    i.USART_ReceiveData  stm32f10x_usart.o
    0x080038d2   0x080038d2   0x00000008   Code   RO         2906    i.USART_SendData    stm32f10x_usart.o
    0x080038da   0x080038da   0x00000002   PAD
    0x080038dc   0x080038dc   0x00000060   Code   RO         3685    i.USART_SprintfFloat  hc_06.o
    0x0800393c   0x0800393c   0x00000004   Code   RO         3204    i.UsageFault_Handler  stm32f10x_it.o
    0x08003940   0x08003940   0x00000044   Code   RO         4577    i.Vertical_PID      pid.o
    0x08003984   0x08003984   0x00000028   Code   RO         4902    i.__ARM_fpclassify  m_ws.l(fpclassify.o)
    0x080039ac   0x080039ac   0x000000aa   Code   RO         4904    i.__kernel_poly     m_ws.l(poly.o)
    0x08003a56   0x08003a56   0x00000002   PAD
    0x08003a58   0x08003a58   0x00000010   Code   RO         4888    i.__mathlib_dbl_divzero  m_ws.l(dunder.o)
    0x08003a68   0x08003a68   0x00000006   Code   RO         4889    i.__mathlib_dbl_infnan  m_ws.l(dunder.o)
    0x08003a6e   0x08003a6e   0x00000004   Code   RO         4890    i.__mathlib_dbl_infnan2  m_ws.l(dunder.o)
    0x08003a72   0x08003a72   0x0000000c   Code   RO         4891    i.__mathlib_dbl_invalid  m_ws.l(dunder.o)
    0x08003a7e   0x08003a7e   0x0000000e   Code   RO         4892    i.__mathlib_dbl_overflow  m_ws.l(dunder.o)
    0x08003a8c   0x08003a8c   0x00000010   Code   RO         4894    i.__mathlib_dbl_underflow  m_ws.l(dunder.o)
    0x08003a9c   0x08003a9c   0x0000000e   Code   RO         4654    i._is_digit         c_w.l(__printf_wp.o)
    0x08003aaa   0x08003aaa   0x00000002   PAD
    0x08003aac   0x08003aac   0x000000a8   Code   RO         3864    i.accel_self_test   inv_mpu.o
    0x08003b54   0x08003b54   0x00000270   Code   RO         4749    i.asin              m_ws.l(asin.o)
    0x08003dc4   0x08003dc4   0x00000220   Code   RO         4879    i.atan              m_ws.l(atan.o)
    0x08003fe4   0x08003fe4   0x00000180   Code   RO         4759    i.atan2             m_ws.l(atan2.o)
    0x08004164   0x08004164   0x00000064   Code   RO         4198    i.decode_gesture    inv_mpu_dmp_motion_driver.o
    0x080041c8   0x080041c8   0x0000000c   Code   RO         3526    i.delay_ms          delay.o
    0x080041d4   0x080041d4   0x0000000c   Code   RO         3528    i.delay_us          delay.o
    0x080041e0   0x080041e0   0x0000003c   Code   RO         4199    i.dmp_enable_6x_lp_quat  inv_mpu_dmp_motion_driver.o
    0x0800421c   0x0800421c   0x0000021c   Code   RO         4200    i.dmp_enable_feature  inv_mpu_dmp_motion_driver.o
    0x08004438   0x08004438   0x00000058   Code   RO         4201    i.dmp_enable_gyro_cal  inv_mpu_dmp_motion_driver.o
    0x08004490   0x08004490   0x0000003c   Code   RO         4202    i.dmp_enable_lp_quat  inv_mpu_dmp_motion_driver.o
    0x080044cc   0x080044cc   0x00000018   Code   RO         4207    i.dmp_load_motion_driver_firmware  inv_mpu_dmp_motion_driver.o
    0x080044e4   0x080044e4   0x000001c8   Code   RO         4208    i.dmp_read_fifo     inv_mpu_dmp_motion_driver.o
    0x080046ac   0x080046ac   0x00000130   Code   RO         4211    i.dmp_set_accel_bias  inv_mpu_dmp_motion_driver.o
    0x080047dc   0x080047dc   0x00000070   Code   RO         4212    i.dmp_set_fifo_rate  inv_mpu_dmp_motion_driver.o
    0x0800484c   0x0800484c   0x00000130   Code   RO         4213    i.dmp_set_gyro_bias  inv_mpu_dmp_motion_driver.o
    0x0800497c   0x0800497c   0x00000138   Code   RO         4215    i.dmp_set_orientation  inv_mpu_dmp_motion_driver.o
    0x08004ab4   0x08004ab4   0x00000038   Code   RO         4218    i.dmp_set_shake_reject_thresh  inv_mpu_dmp_motion_driver.o
    0x08004aec   0x08004aec   0x00000026   Code   RO         4219    i.dmp_set_shake_reject_time  inv_mpu_dmp_motion_driver.o
    0x08004b12   0x08004b12   0x00000026   Code   RO         4220    i.dmp_set_shake_reject_timeout  inv_mpu_dmp_motion_driver.o
    0x08004b38   0x08004b38   0x00000046   Code   RO         4221    i.dmp_set_tap_axes  inv_mpu_dmp_motion_driver.o
    0x08004b7e   0x08004b7e   0x00000026   Code   RO         4222    i.dmp_set_tap_count  inv_mpu_dmp_motion_driver.o
    0x08004ba4   0x08004ba4   0x000001a0   Code   RO         4223    i.dmp_set_tap_thresh  inv_mpu_dmp_motion_driver.o
    0x08004d44   0x08004d44   0x00000026   Code   RO         4224    i.dmp_set_tap_time  inv_mpu_dmp_motion_driver.o
    0x08004d6a   0x08004d6a   0x00000026   Code   RO         4225    i.dmp_set_tap_time_multi  inv_mpu_dmp_motion_driver.o
    0x08004d90   0x08004d90   0x000000b4   Code   RO         3865    i.get_accel_prod_shift  inv_mpu.o
    0x08004e44   0x08004e44   0x00000470   Code   RO         3867    i.get_st_biases     inv_mpu.o
    0x080052b4   0x080052b4   0x00000110   Code   RO         3868    i.gyro_self_test    inv_mpu.o
    0x080053c4   0x080053c4   0x00000028   Code   RO         3869    i.inv_orientation_matrix_to_scalar  inv_mpu.o
    0x080053ec   0x080053ec   0x0000004e   Code   RO         3870    i.inv_row_2_scale   inv_mpu.o
    0x0800543a   0x0800543a   0x00000002   PAD
    0x0800543c   0x0800543c   0x000000b0   Code   RO         4536    i.main              main.o
    0x080054ec   0x080054ec   0x0000005c   Code   RO         4391    i.mpu6050_read      mpu6050.o
    0x08005548   0x08005548   0x00000016   Code   RO         4392    i.mpu6050_read_reg  mpu6050.o
    0x0800555e   0x0800555e   0x00000044   Code   RO         4393    i.mpu6050_write     mpu6050.o
    0x080055a2   0x080055a2   0x00000012   Code   RO         4394    i.mpu6050_write_reg  mpu6050.o
    0x080055b4   0x080055b4   0x00000070   Code   RO         3871    i.mpu_configure_fifo  inv_mpu.o
    0x08005624   0x08005624   0x0000004c   Code   RO         3872    i.mpu_get_accel_fsr  inv_mpu.o
    0x08005670   0x08005670   0x00000054   Code   RO         3874    i.mpu_get_accel_sens  inv_mpu.o
    0x080056c4   0x080056c4   0x00000010   Code   RO         3879    i.mpu_get_fifo_config  inv_mpu.o
    0x080056d4   0x080056d4   0x00000044   Code   RO         3880    i.mpu_get_gyro_fsr  inv_mpu.o
    0x08005718   0x08005718   0x00000050   Code   RO         3882    i.mpu_get_gyro_sens  inv_mpu.o
    0x08005768   0x08005768   0x00000050   Code   RO         3884    i.mpu_get_lpf       inv_mpu.o
    0x080057b8   0x080057b8   0x00000020   Code   RO         3886    i.mpu_get_sample_rate  inv_mpu.o
    0x080057d8   0x080057d8   0x00000190   Code   RO         3888    i.mpu_init          inv_mpu.o
    0x08005968   0x08005968   0x000000b8   Code   RO         3889    i.mpu_load_firmware  inv_mpu.o
    0x08005a20   0x08005a20   0x000000e0   Code   RO         3890    i.mpu_lp_accel_mode  inv_mpu.o
    0x08005b00   0x08005b00   0x000000c0   Code   RO         3893    i.mpu_read_fifo_stream  inv_mpu.o
    0x08005bc0   0x08005bc0   0x00000080   Code   RO         3894    i.mpu_read_mem      inv_mpu.o
    0x08005c40   0x08005c40   0x000001c8   Code   RO         3897    i.mpu_reset_fifo    inv_mpu.o
    0x08005e08   0x08005e08   0x0000011c   Code   RO         3898    i.mpu_run_self_test  inv_mpu.o
    0x08005f24   0x08005f24   0x00000084   Code   RO         3900    i.mpu_set_accel_fsr  inv_mpu.o
    0x08005fa8   0x08005fa8   0x0000014c   Code   RO         3901    i.mpu_set_bypass    inv_mpu.o
    0x080060f4   0x080060f4   0x00000090   Code   RO         3903    i.mpu_set_dmp_state  inv_mpu.o
    0x08006184   0x08006184   0x00000088   Code   RO         3904    i.mpu_set_gyro_fsr  inv_mpu.o
    0x0800620c   0x0800620c   0x0000006c   Code   RO         3905    i.mpu_set_int_latched  inv_mpu.o
    0x08006278   0x08006278   0x00000084   Code   RO         3907    i.mpu_set_lpf       inv_mpu.o
    0x080062fc   0x080062fc   0x0000009c   Code   RO         3908    i.mpu_set_sample_rate  inv_mpu.o
    0x08006398   0x08006398   0x000000d0   Code   RO         3909    i.mpu_set_sensors   inv_mpu.o
    0x08006468   0x08006468   0x00000080   Code   RO         3910    i.mpu_write_mem     inv_mpu.o
    0x080064e8   0x080064e8   0x000009d8   Code   RO         4767    i.pow               m_ws.l(pow.o)
    0x08006ec0   0x08006ec0   0x00000014   Code   RO         3571    i.power             sys.o
    0x08006ed4   0x08006ed4   0x00000094   Code   RO         3911    i.run_self_test     inv_mpu.o
    0x08006f68   0x08006f68   0x00000090   Code   RO         3912    i.set_int_enable    inv_mpu.o
    0x08006ff8   0x08006ff8   0x0000004c   Code   RO         4908    i.sqrt              m_ws.l(sqrt.o)
    0x08007044   0x08007044   0x0000002c   Code   RO         4987    locale$$code        c_w.l(lc_numeric_c.o)
    0x08007070   0x08007070   0x00000062   Code   RO         4680    x$fpl$d2f           fz_ws.l(d2f.o)
    0x080070d2   0x080070d2   0x00000002   PAD
    0x080070d4   0x080070d4   0x00000150   Code   RO         4682    x$fpl$dadd          fz_ws.l(daddsub_clz.o)
    0x08007224   0x08007224   0x00000010   Code   RO         4989    x$fpl$dcheck1       fz_ws.l(dcheck1.o)
    0x08007234   0x08007234   0x00000018   Code   RO         4855    x$fpl$dcmpinf       fz_ws.l(dcmpi.o)
    0x0800724c   0x0800724c   0x000002b0   Code   RO         4689    x$fpl$ddiv          fz_ws.l(ddiv.o)
    0x080074fc   0x080074fc   0x0000005e   Code   RO         4692    x$fpl$dfix          fz_ws.l(dfix.o)
    0x0800755a   0x0800755a   0x00000002   PAD
    0x0800755c   0x0800755c   0x0000005a   Code   RO         4696    x$fpl$dfixu         fz_ws.l(dfixu.o)
    0x080075b6   0x080075b6   0x0000002e   Code   RO         4701    x$fpl$dflt          fz_ws.l(dflt_clz.o)
    0x080075e4   0x080075e4   0x00000078   Code   RO         4706    x$fpl$dleqf         fz_ws.l(dleqf.o)
    0x0800765c   0x0800765c   0x00000154   Code   RO         4708    x$fpl$dmul          fz_ws.l(dmul.o)
    0x080077b0   0x080077b0   0x0000009c   Code   RO         4857    x$fpl$dnaninf       fz_ws.l(dnaninf.o)
    0x0800784c   0x0800784c   0x0000000c   Code   RO         4859    x$fpl$dretinf       fz_ws.l(dretinf.o)
    0x08007858   0x08007858   0x0000006c   Code   RO         4710    x$fpl$drleqf        fz_ws.l(drleqf.o)
    0x080078c4   0x080078c4   0x00000016   Code   RO         4683    x$fpl$drsb          fz_ws.l(daddsub_clz.o)
    0x080078da   0x080078da   0x00000002   PAD
    0x080078dc   0x080078dc   0x000001cc   Code   RO         4991    x$fpl$dsqrt         fz_ws.l(dsqrt_noumaal.o)
    0x08007aa8   0x08007aa8   0x000001d4   Code   RO         4684    x$fpl$dsub          fz_ws.l(daddsub_clz.o)
    0x08007c7c   0x08007c7c   0x00000056   Code   RO         4712    x$fpl$f2d           fz_ws.l(f2d.o)
    0x08007cd2   0x08007cd2   0x00000002   PAD
    0x08007cd4   0x08007cd4   0x000000c4   Code   RO         4714    x$fpl$fadd          fz_ws.l(faddsub_clz.o)
    0x08007d98   0x08007d98   0x00000018   Code   RO         4863    x$fpl$fcmpinf       fz_ws.l(fcmpi.o)
    0x08007db0   0x08007db0   0x00000184   Code   RO         4721    x$fpl$fdiv          fz_ws.l(fdiv.o)
    0x08007f34   0x08007f34   0x00000068   Code   RO         4724    x$fpl$feqf          fz_ws.l(feqf.o)
    0x08007f9c   0x08007f9c   0x00000036   Code   RO         4726    x$fpl$ffix          fz_ws.l(ffix.o)
    0x08007fd2   0x08007fd2   0x00000002   PAD
    0x08007fd4   0x08007fd4   0x0000003e   Code   RO         4730    x$fpl$ffixu         fz_ws.l(ffixu.o)
    0x08008012   0x08008012   0x00000002   PAD
    0x08008014   0x08008014   0x00000030   Code   RO         4735    x$fpl$fflt          fz_ws.l(fflt_clz.o)
    0x08008044   0x08008044   0x00000026   Code   RO         4734    x$fpl$ffltu         fz_ws.l(fflt_clz.o)
    0x0800806a   0x0800806a   0x00000002   PAD
    0x0800806c   0x0800806c   0x00000068   Code   RO         4740    x$fpl$fleqf         fz_ws.l(fleqf.o)
    0x080080d4   0x080080d4   0x00000102   Code   RO         4742    x$fpl$fmul          fz_ws.l(fmul.o)
    0x080081d6   0x080081d6   0x0000008c   Code   RO         4865    x$fpl$fnaninf       fz_ws.l(fnaninf.o)
    0x08008262   0x08008262   0x0000000a   Code   RO         4867    x$fpl$fretinf       fz_ws.l(fretinf.o)
    0x0800826c   0x0800826c   0x00000062   Code   RO         4744    x$fpl$frleqf        fz_ws.l(frleqf.o)
    0x080082ce   0x080082ce   0x00000002   PAD
    0x080082d0   0x080082d0   0x000000ea   Code   RO         4716    x$fpl$fsub          fz_ws.l(faddsub_clz.o)
    0x080083ba   0x080083ba   0x00000004   Code   RO         4746    x$fpl$printf1       fz_ws.l(printf1.o)
    0x080083be   0x080083be   0x00000064   Code   RO         5057    x$fpl$retnan        fz_ws.l(retnan.o)
    0x08008422   0x08008422   0x0000005c   Code   RO         4875    x$fpl$scalbn        fz_ws.l(scalbn.o)
    0x0800847e   0x0800847e   0x00000030   Code   RO         5072    x$fpl$trapveneer    fz_ws.l(trapv.o)
    0x080084ae   0x080084ae   0x00000000   Code   RO         4877    x$fpl$usenofp       fz_ws.l(usenofp.o)
    0x080084ae   0x080084ae   0x00000a34   Data   RO         3511    .constdata          oled_data.o
    0x08008ee2   0x08008ee2   0x00000002   PAD
    0x08008ee4   0x08008ee4   0x00000050   Data   RO         3913    .constdata          inv_mpu.o
    0x08008f34   0x08008f34   0x00000bf6   Data   RO         4227    .constdata          inv_mpu_dmp_motion_driver.o
    0x08009b2a   0x08009b2a   0x00000011   Data   RO         4662    .constdata          c_w.l(__printf_flags_ss_wp.o)
    0x08009b3b   0x08009b3b   0x00000005   PAD
    0x08009b40   0x08009b40   0x00000050   Data   RO         4750    .constdata          m_ws.l(asin.o)
    0x08009b90   0x08009b90   0x00000088   Data   RO         4768    .constdata          m_ws.l(pow.o)
    0x08009c18   0x08009c18   0x00000098   Data   RO         4880    .constdata          m_ws.l(atan.o)
    0x08009cb0   0x08009cb0   0x00000008   Data   RO         4906    .constdata          m_ws.l(qnan.o)
    0x08009cb8   0x08009cb8   0x00000094   Data   RO         4960    .constdata          c_w.l(bigflt0.o)
    0x08009d4c   0x08009d4c   0x00000020   Data   RO         5147    Region$$Table       anon$$obj.o
    0x08009d6c   0x08009d6c   0x0000001c   Data   RO         4986    locale$$data        c_w.l(lc_numeric_c.o)


    Execution Region ER_RW (Exec base: 0x20000000, Load base: 0x08009d88, Size: 0x000000c0, Max: 0xffffffff, ABSOLUTE)

    Exec Addr    Load Addr    Size         Type   Attr      Idx    E Section Name        Object

    0x20000000   0x08009d88   0x00000014   Data   RW         1734    .data               stm32f10x_rcc.o
    0x20000014   0x08009d9c   0x00000008   Data   RW         3687    .data               hc_06.o
    0x2000001c   0x08009da4   0x00000004   Data   RW         3775    .data               hc_sr04.o
    0x20000020   0x08009da8   0x00000035   Data   RW         3914    .data               inv_mpu.o
    0x20000055   0x08009ddd   0x00000003   PAD
    0x20000058   0x08009de0   0x00000068   Data   RW         4578    .data               pid.o


    Execution Region ER_ZI (Exec base: 0x200000c0, Load base: 0x08009e48, Size: 0x00000a90, Max: 0xffffffff, ABSOLUTE)

    Exec Addr    Load Addr    Size         Type   Attr      Idx    E Section Name        Object

    0x200000c0        -       0x00000400   Zero   RW         3296    .bss                oled.o
    0x200004c0        -       0x0000001e   Zero   RW         3686    .bss                hc_06.o
    0x200004de   0x08009e48   0x00000002   PAD
    0x200004e0        -       0x00000010   Zero   RW         4226    .bss                inv_mpu_dmp_motion_driver.o
    0x200004f0        -       0x00000060   Zero   RW         4996    .bss                c_w.l(libspace.o)
    0x20000550        -       0x00000200   Zero   RW         3137    HEAP                startup_stm32f10x_md.o
    0x20000750        -       0x00000400   Zero   RW         3136    STACK               startup_stm32f10x_md.o


==============================================================================

Image component sizes


      Code (inc. data)   RO Data    RW Data    ZI Data      Debug   Object Name

         0          0          0          0          0         32   core_cm3.o
        94          0          0          0          0       1856   delay.o
       348         30          0          0          0       2485   encoder.o
       912         70          0          8         30       4437   hc_06.o
       108         18          0          4          0       1149   hc_sr04.o
      6686        214         80         53          0      29730   inv_mpu.o
      3092        124       3062          0         16      20070   inv_mpu_dmp_motion_driver.o
       200         46          0          0          0        886   main.o
       132         22          0          0          0     254851   misc.o
       698          4          0          0          0       7571   mpu6050.o
       560         78          0          0          0       4892   mpu6050_i2c.o
      1938         58          0          0       1024      12072   oled.o
         0          0       2612          0          0       1074   oled_data.o
       972        230          0        104          0       5445   pid.o
        64         26        236          0       1536        800   startup_stm32f10x_md.o
         0          0          0          0          0       1664   stm32f10x_adc.o
       200         18          0          0          0       4092   stm32f10x_exti.o
       514         10          0          0          0      12716   stm32f10x_gpio.o
        26          0          0          0          0       3722   stm32f10x_it.o
       276         32          0         20          0      12958   stm32f10x_rcc.o
       652         72          0          0          0      28684   stm32f10x_tim.o
       472          6          0          0          0      12467   stm32f10x_usart.o
       196          4          0          0          0       3563   sys.o
       328         28          0          0          0       1893   system_stm32f10x.o
       496         38          0          0          0       2648   tb6612.o

    ----------------------------------------------------------------------
     18990       1128       6024        192       2608     431757   Object Totals
         0          0         32          0          0          0   (incl. Generated)
        26          0          2          3          2          0   (incl. Padding)

    ----------------------------------------------------------------------

      Code (inc. data)   RO Data    RW Data    ZI Data      Debug   Library Member Name

        44          6          0          0          0         84   __2sprintf.o
         8          0          0          0          0         68   __main.o
       392          4         17          0          0         92   __printf_flags_ss_wp.o
        14          0          0          0          0         68   __printf_wp.o
         0          0          0          0          0          0   __rtentry.o
        12          0          0          0          0          0   __rtentry2.o
         6          0          0          0          0          0   __rtentry4.o
        52          8          0          0          0          0   __scatter.o
        26          0          0          0          0          0   __scatter_copy.o
        28          0          0          0          0          0   __scatter_zi.o
        48          6          0          0          0         96   _printf_char_common.o
         6          0          0          0          0          0   _printf_f.o
      1054          0          0          0          0        216   _printf_fp_dec.o
       128         16          0          0          0         84   _printf_fp_infnan.o
         0          0          0          0          0          0   _printf_percent.o
         4          0          0          0          0          0   _printf_percent_end.o
        22          0          0          0          0        100   _rserrno.o
        10          0          0          0          0         68   _sputc.o
        16          0          0          0          0         68   aeabi_memset.o
       228          4        148          0          0         96   bigflt0.o
      1936        128          0          0          0        672   btod.o
        18          0          0          0          0         80   exit.o
         6          0          0          0          0        152   heapauxi.o
         0          0          0          0          0          0   indicate_semi.o
        44         10         28          0          0         76   lc_numeric_c.o
         2          0          0          0          0          0   libinit.o
        18          0          0          0          0          0   libinit2.o
         2          0          0          0          0          0   libshutdown.o
         2          0          0          0          0          0   libshutdown2.o
         8          4          0          0         96         68   libspace.o
        72          0          0          0          0         76   llsdiv.o
       138          0          0          0          0         80   lludiv10.o
       238          0          0          0          0        100   lludivv7m.o
        88          0          0          0          0         76   memcmp.o
         8          4          0          0          0         68   rt_errno_addr_intlibspace.o
         8          4          0          0          0         68   rt_locale_intlibspace.o
        68          0          0          0          0         68   rt_memclr.o
        78          0          0          0          0         80   rt_memclr_w.o
         2          0          0          0          0          0   rtexit.o
        10          0          0          0          0          0   rtexit2.o
       128          0          0          0          0         68   strcmpv7m.o
        62          0          0          0          0         76   strlen.o
        12          4          0          0          0         68   sys_exit.o
        74          0          0          0          0         80   sys_stackheap_outer.o
         2          0          0          0          0         68   use_no_semi.o
        98          4          0          0          0         92   d2f.o
       826         16          0          0          0        348   daddsub_clz.o
        16          4          0          0          0         68   dcheck1.o
        24          0          0          0          0         68   dcmpi.o
       688        140          0          0          0        208   ddiv.o
        94          4          0          0          0         92   dfix.o
        90          4          0          0          0         92   dfixu.o
        46          0          0          0          0         68   dflt_clz.o
       120          4          0          0          0         92   dleqf.o
       340         12          0          0          0        104   dmul.o
       156          4          0          0          0         92   dnaninf.o
        12          0          0          0          0         68   dretinf.o
       108          0          0          0          0         80   drleqf.o
       460         56          0          0          0        120   dsqrt_noumaal.o
        86          4          0          0          0         84   f2d.o
       430          8          0          0          0        168   faddsub_clz.o
        24          0          0          0          0         68   fcmpi.o
       388         76          0          0          0         96   fdiv.o
       104          4          0          0          0         84   feqf.o
        54          4          0          0          0         84   ffix.o
        62          4          0          0          0         84   ffixu.o
        86          0          0          0          0        136   fflt_clz.o
       104          4          0          0          0         84   fleqf.o
       258          4          0          0          0         84   fmul.o
       140          4          0          0          0         84   fnaninf.o
        10          0          0          0          0         68   fretinf.o
        98          0          0          0          0         68   frleqf.o
         4          0          0          0          0         68   printf1.o
       100          0          0          0          0         68   retnan.o
        92          0          0          0          0         68   scalbn.o
        48          0          0          0          0         68   trapv.o
         0          0          0          0          0          0   usenofp.o
       624         52         80          0          0        168   asin.o
       544         70        152          0          0        124   atan.o
       384         38          0          0          0        144   atan2.o
        68         10          0          0          0        408   dunder.o
        40          0          0          0          0         68   fpclassify.o
       170          0          0          0          0         96   poly.o
      2520        190        136          0          0        324   pow.o
         0          0          8          0          0          0   qnan.o
        76          0          0          0          0         84   sqrt.o

    ----------------------------------------------------------------------
     14740        918        574          0         96       7536   Library Totals
        26          0          5          0          0          0   (incl. Padding)

    ----------------------------------------------------------------------

      Code (inc. data)   RO Data    RW Data    ZI Data      Debug   Library Name

      5122        198        193          0         96       3064   c_w.l
      5166        360          0          0          0       3056   fz_ws.l
      4426        360        376          0          0       1416   m_ws.l

    ----------------------------------------------------------------------
     14740        918        574          0         96       7536   Library Totals

    ----------------------------------------------------------------------

==============================================================================


      Code (inc. data)   RO Data    RW Data    ZI Data      Debug   

     33730       2046       6598        192       2704     426185   Grand Totals
     33730       2046       6598        192       2704     426185   ELF Image Totals
     33730       2046       6598        192          0          0   ROM Totals

==============================================================================

    Total RO  Size (Code + RO Data)                40328 (  39.38kB)
    Total RW  Size (RW Data + ZI Data)              2896 (   2.83kB)
    Total ROM Size (Code + RO Data + RW Data)      40520 (  39.57kB)

==============================================================================

