Component: ARM Compiler 5.06 update 5 (build 528) Tool: armlink [4d35e2]

==============================================================================

Section Cross References

    main.o(i.main) refers to controla.o(i.controla_Init) for controla_Init
    main.o(i.main) refers to controlb.o(i.controlb_Init) for controlb_Init
    main.o(i.main) refers to controlc.o(i.controlc_Init) for controlc_Init
    main.o(i.main) refers to controld.o(i.controld_Init) for controld_Init
    main.o(i.main) refers to controle.o(i.controle_Init) for controle_Init
    main.o(i.main) refers to motors.o(i.Motors_Init) for Motors_Init
    main.o(i.main) refers to motorx.o(i.Motorx_Init) for Motorx_Init
    main.o(i.main) refers to motory.o(i.Motory_Init) for Motory_Init
    main.o(i.main) refers to serial.o(i.Serial_Init) for Serial_Init
    main.o(i.main) refers to servoc.o(i.Servoc_Init) for Servoc_Init
    main.o(i.main) refers to servoab.o(i.Servoab_Init) for Servoab_Init
    main.o(i.main) refers to lightsensor.o(i.LightSensor_Init) for LightSensor_Init
    main.o(i.main) refers to led.o(i.LED_Init) for LED_Init
    main.o(i.main) refers to servoab.o(i.Servoa_SetAngle) for Servoa_SetAngle
    main.o(i.main) refers to servoab.o(i.Servob_SetAngle) for Servob_SetAngle
    main.o(i.main) refers to misc.o(i.NVIC_PriorityGroupConfig) for NVIC_PriorityGroupConfig
    main.o(i.main) refers to dynamicmemorytask.o(i.CreateAllTask_Dynamic) for CreateAllTask_Dynamic
    main.o(i.main) refers to tasks.o(i.vTaskStartScheduler) for vTaskStartScheduler
    stm32f10x_adc.o(i.ADC_DeInit) refers to stm32f10x_rcc.o(i.RCC_APB2PeriphResetCmd) for RCC_APB2PeriphResetCmd
    stm32f10x_bkp.o(i.BKP_DeInit) refers to stm32f10x_rcc.o(i.RCC_BackupResetCmd) for RCC_BackupResetCmd
    stm32f10x_can.o(i.CAN_DeInit) refers to stm32f10x_rcc.o(i.RCC_APB1PeriphResetCmd) for RCC_APB1PeriphResetCmd
    stm32f10x_can.o(i.CAN_GetITStatus) refers to stm32f10x_can.o(i.CheckITStatus) for CheckITStatus
    stm32f10x_cec.o(i.CEC_DeInit) refers to stm32f10x_rcc.o(i.RCC_APB1PeriphResetCmd) for RCC_APB1PeriphResetCmd
    stm32f10x_dac.o(i.DAC_DeInit) refers to stm32f10x_rcc.o(i.RCC_APB1PeriphResetCmd) for RCC_APB1PeriphResetCmd
    stm32f10x_flash.o(i.FLASH_EnableWriteProtection) refers to stm32f10x_flash.o(i.FLASH_WaitForLastOperation) for FLASH_WaitForLastOperation
    stm32f10x_flash.o(i.FLASH_EraseAllBank1Pages) refers to stm32f10x_flash.o(i.FLASH_WaitForLastBank1Operation) for FLASH_WaitForLastBank1Operation
    stm32f10x_flash.o(i.FLASH_EraseAllPages) refers to stm32f10x_flash.o(i.FLASH_WaitForLastOperation) for FLASH_WaitForLastOperation
    stm32f10x_flash.o(i.FLASH_EraseOptionBytes) refers to stm32f10x_flash.o(i.FLASH_GetReadOutProtectionStatus) for FLASH_GetReadOutProtectionStatus
    stm32f10x_flash.o(i.FLASH_EraseOptionBytes) refers to stm32f10x_flash.o(i.FLASH_WaitForLastOperation) for FLASH_WaitForLastOperation
    stm32f10x_flash.o(i.FLASH_ErasePage) refers to stm32f10x_flash.o(i.FLASH_WaitForLastOperation) for FLASH_WaitForLastOperation
    stm32f10x_flash.o(i.FLASH_ProgramHalfWord) refers to stm32f10x_flash.o(i.FLASH_WaitForLastOperation) for FLASH_WaitForLastOperation
    stm32f10x_flash.o(i.FLASH_ProgramOptionByteData) refers to stm32f10x_flash.o(i.FLASH_WaitForLastOperation) for FLASH_WaitForLastOperation
    stm32f10x_flash.o(i.FLASH_ProgramWord) refers to stm32f10x_flash.o(i.FLASH_WaitForLastOperation) for FLASH_WaitForLastOperation
    stm32f10x_flash.o(i.FLASH_ReadOutProtection) refers to stm32f10x_flash.o(i.FLASH_WaitForLastOperation) for FLASH_WaitForLastOperation
    stm32f10x_flash.o(i.FLASH_UserOptionByteConfig) refers to stm32f10x_flash.o(i.FLASH_WaitForLastOperation) for FLASH_WaitForLastOperation
    stm32f10x_flash.o(i.FLASH_WaitForLastBank1Operation) refers to stm32f10x_flash.o(i.FLASH_GetBank1Status) for FLASH_GetBank1Status
    stm32f10x_flash.o(i.FLASH_WaitForLastOperation) refers to stm32f10x_flash.o(i.FLASH_GetBank1Status) for FLASH_GetBank1Status
    stm32f10x_gpio.o(i.GPIO_AFIODeInit) refers to stm32f10x_rcc.o(i.RCC_APB2PeriphResetCmd) for RCC_APB2PeriphResetCmd
    stm32f10x_gpio.o(i.GPIO_DeInit) refers to stm32f10x_rcc.o(i.RCC_APB2PeriphResetCmd) for RCC_APB2PeriphResetCmd
    stm32f10x_i2c.o(i.I2C_DeInit) refers to stm32f10x_rcc.o(i.RCC_APB1PeriphResetCmd) for RCC_APB1PeriphResetCmd
    stm32f10x_i2c.o(i.I2C_Init) refers to stm32f10x_rcc.o(i.RCC_GetClocksFreq) for RCC_GetClocksFreq
    stm32f10x_pwr.o(i.PWR_DeInit) refers to stm32f10x_rcc.o(i.RCC_APB1PeriphResetCmd) for RCC_APB1PeriphResetCmd
    stm32f10x_rcc.o(i.RCC_GetClocksFreq) refers to stm32f10x_rcc.o(.data) for APBAHBPrescTable
    stm32f10x_rcc.o(i.RCC_WaitForHSEStartUp) refers to stm32f10x_rcc.o(i.RCC_GetFlagStatus) for RCC_GetFlagStatus
    stm32f10x_rtc.o(i.RTC_SetAlarm) refers to stm32f10x_rtc.o(i.RTC_EnterConfigMode) for RTC_EnterConfigMode
    stm32f10x_rtc.o(i.RTC_SetAlarm) refers to stm32f10x_rtc.o(i.RTC_ExitConfigMode) for RTC_ExitConfigMode
[...]
    xTimerQueue                              0x20000080   Data           4  timers.o(.data)
    xTimerTaskHandle                         0x20000084   Data           4  timers.o(.data)
    xLastTime                                0x20000088   Data           4  timers.o(.data)
    .data                                    0x2000008c   Section       28  heap_4.o(.data)
    xStart                                   0x2000008c   Data           8  heap_4.o(.data)
    pxEnd                                    0x20000094   Data           4  heap_4.o(.data)
    xFreeBytesRemaining                      0x20000098   Data           4  heap_4.o(.data)
    xMinimumEverFreeBytesRemaining           0x2000009c   Data           4  heap_4.o(.data)
    xNumberOfSuccessfulAllocations           0x200000a0   Data           4  heap_4.o(.data)
    xNumberOfSuccessfulFrees                 0x200000a4   Data           4  heap_4.o(.data)
    .data                                    0x200000a8   Section        4  port.o(.data)
    uxCriticalNesting                        0x200000a8   Data           4  port.o(.data)
    .data                                    0x200000ac   Section       12  serial.o(.data)
    RxState                                  0x200000b6   Data           1  serial.o(.data)
    pRxPacket                                0x200000b7   Data           1  serial.o(.data)
    .bss                                     0x200000b8   Section      200  tasks.o(.bss)
    pxReadyTasksLists                        0x200000b8   Data         100  tasks.o(.bss)
    xDelayedTaskList1                        0x2000011c   Data          20  tasks.o(.bss)
    xDelayedTaskList2                        0x20000130   Data          20  tasks.o(.bss)
    xPendingReadyList                        0x20000144   Data          20  tasks.o(.bss)
    xTasksWaitingTermination                 0x20000158   Data          20  tasks.o(.bss)
    xSuspendedTaskList                       0x2000016c   Data          20  tasks.o(.bss)
    .bss                                     0x20000180   Section       40  timers.o(.bss)
    xActiveTimerList1                        0x20000180   Data          20  timers.o(.bss)
    xActiveTimerList2                        0x20000194   Data          20  timers.o(.bss)
    .bss                                     0x200001a8   Section    17408  heap_4.o(.bss)
    ucHeap                                   0x200001a8   Data       17408  heap_4.o(.bss)
    .bss                                     0x200045a8   Section       96  libspace.o(.bss)
    HEAP                                     0x20004608   Section      512  startup_stm32f10x_md.o(HEAP)
    Heap_Mem                                 0x20004608   Data         512  startup_stm32f10x_md.o(HEAP)
    STACK                                    0x20004808   Section     1024  startup_stm32f10x_md.o(STACK)
    Stack_Mem                                0x20004808   Data        1024  startup_stm32f10x_md.o(STACK)
    __initial_sp                             0x20004c08   Data           0  startup_stm32f10x_md.o(STACK)

    Global Symbols

    Symbol Name                              Value     Ov Type        Size  Object(Section)

    BuildAttributes$$THM_ISAv4$P$D$K$B$S$PE$A:L22UL41UL21$X:L11$S22US41US21$IEEE1$IW$USESV6$~STKCKD$USESV7$~SHL$OTIME$ROPI$IEEEJ$EBA8$UX$STANDARDLIB$REQ8$PRES8$EABIv2 0x00000000   Number         0  anon$$obj.o ABSOLUTE
    __ARM_use_no_argv                        0x00000000   Number         0  main.o ABSOLUTE
    _printf_flags                            0x00000000   Number         0  printf_stubs.o ABSOLUTE
    _printf_return_value                     0x00000000   Number         0  printf_stubs.o ABSOLUTE
    _printf_sizespec                         0x00000000   Number         0  printf_stubs.o ABSOLUTE
    _printf_widthprec                        0x00000000   Number         0  printf_stubs.o ABSOLUTE
    __ARM_exceptions_init                     - Undefined Weak Reference
    __alloca_initialize                       - Undefined Weak Reference
    __arm_preinit_                            - Undefined Weak Reference
    __cpp_initialize__aeabi_                  - Undefined Weak Reference
    __cxa_finalize                            - Undefined Weak Reference
    __sigvec_lookup                           - Undefined Weak Reference
    _atexit_init                              - Undefined Weak Reference
    _call_atexit_fns                          - Undefined Weak Reference
    _clock_init                               - Undefined Weak Reference
    _fp_trap_init                             - Undefined Weak Reference
    _fp_trap_shutdown                         - Undefined Weak Reference
    _get_lc_collate                           - Undefined Weak Reference
    _get_lc_monetary                          - Undefined Weak Reference
    _get_lc_time                              - Undefined Weak Reference
    _getenv_init                              - Undefined Weak Reference
    _handle_redirection                       - Undefined Weak Reference
    _init_alloc                               - Undefined Weak Reference
    _init_user_alloc                          - Undefined Weak Reference
    _initio                                   - Undefined Weak Reference
    _printf_mbtowc                            - Undefined Weak Reference
    _printf_wc                                - Undefined Weak Reference
    _rand_init                                - Undefined Weak Reference
    _signal_finish                            - Undefined Weak Reference
    _signal_init                              - Undefined Weak Reference
    _terminate_alloc                          - Undefined Weak Reference
    _terminate_user_alloc                     - Undefined Weak Reference
    _terminateio                              - Undefined Weak Reference
    __Vectors_Size                           0x000000ec   Number         0  startup_stm32f10x_md.o ABSOLUTE
    __Vectors                                0x08000000   Data           4  startup_stm32f10x_md.o(RESET)
    __Vectors_End                            0x080000ec   Data           0  startup_stm32f10x_md.o(RESET)
    __main                                   0x080000ed   Thumb Code     8  __main.o(!!!main)
    __scatterload                            0x080000f5   Thumb Code     0  __scatter.o(!!!scatter)
    __scatterload_rt2                        0x080000f5   Thumb Code    44  __scatter.o(!!!scatter)
    __scatterload_rt2_thumb_only             0x080000f5   Thumb Code     0  __scatter.o(!!!scatter)
    __scatterload_null                       0x08000103   Thumb Code     0  __scatter.o(!!!scatter)
    __scatterload_copy                       0x08000129   Thumb Code    26  __scatter_copy.o(!!handler_copy)
    __scatterload_zeroinit                   0x08000145   Thumb Code    28  __scatter_zi.o(!!handler_zi)
    _printf_n                                0x08000161   Thumb Code     0  _printf_n.o(.ARM.Collect$$_printf_percent$$00000001)
    _printf_percent                          0x08000161   Thumb Code     0  _printf_percent.o(.ARM.Collect$$_printf_percent$$00000000)
    _printf_p                                0x08000167   Thumb Code     0  _printf_p.o(.ARM.Collect$$_printf_percent$$00000002)
    _printf_f                                0x0800016d   Thumb Code     0  _printf_f.o(.ARM.Collect$$_printf_percent$$00000003)
    _printf_e                                0x08000173   Thumb Code     0  _printf_e.o(.ARM.Collect$$_printf_percent$$00000004)
    _printf_g                                0x08000179   Thumb Code     0  _printf_g.o(.ARM.Collect$$_printf_percent$$00000005)
    _printf_a                                0x0800017f   Thumb Code     0  _printf_a.o(.ARM.Collect$$_printf_percent$$00000006)
    _printf_ll                               0x08000185   Thumb Code     0  _printf_ll.o(.ARM.Collect$$_printf_percent$$00000007)
    _printf_i                                0x0800018f   Thumb Code     0  _printf_i.o(.ARM.Collect$$_printf_percent$$00000008)
    _printf_d                                0x08000195   Thumb Code     0  _printf_d.o(.ARM.Collect$$_printf_percent$$00000009)
    _printf_u                                0x0800019b   Thumb Code     0  _printf_u.o(.ARM.Collect$$_printf_percent$$0000000A)
    _printf_o                                0x080001a1   Thumb Code     0  _printf_o.o(.ARM.Collect$$_printf_percent$$0000000B)
    _printf_x                                0x080001a7   Thumb Code     0  _printf_x.o(.ARM.Collect$$_printf_percent$$0000000C)
    _printf_lli                              0x080001ad   Thumb Code     0  _printf_lli.o(.ARM.Collect$$_printf_percent$$0000000D)
    _printf_lld                              0x080001b3   Thumb Code     0  _printf_lld.o(.ARM.Collect$$_printf_percent$$0000000E)
    _printf_llu                              0x080001b9   Thumb Code     0  _printf_llu.o(.ARM.Collect$$_printf_percent$$0000000F)
    _printf_llo                              0x080001bf   Thumb Code     0  _printf_llo.o(.ARM.Collect$$_printf_percent$$00000010)
    _printf_llx                              0x080001c5   Thumb Code     0  _printf_llx.o(.ARM.Collect$$_printf_percent$$00000011)
    _printf_l                                0x080001cb   Thumb Code     0  _printf_l.o(.ARM.Collect$$_printf_percent$$00000012)
    _printf_c                                0x080001d5   Thumb Code     0  _printf_c.o(.ARM.Collect$$_printf_percent$$00000013)
    _printf_s                                0x080001db   Thumb Code     0  _printf_s.o(.ARM.Collect$$_printf_percent$$00000014)
    _printf_lc                               0x080001e1   Thumb Code     0  _printf_lc.o(.ARM.Collect$$_printf_percent$$00000015)
    _printf_ls                               0x080001e7   Thumb Code     0  _printf_ls.o(.ARM.Collect$$_printf_percent$$00000016)
    _printf_percent_end                      0x080001ed   Thumb Code     0  _printf_percent_end.o(.ARM.Collect$$_printf_percent$$00000017)
    __rt_lib_init                            0x080001f1   Thumb Code     0  libinit.o(.ARM.Collect$$libinit$$00000000)
    __rt_lib_init_fp_1                       0x080001f3   Thumb Code     0  libinit2.o(.ARM.Collect$$libinit$$00000002)
    __rt_lib_init_heap_1                     0x080001f3   Thumb Code     0  libinit2.o(.ARM.Collect$$libinit$$0000000A)
    __rt_lib_init_lc_common                  0x080001f3   Thumb Code     0  libinit2.o(.ARM.Collect$$libinit$$0000000F)
    __rt_lib_init_preinit_1                  0x080001f3   Thumb Code     0  libinit2.o(.ARM.Collect$$libinit$$00000004)
    __rt_lib_init_rand_1                     0x080001f3   Thumb Code     0  libinit2.o(.ARM.Collect$$libinit$$0000000E)
    __rt_lib_init_user_alloc_1               0x080001f3   Thumb Code     0  libinit2.o(.ARM.Collect$$libinit$$0000000C)
    __rt_lib_init_lc_collate_1               0x080001f9   Thumb Code     0  libinit2.o(.ARM.Collect$$libinit$$00000011)
    __rt_lib_init_lc_ctype_2                 0x080001f9   Thumb Code     0  libinit2.o(.ARM.Collect$$libinit$$00000012)
    __rt_lib_init_lc_ctype_1                 0x08000205   Thumb Code     0  libinit2.o(.ARM.Collect$$libinit$$00000013)
    __rt_lib_init_lc_monetary_1              0x08000205   Thumb Code     0  libinit2.o(.ARM.Collect$$libinit$$00000015)
    __rt_lib_init_lc_numeric_2               0x08000205   Thumb Code     0  libinit2.o(.ARM.Collect$$libinit$$00000016)
    __rt_lib_init_alloca_1                   0x0800020f   Thumb Code     0  libinit2.o(.ARM.Collect$$libinit$$0000002E)
    __rt_lib_init_argv_1                     0x0800020f   Thumb Code     0  libinit2.o(.ARM.Collect$$libinit$$0000002C)
    __rt_lib_init_atexit_1                   0x0800020f   Thumb Code     0  libinit2.o(.ARM.Collect$$libinit$$0000001B)
    __rt_lib_init_clock_1                    0x0800020f   Thumb Code     0  libinit2.o(.ARM.Collect$$libinit$$00000021)
    __rt_lib_init_cpp_1                      0x0800020f   Thumb Code     0  libinit2.o(.ARM.Collect$$libinit$$00000032)
    __rt_lib_init_exceptions_1               0x0800020f   Thumb Code     0  libinit2.o(.ARM.Collect$$libinit$$00000030)
    __rt_lib_init_fp_trap_1                  0x0800020f   Thumb Code     0  libinit2.o(.ARM.Collect$$libinit$$0000001F)
    __rt_lib_init_getenv_1                   0x0800020f   Thumb Code     0  libinit2.o(.ARM.Collect$$libinit$$00000023)
    __rt_lib_init_lc_numeric_1               0x0800020f   Thumb Code     0  libinit2.o(.ARM.Collect$$libinit$$00000017)
    __rt_lib_init_lc_time_1                  0x0800020f   Thumb Code     0  libinit2.o(.ARM.Collect$$libinit$$00000019)
    __rt_lib_init_return                     0x0800020f   Thumb Code     0  libinit2.o(.ARM.Collect$$libinit$$00000033)
    __rt_lib_init_signal_1                   0x0800020f   Thumb Code     0  libinit2.o(.ARM.Collect$$libinit$$0000001D)
    __rt_lib_init_stdio_1                    0x0800020f   Thumb Code     0  libinit2.o(.ARM.Collect$$libinit$$00000025)
    __rt_lib_shutdown                        0x08000211   Thumb Code     0  libshutdown.o(.ARM.Collect$$libshutdown$$00000000)
    __rt_lib_shutdown_cpp_1                  0x08000213   Thumb Code     0  libshutdown2.o(.ARM.Collect$$libshutdown$$00000002)
    __rt_lib_shutdown_fp_trap_1              0x08000213   Thumb Code     0  libshutdown2.o(.ARM.Collect$$libshutdown$$00000007)
    __rt_lib_shutdown_heap_1                 0x08000213   Thumb Code     0  libshutdown2.o(.ARM.Collect$$libshutdown$$0000000F)
    __rt_lib_shutdown_return                 0x08000213   Thumb Code     0  libshutdown2.o(.ARM.Collect$$libshutdown$$00000010)
    __rt_lib_shutdown_signal_1               0x08000213   Thumb Code     0  libshutdown2.o(.ARM.Collect$$libshutdown$$0000000A)
    __rt_lib_shutdown_stdio_1                0x08000213   Thumb Code     0  libshutdown2.o(.ARM.Collect$$libshutdown$$00000004)
    __rt_lib_shutdown_user_alloc_1           0x08000213   Thumb Code     0  libshutdown2.o(.ARM.Collect$$libshutdown$$0000000C)
    __rt_entry                               0x08000215   Thumb Code     0  __rtentry.o(.ARM.Collect$$rtentry$$00000000)
    __rt_entry_presh_1                       0x08000215   Thumb Code     0  __rtentry2.o(.ARM.Collect$$rtentry$$00000002)
    __rt_entry_sh                            0x08000215   Thumb Code     0  __rtentry4.o(.ARM.Collect$$rtentry$$00000004)
    __rt_entry_li                            0x0800021b   Thumb Code     0  __rtentry2.o(.ARM.Collect$$rtentry$$0000000A)
    __rt_entry_postsh_1                      0x0800021b   Thumb Code     0  __rtentry2.o(.ARM.Collect$$rtentry$$00000009)
    __rt_entry_main                          0x0800021f   Thumb Code     0  __rtentry2.o(.ARM.Collect$$rtentry$$0000000D)
    __rt_entry_postli_1                      0x0800021f   Thumb Code     0  __rtentry2.o(.ARM.Collect$$rtentry$$0000000C)
    __rt_exit                                0x08000227   Thumb Code     0  rtexit.o(.ARM.Collect$$rtexit$$00000000)
    __rt_exit_ls                             0x08000229   Thumb Code     0  rtexit2.o(.ARM.Collect$$rtexit$$00000003)
    __rt_exit_prels_1                        0x08000229   Thumb Code     0  rtexit2.o(.ARM.Collect$$rtexit$$00000002)
    __rt_exit_exit                           0x0800022d   Thumb Code     0  rtexit2.o(.ARM.Collect$$rtexit$$00000004)
    SVC_Handler                              0x08000235   Thumb Code    32  port.o(.emb_text)
    __asm___6_port_c_39a90d8d__prvStartFirstTask 0x08000259   Thumb Code    28  port.o(.emb_text)
    PendSV_Handler                           0x08000279   Thumb Code    72  port.o(.emb_text)
    vPortGetIPSR                             0x080002c5   Thumb Code     6  port.o(.emb_text)
    Reset_Handler                            0x080002cd   Thumb Code     8  startup_stm32f10x_md.o(.text)
    ADC1_2_IRQHandler                        0x080002e7   Thumb Code     0  startup_stm32f10x_md.o(.text)
    CAN1_RX1_IRQHandler                      0x080002e7   Thumb Code     0  startup_stm32f10x_md.o(.text)
    CAN1_SCE_IRQHandler                      0x080002e7   Thumb Code     0  startup_stm32f10x_md.o(.text)
    DMA1_Channel1_IRQHandler                 0x080002e7   Thumb Code     0  startup_stm32f10x_md.o(.text)
    DMA1_Channel2_IRQHandler                 0x080002e7   Thumb Code     0  startup_stm32f10x_md.o(.text)
    DMA1_Channel3_IRQHandler                 0x080002e7   Thumb Code     0  startup_stm32f10x_md.o(.text)
    DMA1_Channel4_IRQHandler                 0x080002e7   Thumb Code     0  startup_stm32f10x_md.o(.text)
    DMA1_Channel5_IRQHandler                 0x080002e7   Thumb Code     0  startup_stm32f10x_md.o(.text)
    DMA1_Channel6_IRQHandler                 0x080002e7   Thumb Code     0  startup_stm32f10x_md.o(.text)
    DMA1_Channel7_IRQHandler                 0x080002e7   Thumb Code     0  startup_stm32f10x_md.o(.text)
    EXTI0_IRQHandler                         0x080002e7   Thumb Code     0  startup_stm32f10x_md.o(.text)
    EXTI15_10_IRQHandler                     0x080002e7   Thumb Code     0  startup_stm32f10x_md.o(.text)
    EXTI1_IRQHandler                         0x080002e7   Thumb Code     0  startup_stm32f10x_md.o(.text)
    EXTI2_IRQHandler                         0x080002e7   Thumb Code     0  startup_stm32f10x_md.o(.text)
    EXTI3_IRQHandler                         0x080002e7   Thumb Code     0  startup_stm32f10x_md.o(.text)
    EXTI4_IRQHandler                         0x080002e7   Thumb Code     0  startup_stm32f10x_md.o(.text)
    EXTI9_5_IRQHandler                       0x080002e7   Thumb Code     0  startup_stm32f10x_md.o(.text)
    FLASH_IRQHandler                         0x080002e7   Thumb Code     0  startup_stm32f10x_md.o(.text)
    I2C1_ER_IRQHandler                       0x080002e7   Thumb Code     0  startup_stm32f10x_md.o(.text)
    I2C1_EV_IRQHandler                       0x080002e7   Thumb Code     0  startup_stm32f10x_md.o(.text)
    I2C2_ER_IRQHandler                       0x080002e7   Thumb Code     0  startup_stm32f10x_md.o(.text)
    I2C2_EV_IRQHandler                       0x080002e7   Thumb Code     0  startup_stm32f10x_md.o(.text)
    PVD_IRQHandler                           0x080002e7   Thumb Code     0  startup_stm32f10x_md.o(.text)
    RCC_IRQHandler                           0x080002e7   Thumb Code     0  startup_stm32f10x_md.o(.text)
    RTCAlarm_IRQHandler                      0x080002e7   Thumb Code     0  startup_stm32f10x_md.o(.text)
    RTC_IRQHandler                           0x080002e7   Thumb Code     0  startup_stm32f10x_md.o(.text)
    SPI1_IRQHandler                          0x080002e7   Thumb Code     0  startup_stm32f10x_md.o(.text)
    SPI2_IRQHandler                          0x080002e7   Thumb Code     0  startup_stm32f10x_md.o(.text)
    TAMPER_IRQHandler                        0x080002e7   Thumb Code     0  startup_stm32f10x_md.o(.text)
    TIM1_BRK_IRQHandler                      0x080002e7   Thumb Code     0  startup_stm32f10x_md.o(.text)
    TIM1_CC_IRQHandler                       0x080002e7   Thumb Code     0  startup_stm32f10x_md.o(.text)
    TIM1_TRG_COM_IRQHandler                  0x080002e7   Thumb Code     0  startup_stm32f10x_md.o(.text)
    TIM1_UP_IRQHandler                       0x080002e7   Thumb Code     0  startup_stm32f10x_md.o(.text)
    TIM2_IRQHandler                          0x080002e7   Thumb Code     0  startup_stm32f10x_md.o(.text)
    TIM3_IRQHandler                          0x080002e7   Thumb Code     0  startup_stm32f10x_md.o(.text)
    TIM4_IRQHandler                          0x080002e7   Thumb Code     0  startup_stm32f10x_md.o(.text)
    USART2_IRQHandler                        0x080002e7   Thumb Code     0  startup_stm32f10x_md.o(.text)
    USART3_IRQHandler                        0x080002e7   Thumb Code     0  startup_stm32f10x_md.o(.text)
    USBWakeUp_IRQHandler                     0x080002e7   Thumb Code     0  startup_stm32f10x_md.o(.text)
    USB_HP_CAN1_TX_IRQHandler                0x080002e7   Thumb Code     0  startup_stm32f10x_md.o(.text)
    USB_LP_CAN1_RX0_IRQHandler               0x080002e7   Thumb Code     0  startup_stm32f10x_md.o(.text)
    WWDG_IRQHandler                          0x080002e7   Thumb Code     0  startup_stm32f10x_md.o(.text)
    __user_initial_stackheap                 0x080002e9   Thumb Code     0  startup_stm32f10x_md.o(.text)
    vsprintf                                 0x0800030d   Thumb Code    32  vsprintf.o(.text)
    __aeabi_memcpy                           0x08000331   Thumb Code     0  rt_memcpy_v6.o(.text)
    __rt_memcpy                              0x08000331   Thumb Code   138  rt_memcpy_v6.o(.text)
    _memcpy_lastbytes                        0x08000397   Thumb Code     0  rt_memcpy_v6.o(.text)
    __aeabi_memset                           0x080003bb   Thumb Code    16  aeabi_memset.o(.text)
    __aeabi_memclr                           0x080003cb   Thumb Code     0  rt_memclr.o(.text)
    __rt_memclr                              0x080003cb   Thumb Code    68  rt_memclr.o(.text)
    _memset                                  0x080003cf   Thumb Code     0  rt_memclr.o(.text)
    __aeabi_memclr4                          0x0800040f   Thumb Code     0  rt_memclr_w.o(.text)
    __aeabi_memclr8                          0x0800040f   Thumb Code     0  rt_memclr_w.o(.text)
    __rt_memclr_w                            0x0800040f   Thumb Code    78  rt_memclr_w.o(.text)
    _memset_w                                0x08000413   Thumb Code     0  rt_memclr_w.o(.text)
    __use_two_region_memory                  0x0800045d   Thumb Code     2  heapauxi.o(.text)
    __rt_heap_escrow$2region                 0x0800045f   Thumb Code     2  heapauxi.o(.text)
    __rt_heap_expand$2region                 0x08000461   Thumb Code     2  heapauxi.o(.text)
    _printf_pre_padding                      0x08000463   Thumb Code    44  _printf_pad.o(.text)
    _printf_post_padding                     0x0800048f   Thumb Code    34  _printf_pad.o(.text)
    _printf_truncate_signed                  0x080004b1   Thumb Code    18  _printf_truncate.o(.text)
    _printf_truncate_unsigned                0x080004c3   Thumb Code    18  _printf_truncate.o(.text)
    _printf_str                              0x080004d5   Thumb Code    82  _printf_str.o(.text)
    _printf_int_dec                          0x08000529   Thumb Code   104  _printf_dec.o(.text)
    _printf_charcount                        0x080005a1   Thumb Code    40  _printf_charcount.o(.text)
    _printf_char_common                      0x080005d3   Thumb Code    32  _printf_char_common.o(.text)
    _sputc                                   0x080005f9   Thumb Code    10  _sputc.o(.text)
    _printf_wctomb                           0x08000605   Thumb Code   182  _printf_wctomb.o(.text)
    _printf_longlong_dec                     0x080006c1   Thumb Code   108  _printf_longlong_dec.o(.text)
    _printf_longlong_oct                     0x0800073d   Thumb Code    66  _printf_oct_int_ll.o(.text)
    _printf_int_oct                          0x0800077f   Thumb Code    24  _printf_oct_int_ll.o(.text)
    _printf_ll_oct                           0x08000797   Thumb Code    12  _printf_oct_int_ll.o(.text)
    _printf_longlong_hex                     0x080007ad   Thumb Code    86  _printf_hex_int_ll_ptr.o(.text)
    _printf_int_hex                          0x08000803   Thumb Code    28  _printf_hex_int_ll_ptr.o(.text)
    _printf_ll_hex                           0x0800081f   Thumb Code    12  _printf_hex_int_ll_ptr.o(.text)
    _printf_hex_ptr                          0x0800082b   Thumb Code    18  _printf_hex_int_ll_ptr.o(.text)
    __printf                                 0x08000841   Thumb Code   388  __printf_flags_ss_wp.o(.text)
    __aeabi_memcpy4                          0x080009c9   Thumb Code     0  rt_memcpy_w.o(.text)
    __aeabi_memcpy8                          0x080009c9   Thumb Code     0  rt_memcpy_w.o(.text)
    __rt_memcpy_w                            0x080009c9   Thumb Code   100  rt_memcpy_w.o(.text)
    _memcpy_lastbytes_aligned                0x08000a11   Thumb Code     0  rt_memcpy_w.o(.text)
    _ll_udiv10                               0x08000a2d   Thumb Code   138  lludiv10.o(.text)
    _printf_int_common                       0x08000ab7   Thumb Code   178  _printf_intcommon.o(.text)
    __lib_sel_fp_printf                      0x08000b69   Thumb Code     2  _printf_fp_dec.o(.text)
    _printf_fp_dec_real                      0x08000d1b   Thumb Code   620  _printf_fp_dec.o(.text)
    _printf_fp_hex_real                      0x08000f89   Thumb Code   756  _printf_fp_hex.o(.text)
    _printf_cs_common                        0x08001285   Thumb Code    20  _printf_char.o(.text)
    _printf_char                             0x08001299   Thumb Code    16  _printf_char.o(.text)
    _printf_string                           0x080012a9   Thumb Code     8  _printf_char.o(.text)
    _printf_lcs_common                       0x080012b1   Thumb Code    20  _printf_wchar.o(.text)
    _printf_wchar                            0x080012c5   Thumb Code    16  _printf_wchar.o(.text)
    _printf_wstring                          0x080012d5   Thumb Code     8  _printf_wchar.o(.text)
    _wcrtomb                                 0x080012dd   Thumb Code    64  _wcrtomb.o(.text)
    __user_setup_stackheap                   0x0800131d   Thumb Code    74  sys_stackheap_outer.o(.text)
    __rt_ctype_table                         0x08001369   Thumb Code    16  rt_ctype_table.o(.text)
    __rt_locale                              0x08001379   Thumb Code     8  rt_locale_intlibspace.o(.text)
    _printf_fp_infnan                        0x08001381   Thumb Code   112  _printf_fp_infnan.o(.text)
    _btod_etento                             0x08001401   Thumb Code   224  bigflt0.o(.text)
    exit                                     0x080014e5   Thumb Code    18  exit.o(.text)
    __user_libspace                          0x080014f9   Thumb Code     8  libspace.o(.text)
    __user_perproc_libspace                  0x080014f9   Thumb Code     0  libspace.o(.text)
    __user_perthread_libspace                0x080014f9   Thumb Code     0  libspace.o(.text)
    strcmp                                   0x08001501   Thumb Code   128  strcmpv7m.o(.text)
    _sys_exit                                0x08001581   Thumb Code     8  sys_exit.o(.text)
    __I$use$semihosting                      0x0800158d   Thumb Code     0  use_no_semi.o(.text)
    __use_no_semihosting_swi                 0x0800158d   Thumb Code     2  use_no_semi.o(.text)
    __semihosting_library_function           0x0800158f   Thumb Code     0  indicate_semi.o(.text)
    _btod_d2e                                0x0800158f   Thumb Code    62  btod.o(CL$$btod_d2e)
    _d2e_denorm_low                          0x080015cd   Thumb Code    70  btod.o(CL$$btod_d2e_denorm_low)
    _d2e_norm_op1                            0x08001613   Thumb Code    96  btod.o(CL$$btod_d2e_norm_op1)
    __btod_div_common                        0x08001673   Thumb Code   696  btod.o(CL$$btod_div_common)
    _e2e                                     0x080019ab   Thumb Code   220  btod.o(CL$$btod_e2e)
    _btod_ediv                               0x08001a87   Thumb Code    42  btod.o(CL$$btod_ediv)
    _btod_emul                               0x08001ab1   Thumb Code    42  btod.o(CL$$btod_emul)
    __btod_mult_common                       0x08001adb   Thumb Code   580  btod.o(CL$$btod_mult_common)
    BusFault_Handler                         0x08001e29   Thumb Code     4  stm32f10x_it.o(i.BusFault_Handler)
    CreateAllTask_Dynamic                    0x08001e2d   Thumb Code    38  dynamicmemorytask.o(i.CreateAllTask_Dynamic)
    DebugMon_Handler                         0x08001e6d   Thumb Code     2  stm32f10x_it.o(i.DebugMon_Handler)
    GPIO_Init                                0x08001f41   Thumb Code   278  stm32f10x_gpio.o(i.GPIO_Init)
    GPIO_ReadInputDataBit                    0x08002057   Thumb Code    18  stm32f10x_gpio.o(i.GPIO_ReadInputDataBit)
    GPIO_ResetBits                           0x08002069   Thumb Code     4  stm32f10x_gpio.o(i.GPIO_ResetBits)
    GPIO_SetBits                             0x0800206d   Thumb Code     4  stm32f10x_gpio.o(i.GPIO_SetBits)
    HardFault_Handler                        0x08002071   Thumb Code     4  stm32f10x_it.o(i.HardFault_Handler)
    LED1_OFF                                 0x08002075   Thumb Code    12  led.o(i.LED1_OFF)
    LED_Init                                 0x08002085   Thumb Code    46  led.o(i.LED_Init)
    LightSensor_Get1                         0x080020bd   Thumb Code    14  lightsensor.o(i.LightSensor_Get1)
    LightSensor_Init                         0x080020d1   Thumb Code    40  lightsensor.o(i.LightSensor_Init)
    MemManage_Handler                        0x080020fd   Thumb Code     4  stm32f10x_it.o(i.MemManage_Handler)
    Motors_Init                              0x08002101   Thumb Code    58  motors.o(i.Motors_Init)
    Motors_Run                               0x08002141   Thumb Code    96  motors.o(i.Motors_Run)
    Motorx_Init                              0x080021a5   Thumb Code    54  motorx.o(i.Motorx_Init)
    Motorx_Run                               0x080021e1   Thumb Code    96  motorx.o(i.Motorx_Run)
    Motory_Init                              0x08002245   Thumb Code    54  motory.o(i.Motory_Init)
    Motory_Run                               0x08002281   Thumb Code    96  motory.o(i.Motory_Run)
    NMI_Handler                              0x080022e5   Thumb Code     2  stm32f10x_it.o(i.NMI_Handler)
    NVIC_Init                                0x080022e9   Thumb Code   100  misc.o(i.NVIC_Init)
    NVIC_PriorityGroupConfig                 0x08002359   Thumb Code    10  misc.o(i.NVIC_PriorityGroupConfig)
    PWMAB_Init                               0x0800236d   Thumb Code   146  pwmab.o(i.PWMAB_Init)
    PWMA_SetCompare4                         0x08002409   Thumb Code    14  pwmab.o(i.PWMA_SetCompare4)
    PWMB_SetCompare3                         0x0800241d   Thumb Code    14  pwmab.o(i.PWMB_SetCompare3)
    PWMC_Init                                0x08002431   Thumb Code   146  pwmc.o(i.PWMC_Init)
    PWMC_SetCompare2                         0x080024c9   Thumb Code    16  pwmc.o(i.PWMC_SetCompare2)
    RCC_APB1PeriphClockCmd                   0x0800252d   Thumb Code    26  stm32f10x_rcc.o(i.RCC_APB1PeriphClockCmd)
    RCC_APB2PeriphClockCmd                   0x0800254d   Thumb Code    26  stm32f10x_rcc.o(i.RCC_APB2PeriphClockCmd)
    RCC_GetClocksFreq                        0x0800256d   Thumb Code   192  stm32f10x_rcc.o(i.RCC_GetClocksFreq)
    Serial_Init                              0x080026a1   Thumb Code   174  serial.o(i.Serial_Init)
    Serial_Printf                            0x08002759   Thumb Code    36  serial.o(i.Serial_Printf)
    Serial_SendArray                         0x0800277d   Thumb Code    26  serial.o(i.Serial_SendArray)
    Serial_SendByte                          0x08002799   Thumb Code    28  serial.o(i.Serial_SendByte)
    Serial_SendPacket                        0x080027b9   Thumb Code    12  serial.o(i.Serial_SendPacket)
    Serial_SendString                        0x080027c9   Thumb Code    26  serial.o(i.Serial_SendString)
    Servoa_SetAngle                          0x080027e5   Thumb Code    48  servoab.o(i.Servoa_SetAngle)
    Servoab_Init                             0x08002821   Thumb Code     8  servoab.o(i.Servoab_Init)
    Servob_SetAngle                          0x08002829   Thumb Code    48  servoab.o(i.Servob_SetAngle)
    Servoc_Init                              0x08002865   Thumb Code     8  servoc.o(i.Servoc_Init)
    Servoc_SetAngle                          0x0800286d   Thumb Code    48  servoc.o(i.Servoc_SetAngle)
    StopWork                                 0x08002991   Thumb Code    68  dynamicmemorytask.o(i.StopWork)
    SysTick_Handler                          0x080029dd   Thumb Code    46  port.o(i.SysTick_Handler)
    SystemInit                               0x08002a11   Thumb Code    78  system_stm32f10x.o(i.SystemInit)
    TIM_Cmd                                  0x08002a71   Thumb Code    24  stm32f10x_tim.o(i.TIM_Cmd)
    TIM_InternalClockConfig                  0x08002a89   Thumb Code    12  stm32f10x_tim.o(i.TIM_InternalClockConfig)
    TIM_OC2Init                              0x08002a95   Thumb Code   154  stm32f10x_tim.o(i.TIM_OC2Init)
    TIM_OC3Init                              0x08002b39   Thumb Code   150  stm32f10x_tim.o(i.TIM_OC3Init)
    TIM_OC4Init                              0x08002bd9   Thumb Code   114  stm32f10x_tim.o(i.TIM_OC4Init)
    TIM_OCStructInit                         0x08002c55   Thumb Code    20  stm32f10x_tim.o(i.TIM_OCStructInit)
    TIM_SetCompare2                          0x08002c69   Thumb Code     4  stm32f10x_tim.o(i.TIM_SetCompare2)
    TIM_SetCompare3                          0x08002c6d   Thumb Code     4  stm32f10x_tim.o(i.TIM_SetCompare3)
    TIM_SetCompare4                          0x08002c71   Thumb Code     6  stm32f10x_tim.o(i.TIM_SetCompare4)
    TIM_TimeBaseInit                         0x08002c79   Thumb Code   122  stm32f10x_tim.o(i.TIM_TimeBaseInit)
    USART1_IRQHandler                        0x08003111   Thumb Code   164  serial.o(i.USART1_IRQHandler)
    USART_ClearITPendingBit                  0x080031d1   Thumb Code    30  stm32f10x_usart.o(i.USART_ClearITPendingBit)
    USART_Cmd                                0x080031ef   Thumb Code    24  stm32f10x_usart.o(i.USART_Cmd)
    USART_GetFlagStatus                      0x08003207   Thumb Code    26  stm32f10x_usart.o(i.USART_GetFlagStatus)
    USART_GetITStatus                        0x08003221   Thumb Code    84  stm32f10x_usart.o(i.USART_GetITStatus)
    USART_ITConfig                           0x08003275   Thumb Code    74  stm32f10x_usart.o(i.USART_ITConfig)
    USART_Init                               0x080032c1   Thumb Code   210  stm32f10x_usart.o(i.USART_Init)
    USART_ReceiveData                        0x08003399   Thumb Code    10  stm32f10x_usart.o(i.USART_ReceiveData)
    USART_SendData                           0x080033a3   Thumb Code     8  stm32f10x_usart.o(i.USART_SendData)
    UsageFault_Handler                       0x080033ab   Thumb Code     4  stm32f10x_it.o(i.UsageFault_Handler)
    __ARM_fpclassify                         0x080033af   Thumb Code    40  fpclassify.o(i.__ARM_fpclassify)
    _is_digit                                0x080033d7   Thumb Code    14  __printf_wp.o(i._is_digit)
    controla_Init                            0x080033e5   Thumb Code    38  controla.o(i.controla_Init)
    controlahigh                             0x08003411   Thumb Code    36  controla.o(i.controlahigh)
    controlalow                              0x08003439   Thumb Code    36  controla.o(i.controlalow)
    controlastop                             0x08003461   Thumb Code    36  controla.o(i.controlastop)
    controlb_Init                            0x08003489   Thumb Code    40  controlb.o(i.controlb_Init)
    controlbhigh                             0x080034b5   Thumb Code    42  controlb.o(i.controlbhigh)
    controlbstop                             0x080034e5   Thumb Code    42  controlb.o(i.controlbstop)
    controlc_Init                            0x08003515   Thumb Code    40  controlc.o(i.controlc_Init)
    controlchigh                             0x08003541   Thumb Code    44  controlc.o(i.controlchigh)
    controlclow                              0x08003571   Thumb Code    44  controlc.o(i.controlclow)
    controlcstop                             0x080035a1   Thumb Code    44  controlc.o(i.controlcstop)
    controld_Init                            0x080035d1   Thumb Code    40  controld.o(i.controld_Init)
    controldhigh                             0x080035fd   Thumb Code    40  controld.o(i.controldhigh)
    controldlow                              0x08003629   Thumb Code    40  controld.o(i.controldlow)
    controldstop                             0x08003655   Thumb Code    40  controld.o(i.controldstop)
    controle_Init                            0x08003681   Thumb Code    38  controle.o(i.controle_Init)
    controlehigh                             0x080036ad   Thumb Code    36  controle.o(i.controlehigh)
    controlelow                              0x080036d5   Thumb Code    36  controle.o(i.controlelow)
    controlestop                             0x080036fd   Thumb Code    36  controle.o(i.controlestop)
    main                                     0x08003725   Thumb Code    86  main.o(i.main)
    pvPortMalloc                             0x08004111   Thumb Code   218  heap_4.o(i.pvPortMalloc)
    pvTaskIncrementMutexHeldCount            0x08004201   Thumb Code    26  tasks.o(i.pvTaskIncrementMutexHeldCount)
    pxPortInitialiseStack                    0x08004221   Thumb Code    30  port.o(i.pxPortInitialiseStack)
    uxListRemove                             0x08004245   Thumb Code    40  list.o(i.uxListRemove)
    uxTaskGetNumberOfTasks                   0x0800426d   Thumb Code     6  tasks.o(i.uxTaskGetNumberOfTasks)
    uxTaskResetEventItemValue                0x08004279   Thumb Code    24  tasks.o(i.uxTaskResetEventItemValue)
    vApplicationMallocFailedHook             0x08004295   Thumb Code     4  tasks.o(i.vApplicationMallocFailedHook)
    vApplicationStackOverflowHook            0x08004299   Thumb Code    20  tasks.o(i.vApplicationStackOverflowHook)
    vListInitialise                          0x080042cd   Thumb Code    26  list.o(i.vListInitialise)
    vListInitialiseItem                      0x080042e7   Thumb Code     6  list.o(i.vListInitialiseItem)
    vListInsert                              0x080042ed   Thumb Code    52  list.o(i.vListInsert)
    vListInsertEnd                           0x08004321   Thumb Code    24  list.o(i.vListInsertEnd)
    vPortEnterCritical                       0x08004339   Thumb Code    30  port.o(i.vPortEnterCritical)
    vPortExitCritical                        0x0800435d   Thumb Code    28  port.o(i.vPortExitCritical)
    vPortFree                                0x0800437d   Thumb Code    68  heap_4.o(i.vPortFree)
    vPortSetupTimerInterrupt                 0x080043c9   Thumb Code    20  port.o(i.vPortSetupTimerInterrupt)
    vQueueWaitForMessageRestricted           0x080043e1   Thumb Code    74  queue.o(i.vQueueWaitForMessageRestricted)
    vTaskDelay                               0x0800442d   Thumb Code    46  tasks.o(i.vTaskDelay)
    vTaskDelete                              0x08004461   Thumb Code   174  tasks.o(i.vTaskDelete)
    vTaskInternalSetTimeOutState             0x08004535   Thumb Code    14  tasks.o(i.vTaskInternalSetTimeOutState)
    vTaskMissedYield                         0x0800454d   Thumb Code     8  tasks.o(i.vTaskMissedYield)
    vTaskPlaceOnEventList                    0x08004559   Thumb Code    28  tasks.o(i.vTaskPlaceOnEventList)
    vTaskPlaceOnEventListRestricted          0x08004579   Thumb Code    70  tasks.o(i.vTaskPlaceOnEventListRestricted)
    vTaskPlaceOnUnorderedEventList           0x080045c5   Thumb Code    74  tasks.o(i.vTaskPlaceOnUnorderedEventList)
    vTaskPriorityDisinheritAfterTimeout      0x08004615   Thumb Code   204  tasks.o(i.vTaskPriorityDisinheritAfterTimeout)
    vTaskRemoveFromUnorderedEventList        0x080046e9   Thumb Code   190  tasks.o(i.vTaskRemoveFromUnorderedEventList)
    vTaskStartScheduler                      0x080047b9   Thumb Code    86  tasks.o(i.vTaskStartScheduler)
    vTaskSuspendAll                          0x08004831   Thumb Code    12  tasks.o(i.vTaskSuspendAll)
    vTaskSwitchContext                       0x08004841   Thumb Code   132  tasks.o(i.vTaskSwitchContext)
    xEventGroupCreate                        0x080048d9   Thumb Code    26  event_groups.o(i.xEventGroupCreate)
    xEventGroupSetBits                       0x080048f3   Thumb Code   146  event_groups.o(i.xEventGroupSetBits)
    xEventGroupWaitBits                      0x08004985   Thumb Code   198  event_groups.o(i.xEventGroupWaitBits)
    xPortStartScheduler                      0x08004a51   Thumb Code    42  port.o(i.xPortStartScheduler)
    xQueueGenericCreate                      0x08004a85   Thumb Code    76  queue.o(i.xQueueGenericCreate)
    xQueueGenericReset                       0x08004ad1   Thumb Code   156  queue.o(i.xQueueGenericReset)
    xQueueGiveFromISR                        0x08004b71   Thumb Code   152  queue.o(i.xQueueGiveFromISR)
    xQueueReceive                            0x08004c09   Thumb Code   256  queue.o(i.xQueueReceive)
    xQueueSemaphoreTake                      0x08004d0d   Thumb Code   300  queue.o(i.xQueueSemaphoreTake)
    xTaskCheckForTimeOut                     0x08004e3d   Thumb Code   112  tasks.o(i.xTaskCheckForTimeOut)
    xTaskCreate                              0x08004eb9   Thumb Code   104  tasks.o(i.xTaskCreate)
    xTaskGenericNotify                       0x08004f21   Thumb Code   314  tasks.o(i.xTaskGenericNotify)
    xTaskGenericNotifyWait                   0x0800506d   Thumb Code   164  tasks.o(i.xTaskGenericNotifyWait)
    xTaskGetTickCount                        0x08005119   Thumb Code     6  tasks.o(i.xTaskGetTickCount)
    xTaskIncrementTick                       0x08005125   Thumb Code   356  tasks.o(i.xTaskIncrementTick)
    xTaskPriorityDisinherit                  0x080052b5   Thumb Code   162  tasks.o(i.xTaskPriorityDisinherit)
    xTaskPriorityInherit                     0x08005361   Thumb Code   224  tasks.o(i.xTaskPriorityInherit)
    xTaskRemoveFromEventList                 0x0800544d   Thumb Code   240  tasks.o(i.xTaskRemoveFromEventList)
    xTaskResumeAll                           0x08005555   Thumb Code   310  tasks.o(i.xTaskResumeAll)
    xTimerCreateTimerTask                    0x080056b1   Thumb Code    40  timers.o(i.xTimerCreateTimerTask)
    _get_lc_numeric                          0x080056ed   Thumb Code    44  lc_numeric_c.o(locale$$code)
    _get_lc_ctype                            0x08005719   Thumb Code    44  lc_ctype_c.o(locale$$code)
    __aeabi_fadd                             0x08005745   Thumb Code     0  faddsub_clz.o(x$fpl$fadd)
    _fadd                                    0x08005745   Thumb Code   196  faddsub_clz.o(x$fpl$fadd)
    __aeabi_fdiv                             0x08005809   Thumb Code     0  fdiv.o(x$fpl$fdiv)
    _fdiv                                    0x08005809   Thumb Code   384  fdiv.o(x$fpl$fdiv)
    __aeabi_f2uiz                            0x0800598d   Thumb Code     0  ffixu.o(x$fpl$ffixu)
    _ffixu                                   0x0800598d   Thumb Code    62  ffixu.o(x$fpl$ffixu)
    __aeabi_fmul                             0x080059cd   Thumb Code     0  fmul.o(x$fpl$fmul)
    _fmul                                    0x080059cd   Thumb Code   258  fmul.o(x$fpl$fmul)
    __fpl_fnaninf                            0x08005acf   Thumb Code   140  fnaninf.o(x$fpl$fnaninf)
    __fpl_fretinf                            0x08005b5b   Thumb Code    10  fretinf.o(x$fpl$fretinf)
    __aeabi_fsub                             0x08005b65   Thumb Code     0  faddsub_clz.o(x$fpl$fsub)
    _fsub                                    0x08005b65   Thumb Code   234  faddsub_clz.o(x$fpl$fsub)
    _printf_fp_dec                           0x08005c4f   Thumb Code     4  printf1.o(x$fpl$printf1)
    _printf_fp_hex                           0x08005c53   Thumb Code     4  printf2.o(x$fpl$printf2)
    __I$use$fp                               0x08005c56   Number         0  usenofp.o(x$fpl$usenofp)
    Region$$Table$$Base                      0x08005d54   Number         0  anon$$obj.o(Region$$Table)
    Region$$Table$$Limit                     0x08005d74   Number         0  anon$$obj.o(Region$$Table)
    __ctype                                  0x08005d9d   Data           0  lc_ctype_c.o(locale$$data)
    flag                                     0x20000014   Data           1  dynamicmemorytask.o(.data)
    n                                        0x20000015   Data           1  dynamicmemorytask.o(.data)
    Task1_Handle                             0x20000018   Data           4  dynamicmemorytask.o(.data)
    Task1_BinaryHandle                       0x2000001c   Data           4  dynamicmemorytask.o(.data)
    Task2_Handle                             0x20000020   Data           4  dynamicmemorytask.o(.data)
    Task3_Handle                             0x20000024   Data           4  dynamicmemorytask.o(.data)
    Task4_Handle                             0x20000028   Data           4  dynamicmemorytask.o(.data)
    Task23Cmplt4Start_Handle                 0x2000002c   Data           4  dynamicmemorytask.o(.data)
    Task5_Handle                             0x20000030   Data           4  dynamicmemorytask.o(.data)
    pxCurrentTCB                             0x20000038   Data           4  tasks.o(.data)
    uxTopUsedPriority                        0x20000070   Data           4  tasks.o(.data)
    Serial_TxPacket                          0x200000ac   Data           1  serial.o(.data)
    Serial_RxPacket                          0x200000ad   Data           8  serial.o(.data)
    Serial_RxFlag                            0x200000b5   Data           1  serial.o(.data)
    __libspace_start                         0x200045a8   Data          96  libspace.o(.bss)
    __temporary_stack_top$libspace           0x20004608   Data           0  libspace.o(.bss)



==============================================================================

Memory Map of the image

  Image Entry point : 0x080002cd

  Load Region LR_1 (Base: 0x08000000, Size: 0x00005f58, Max: 0xffffffff, ABSOLUTE)

    Execution Region ER_RO (Exec base: 0x08000000, Load base: 0x08000000, Size: 0x00005ea0, Max: 0xffffffff, ABSOLUTE)

    Exec Addr    Load Addr    Size         Type   Attr      Idx    E Section Name        Object

    0x08000000   0x08000000   0x000000ec   Data   RO         3182    RESET               startup_stm32f10x_md.o
    0x080000ec   0x080000ec   0x00000008   Code   RO         4979  * !!!main             c_w.l(__main.o)
    0x080000f4   0x080000f4   0x00000034   Code   RO         5322    !!!scatter          c_w.l(__scatter.o)
    0x08000128   0x08000128   0x0000001a   Code   RO         5324    !!handler_copy      c_w.l(__scatter_copy.o)
    0x08000142   0x08000142   0x00000002   PAD
    0x08000144   0x08000144   0x0000001c   Code   RO         5326    !!handler_zi        c_w.l(__scatter_zi.o)
    0x08000160   0x08000160   0x00000000   Code   RO         5079    .ARM.Collect$$_printf_percent$$00000000  c_w.l(_printf_percent.o)
    0x08000160   0x08000160   0x00000006   Code   RO         5068    .ARM.Collect$$_printf_percent$$00000001  c_w.l(_printf_n.o)
    0x08000166   0x08000166   0x00000006   Code   RO         5070    .ARM.Collect$$_printf_percent$$00000002  c_w.l(_printf_p.o)
    0x0800016c   0x0800016c   0x00000006   Code   RO         5075    .ARM.Collect$$_printf_percent$$00000003  c_w.l(_printf_f.o)
    0x08000172   0x08000172   0x00000006   Code   RO         5076    .ARM.Collect$$_printf_percent$$00000004  c_w.l(_printf_e.o)
    0x08000178   0x08000178   0x00000006   Code   RO         5077    .ARM.Collect$$_printf_percent$$00000005  c_w.l(_printf_g.o)
    0x0800017e   0x0800017e   0x00000006   Code   RO         5078    .ARM.Collect$$_printf_percent$$00000006  c_w.l(_printf_a.o)
    0x08000184   0x08000184   0x0000000a   Code   RO         5083    .ARM.Collect$$_printf_percent$$00000007  c_w.l(_printf_ll.o)
    0x0800018e   0x0800018e   0x00000006   Code   RO         5072    .ARM.Collect$$_printf_percent$$00000008  c_w.l(_printf_i.o)
    0x08000194   0x08000194   0x00000006   Code   RO         5073    .ARM.Collect$$_printf_percent$$00000009  c_w.l(_printf_d.o)
    0x0800019a   0x0800019a   0x00000006   Code   RO         5074    .ARM.Collect$$_printf_percent$$0000000A  c_w.l(_printf_u.o)
    0x080001a0   0x080001a0   0x00000006   Code   RO         5071    .ARM.Collect$$_printf_percent$$0000000B  c_w.l(_printf_o.o)
    0x080001a6   0x080001a6   0x00000006   Code   RO         5069    .ARM.Collect$$_printf_percent$$0000000C  c_w.l(_printf_x.o)
    0x080001ac   0x080001ac   0x00000006   Code   RO         5080    .ARM.Collect$$_printf_percent$$0000000D  c_w.l(_printf_lli.o)
    0x080001b2   0x080001b2   0x00000006   Code   RO         5081    .ARM.Collect$$_printf_percent$$0000000E  c_w.l(_printf_lld.o)
    0x080001b8   0x080001b8   0x00000006   Code   RO         5082    .ARM.Collect$$_printf_percent$$0000000F  c_w.l(_printf_llu.o)
    0x080001be   0x080001be   0x00000006   Code   RO         5087    .ARM.Collect$$_printf_percent$$00000010  c_w.l(_printf_llo.o)
    0x080001c4   0x080001c4   0x00000006   Code   RO         5088    .ARM.Collect$$_printf_percent$$00000011  c_w.l(_printf_llx.o)
    0x080001ca   0x080001ca   0x0000000a   Code   RO         5084    .ARM.Collect$$_printf_percent$$00000012  c_w.l(_printf_l.o)
    0x080001d4   0x080001d4   0x00000006   Code   RO         5066    .ARM.Collect$$_printf_percent$$00000013  c_w.l(_printf_c.o)
    0x080001da   0x080001da   0x00000006   Code   RO         5067    .ARM.Collect$$_printf_percent$$00000014  c_w.l(_printf_s.o)
    0x080001e0   0x080001e0   0x00000006   Code   RO         5085    .ARM.Collect$$_printf_percent$$00000015  c_w.l(_printf_lc.o)
    0x080001e6   0x080001e6   0x00000006   Code   RO         5086    .ARM.Collect$$_printf_percent$$00000016  c_w.l(_printf_ls.o)
    0x080001ec   0x080001ec   0x00000004   Code   RO         5134    .ARM.Collect$$_printf_percent$$00000017  c_w.l(_printf_percent_end.o)
    0x080001f0   0x080001f0   0x00000002   Code   RO         5183    .ARM.Collect$$libinit$$00000000  c_w.l(libinit.o)
    0x080001f2   0x080001f2   0x00000000   Code   RO         5199    .ARM.Collect$$libinit$$00000002  c_w.l(libinit2.o)
    0x080001f2   0x080001f2   0x00000000   Code   RO         5201    .ARM.Collect$$libinit$$00000004  c_w.l(libinit2.o)
    0x080001f2   0x080001f2   0x00000000   Code   RO         5204    .ARM.Collect$$libinit$$0000000A  c_w.l(libinit2.o)
    0x080001f2   0x080001f2   0x00000000   Code   RO         5206    .ARM.Collect$$libinit$$0000000C  c_w.l(libinit2.o)
    0x080001f2   0x080001f2   0x00000000   Code   RO         5208    .ARM.Collect$$libinit$$0000000E  c_w.l(libinit2.o)
    0x080001f2   0x080001f2   0x00000006   Code   RO         5209    .ARM.Collect$$libinit$$0000000F  c_w.l(libinit2.o)
    0x080001f8   0x080001f8   0x00000000   Code   RO         5211    .ARM.Collect$$libinit$$00000011  c_w.l(libinit2.o)
    0x080001f8   0x080001f8   0x0000000c   Code   RO         5212    .ARM.Collect$$libinit$$00000012  c_w.l(libinit2.o)
    0x08000204   0x08000204   0x00000000   Code   RO         5213    .ARM.Collect$$libinit$$00000013  c_w.l(libinit2.o)
    0x08000204   0x08000204   0x00000000   Code   RO         5215    .ARM.Collect$$libinit$$00000015  c_w.l(libinit2.o)
    0x08000204   0x08000204   0x0000000a   Code   RO         5216    .ARM.Collect$$libinit$$00000016  c_w.l(libinit2.o)
    0x0800020e   0x0800020e   0x00000000   Code   RO         5217    .ARM.Collect$$libinit$$00000017  c_w.l(libinit2.o)
    0x0800020e   0x0800020e   0x00000000   Code   RO         5219    .ARM.Collect$$libinit$$00000019  c_w.l(libinit2.o)
    0x0800020e   0x0800020e   0x00000000   Code   RO         5221    .ARM.Collect$$libinit$$0000001B  c_w.l(libinit2.o)
    0x0800020e   0x0800020e   0x00000000   Code   RO         5223    .ARM.Collect$$libinit$$0000001D  c_w.l(libinit2.o)
    0x0800020e   0x0800020e   0x00000000   Code   RO         5225    .ARM.Collect$$libinit$$0000001F  c_w.l(libinit2.o)
    0x0800020e   0x0800020e   0x00000000   Code   RO         5227    .ARM.Collect$$libinit$$00000021  c_w.l(libinit2.o)
    0x0800020e   0x0800020e   0x00000000   Code   RO         5229    .ARM.Collect$$libinit$$00000023  c_w.l(libinit2.o)
    0x0800020e   0x0800020e   0x00000000   Code   RO         5231    .ARM.Collect$$libinit$$00000025  c_w.l(libinit2.o)
    0x0800020e   0x0800020e   0x00000000   Code   RO         5235    .ARM.Collect$$libinit$$0000002C  c_w.l(libinit2.o)
    0x0800020e   0x0800020e   0x00000000   Code   RO         5237    .ARM.Collect$$libinit$$0000002E  c_w.l(libinit2.o)
    0x0800020e   0x0800020e   0x00000000   Code   RO         5239    .ARM.Collect$$libinit$$00000030  c_w.l(libinit2.o)
    0x0800020e   0x0800020e   0x00000000   Code   RO         5241    .ARM.Collect$$libinit$$00000032  c_w.l(libinit2.o)
    0x0800020e   0x0800020e   0x00000002   Code   RO         5242    .ARM.Collect$$libinit$$00000033  c_w.l(libinit2.o)
    0x08000210   0x08000210   0x00000002   Code   RO         5262    .ARM.Collect$$libshutdown$$00000000  c_w.l(libshutdown.o)
    0x08000212   0x08000212   0x00000000   Code   RO         5275    .ARM.Collect$$libshutdown$$00000002  c_w.l(libshutdown2.o)
    0x08000212   0x08000212   0x00000000   Code   RO         5277    .ARM.Collect$$libshutdown$$00000004  c_w.l(libshutdown2.o)
    0x08000212   0x08000212   0x00000000   Code   RO         5280    .ARM.Collect$$libshutdown$$00000007  c_w.l(libshutdown2.o)
    0x08000212   0x08000212   0x00000000   Code   RO         5283    .ARM.Collect$$libshutdown$$0000000A  c_w.l(libshutdown2.o)
    0x08000212   0x08000212   0x00000000   Code   RO         5285    .ARM.Collect$$libshutdown$$0000000C  c_w.l(libshutdown2.o)
    0x08000212   0x08000212   0x00000000   Code   RO         5288    .ARM.Collect$$libshutdown$$0000000F  c_w.l(libshutdown2.o)
    0x08000212   0x08000212   0x00000002   Code   RO         5289    .ARM.Collect$$libshutdown$$00000010  c_w.l(libshutdown2.o)
    0x08000214   0x08000214   0x00000000   Code   RO         4997    .ARM.Collect$$rtentry$$00000000  c_w.l(__rtentry.o)
    0x08000214   0x08000214   0x00000000   Code   RO         5105    .ARM.Collect$$rtentry$$00000002  c_w.l(__rtentry2.o)
    0x08000214   0x08000214   0x00000006   Code   RO         5117    .ARM.Collect$$rtentry$$00000004  c_w.l(__rtentry4.o)
    0x0800021a   0x0800021a   0x00000000   Code   RO         5107    .ARM.Collect$$rtentry$$00000009  c_w.l(__rtentry2.o)
    0x0800021a   0x0800021a   0x00000004   Code   RO         5108    .ARM.Collect$$rtentry$$0000000A  c_w.l(__rtentry2.o)
    0x0800021e   0x0800021e   0x00000000   Code   RO         5110    .ARM.Collect$$rtentry$$0000000C  c_w.l(__rtentry2.o)
    0x0800021e   0x0800021e   0x00000008   Code   RO         5111    .ARM.Collect$$rtentry$$0000000D  c_w.l(__rtentry2.o)
    0x08000226   0x08000226   0x00000002   Code   RO         5191    .ARM.Collect$$rtexit$$00000000  c_w.l(rtexit.o)
    0x08000228   0x08000228   0x00000000   Code   RO         5244    .ARM.Collect$$rtexit$$00000002  c_w.l(rtexit2.o)
    0x08000228   0x08000228   0x00000004   Code   RO         5245    .ARM.Collect$$rtexit$$00000003  c_w.l(rtexit2.o)
    0x0800022c   0x0800022c   0x00000006   Code   RO         5246    .ARM.Collect$$rtexit$$00000004  c_w.l(rtexit2.o)
    0x08000232   0x08000232   0x00000002   PAD
    0x08000234   0x08000234   0x00000096   Code   RO         4478    .emb_text           port.o
    0x080002ca   0x080002ca   0x00000002   PAD
    0x080002cc   0x080002cc   0x00000040   Code   RO         3183  * .text               startup_stm32f10x_md.o
    0x0800030c   0x0800030c   0x00000024   Code   RO         4967    .text               c_w.l(vsprintf.o)
    0x08000330   0x08000330   0x0000008a   Code   RO         4969    .text               c_w.l(rt_memcpy_v6.o)
    0x080003ba   0x080003ba   0x00000010   Code   RO         4971    .text               c_w.l(aeabi_memset.o)
    0x080003ca   0x080003ca   0x00000044   Code   RO         4973    .text               c_w.l(rt_memclr.o)
    0x0800040e   0x0800040e   0x0000004e   Code   RO         4975    .text               c_w.l(rt_memclr_w.o)
    0x0800045c   0x0800045c   0x00000006   Code   RO         4977    .text               c_w.l(heapauxi.o)
    0x08000462   0x08000462   0x0000004e   Code   RO         5000    .text               c_w.l(_printf_pad.o)
    0x080004b0   0x080004b0   0x00000024   Code   RO         5002    .text               c_w.l(_printf_truncate.o)
    0x080004d4   0x080004d4   0x00000052   Code   RO         5004    .text               c_w.l(_printf_str.o)
    0x08000526   0x08000526   0x00000002   PAD
    0x08000528   0x08000528   0x00000078   Code   RO         5006    .text               c_w.l(_printf_dec.o)
    0x080005a0   0x080005a0   0x00000028   Code   RO         5008    .text               c_w.l(_printf_charcount.o)
    0x080005c8   0x080005c8   0x00000030   Code   RO         5010    .text               c_w.l(_printf_char_common.o)
    0x080005f8   0x080005f8   0x0000000a   Code   RO         5012    .text               c_w.l(_sputc.o)
    0x08000602   0x08000602   0x00000002   PAD
    0x08000604   0x08000604   0x000000bc   Code   RO         5014    .text               c_w.l(_printf_wctomb.o)
    0x080006c0   0x080006c0   0x0000007c   Code   RO         5017    .text               c_w.l(_printf_longlong_dec.o)
    0x0800073c   0x0800073c   0x00000070   Code   RO         5023    .text               c_w.l(_printf_oct_int_ll.o)
    0x080007ac   0x080007ac   0x00000094   Code   RO         5043    .text               c_w.l(_printf_hex_int_ll_ptr.o)
    0x08000840   0x08000840   0x00000188   Code   RO         5063    .text               c_w.l(__printf_flags_ss_wp.o)
    0x080009c8   0x080009c8   0x00000064   Code   RO         5089    .text               c_w.l(rt_memcpy_w.o)
    0x08000a2c   0x08000a2c   0x0000008a   Code   RO         5119    .text               c_w.l(lludiv10.o)
    0x08000ab6   0x08000ab6   0x000000b2   Code   RO         5121    .text               c_w.l(_printf_intcommon.o)
    0x08000b68   0x08000b68   0x0000041e   Code   RO         5123    .text               c_w.l(_printf_fp_dec.o)
    0x08000f86   0x08000f86   0x00000002   PAD
    0x08000f88   0x08000f88   0x000002fc   Code   RO         5125    .text               c_w.l(_printf_fp_hex.o)
    0x08001284   0x08001284   0x0000002c   Code   RO         5130    .text               c_w.l(_printf_char.o)
    0x080012b0   0x080012b0   0x0000002c   Code   RO         5132    .text               c_w.l(_printf_wchar.o)
    0x080012dc   0x080012dc   0x00000040   Code   RO         5135    .text               c_w.l(_wcrtomb.o)
    0x0800131c   0x0800131c   0x0000004a   Code   RO         5137    .text               c_w.l(sys_stackheap_outer.o)
    0x08001366   0x08001366   0x00000002   PAD
    0x08001368   0x08001368   0x00000010   Code   RO         5139    .text               c_w.l(rt_ctype_table.o)
    0x08001378   0x08001378   0x00000008   Code   RO         5144    .text               c_w.l(rt_locale_intlibspace.o)
    0x08001380   0x08001380   0x00000080   Code   RO         5146    .text               c_w.l(_printf_fp_infnan.o)
    0x08001400   0x08001400   0x000000e4   Code   RO         5148    .text               c_w.l(bigflt0.o)
    0x080014e4   0x080014e4   0x00000012   Code   RO         5176    .text               c_w.l(exit.o)
    0x080014f6   0x080014f6   0x00000002   PAD
    0x080014f8   0x080014f8   0x00000008   Code   RO         5188    .text               c_w.l(libspace.o)
    0x08001500   0x08001500   0x00000080   Code   RO         5196    .text               c_w.l(strcmpv7m.o)
    0x08001580   0x08001580   0x0000000c   Code   RO         5254    .text               c_w.l(sys_exit.o)
    0x0800158c   0x0800158c   0x00000002   Code   RO         5265    .text               c_w.l(use_no_semi.o)
    0x0800158e   0x0800158e   0x00000000   Code   RO         5267    .text               c_w.l(indicate_semi.o)
    0x0800158e   0x0800158e   0x0000003e   Code   RO         5151    CL$$btod_d2e        c_w.l(btod.o)
    0x080015cc   0x080015cc   0x00000046   Code   RO         5153    CL$$btod_d2e_denorm_low  c_w.l(btod.o)
    0x08001612   0x08001612   0x00000060   Code   RO         5152    CL$$btod_d2e_norm_op1  c_w.l(btod.o)
    0x08001672   0x08001672   0x00000338   Code   RO         5161    CL$$btod_div_common  c_w.l(btod.o)
    0x080019aa   0x080019aa   0x000000dc   Code   RO         5158    CL$$btod_e2e        c_w.l(btod.o)
    0x08001a86   0x08001a86   0x0000002a   Code   RO         5155    CL$$btod_ediv       c_w.l(btod.o)
    0x08001ab0   0x08001ab0   0x0000002a   Code   RO         5154    CL$$btod_emul       c_w.l(btod.o)
    0x08001ada   0x08001ada   0x00000244   Code   RO         5160    CL$$btod_mult_common  c_w.l(btod.o)
    0x08001d1e   0x08001d1e   0x00000002   PAD
    0x08001d20   0x08001d20   0x00000108   Code   RO         3316    i.AppTaskCreate     dynamicmemorytask.o
    0x08001e28   0x08001e28   0x00000004   Code   RO         3271    i.BusFault_Handler  stm32f10x_it.o
    0x08001e2c   0x08001e2c   0x00000040   Code   RO         3317    i.CreateAllTask_Dynamic  dynamicmemorytask.o
    0x08001e6c   0x08001e6c   0x00000002   Code   RO         3272    i.DebugMon_Handler  stm32f10x_it.o
    0x08001e6e   0x08001e6e   0x00000002   PAD
    0x08001e70   0x08001e70   0x000000d0   Code   RO         3318    i.DropFeed3         dynamicmemorytask.o
    0x08001f40   0x08001f40   0x00000116   Code   RO         1353    i.GPIO_Init         stm32f10x_gpio.o
    0x08002056   0x08002056   0x00000012   Code   RO         1357    i.GPIO_ReadInputDataBit  stm32f10x_gpio.o
    0x08002068   0x08002068   0x00000004   Code   RO         1360    i.GPIO_ResetBits    stm32f10x_gpio.o
    0x0800206c   0x0800206c   0x00000004   Code   RO         1361    i.GPIO_SetBits      stm32f10x_gpio.o
    0x08002070   0x08002070   0x00000004   Code   RO         3273    i.HardFault_Handler  stm32f10x_it.o
    0x08002074   0x08002074   0x00000010   Code   RO         4693    i.LED1_OFF          led.o
    0x08002084   0x08002084   0x00000038   Code   RO         4695    i.LED_Init          led.o
    0x080020bc   0x080020bc   0x00000014   Code   RO         4717    i.LightSensor_Get1  lightsensor.o
    0x080020d0   0x080020d0   0x0000002c   Code   RO         4718    i.LightSensor_Init  lightsensor.o
    0x080020fc   0x080020fc   0x00000004   Code   RO         3274    i.MemManage_Handler  stm32f10x_it.o
    0x08002100   0x08002100   0x00000040   Code   RO         4735    i.Motors_Init       motors.o
    0x08002140   0x08002140   0x00000064   Code   RO         4736    i.Motors_Run        motors.o
    0x080021a4   0x080021a4   0x0000003c   Code   RO         4753    i.Motorx_Init       motorx.o
    0x080021e0   0x080021e0   0x00000064   Code   RO         4754    i.Motorx_Run        motorx.o
    0x08002244   0x08002244   0x0000003c   Code   RO         4771    i.Motory_Init       motory.o
    0x08002280   0x08002280   0x00000064   Code   RO         4772    i.Motory_Run        motory.o
    0x080022e4   0x080022e4   0x00000002   Code   RO         3275    i.NMI_Handler       stm32f10x_it.o
    0x080022e6   0x080022e6   0x00000002   PAD
    0x080022e8   0x080022e8   0x00000070   Code   RO          202    i.NVIC_Init         misc.o
    0x08002358   0x08002358   0x00000014   Code   RO          203    i.NVIC_PriorityGroupConfig  misc.o
    0x0800236c   0x0800236c   0x0000009c   Code   RO         4875    i.PWMAB_Init        pwmab.o
    0x08002408   0x08002408   0x00000014   Code   RO         4876    i.PWMA_SetCompare4  pwmab.o
    0x0800241c   0x0800241c   0x00000014   Code   RO         4877    i.PWMB_SetCompare3  pwmab.o
    0x08002430   0x08002430   0x00000098   Code   RO         4899    i.PWMC_Init         pwmc.o
    0x080024c8   0x080024c8   0x00000010   Code   RO         4900    i.PWMC_SetCompare2  pwmc.o
    0x080024d8   0x080024d8   0x00000054   Code   RO         3319    i.PushNew4          dynamicmemorytask.o
    0x0800252c   0x0800252c   0x00000020   Code   RO         1769    i.RCC_APB1PeriphClockCmd  stm32f10x_rcc.o
    0x0800254c   0x0800254c   0x00000020   Code   RO         1771    i.RCC_APB2PeriphClockCmd  stm32f10x_rcc.o
    0x0800256c   0x0800256c   0x000000d4   Code   RO         1779    i.RCC_GetClocksFreq  stm32f10x_rcc.o
    0x08002640   0x08002640   0x00000060   Code   RO         3320    i.RevdAndStart1     dynamicmemorytask.o
    0x080026a0   0x080026a0   0x000000b8   Code   RO         4790    i.Serial_Init       serial.o
    0x08002758   0x08002758   0x00000024   Code   RO         4792    i.Serial_Printf     serial.o
    0x0800277c   0x0800277c   0x0000001a   Code   RO         4793    i.Serial_SendArray  serial.o
    0x08002796   0x08002796   0x00000002   PAD
    0x08002798   0x08002798   0x00000020   Code   RO         4794    i.Serial_SendByte   serial.o
    0x080027b8   0x080027b8   0x00000010   Code   RO         4796    i.Serial_SendPacket  serial.o
    0x080027c8   0x080027c8   0x0000001a   Code   RO         4797    i.Serial_SendString  serial.o
    0x080027e2   0x080027e2   0x00000002   PAD
    0x080027e4   0x080027e4   0x0000003c   Code   RO         4917    i.Servoa_SetAngle   servoab.o
    0x08002820   0x08002820   0x00000008   Code   RO         4918    i.Servoab_Init      servoab.o
    0x08002828   0x08002828   0x0000003c   Code   RO         4919    i.Servob_SetAngle   servoab.o
    0x08002864   0x08002864   0x00000008   Code   RO         4944    i.Servoc_Init       servoc.o
    0x0800286c   0x0800286c   0x0000003c   Code   RO         4945    i.Servoc_SetAngle   servoc.o
    0x080028a8   0x080028a8   0x00000008   Code   RO         3187    i.SetSysClock       system_stm32f10x.o
    0x080028b0   0x080028b0   0x000000e0   Code   RO         3188    i.SetSysClockTo72   system_stm32f10x.o
    0x08002990   0x08002990   0x0000004c   Code   RO         3321    i.StopWork          dynamicmemorytask.o
    0x080029dc   0x080029dc   0x00000034   Code   RO         4479    i.SysTick_Handler   port.o
    0x08002a10   0x08002a10   0x00000060   Code   RO         3190    i.SystemInit        system_stm32f10x.o
    0x08002a70   0x08002a70   0x00000018   Code   RO         2403    i.TIM_Cmd           stm32f10x_tim.o
    0x08002a88   0x08002a88   0x0000000c   Code   RO         2430    i.TIM_InternalClockConfig  stm32f10x_tim.o
    0x08002a94   0x08002a94   0x000000a4   Code   RO         2437    i.TIM_OC2Init       stm32f10x_tim.o
    0x08002b38   0x08002b38   0x000000a0   Code   RO         2442    i.TIM_OC3Init       stm32f10x_tim.o
    0x08002bd8   0x08002bd8   0x0000007c   Code   RO         2447    i.TIM_OC4Init       stm32f10x_tim.o
    0x08002c54   0x08002c54   0x00000014   Code   RO         2450    i.TIM_OCStructInit  stm32f10x_tim.o
    0x08002c68   0x08002c68   0x00000004   Code   RO         2465    i.TIM_SetCompare2   stm32f10x_tim.o
    0x08002c6c   0x08002c6c   0x00000004   Code   RO         2466    i.TIM_SetCompare3   stm32f10x_tim.o
    0x08002c70   0x08002c70   0x00000006   Code   RO         2467    i.TIM_SetCompare4   stm32f10x_tim.o
    0x08002c76   0x08002c76   0x00000002   PAD
    0x08002c78   0x08002c78   0x000000a4   Code   RO         2474    i.TIM_TimeBaseInit  stm32f10x_tim.o
    0x08002d1c   0x08002d1c   0x00000218   Code   RO         3322    i.TakeOld2          dynamicmemorytask.o
    0x08002f34   0x08002f34   0x000001dc   Code   RO         3323    i.TransmitNew5      dynamicmemorytask.o
    0x08003110   0x08003110   0x000000c0   Code   RO         4798    i.USART1_IRQHandler  serial.o
    0x080031d0   0x080031d0   0x0000001e   Code   RO         2936    i.USART_ClearITPendingBit  stm32f10x_usart.o
    0x080031ee   0x080031ee   0x00000018   Code   RO         2939    i.USART_Cmd         stm32f10x_usart.o
    0x08003206   0x08003206   0x0000001a   Code   RO         2942    i.USART_GetFlagStatus  stm32f10x_usart.o
    0x08003220   0x08003220   0x00000054   Code   RO         2943    i.USART_GetITStatus  stm32f10x_usart.o
    0x08003274   0x08003274   0x0000004a   Code   RO         2945    i.USART_ITConfig    stm32f10x_usart.o
    0x080032be   0x080032be   0x00000002   PAD
    0x080032c0   0x080032c0   0x000000d8   Code   RO         2946    i.USART_Init        stm32f10x_usart.o
    0x08003398   0x08003398   0x0000000a   Code   RO         2953    i.USART_ReceiveData  stm32f10x_usart.o
    0x080033a2   0x080033a2   0x00000008   Code   RO         2956    i.USART_SendData    stm32f10x_usart.o
    0x080033aa   0x080033aa   0x00000004   Code   RO         3276    i.UsageFault_Handler  stm32f10x_it.o
    0x080033ae   0x080033ae   0x00000028   Code   RO         5186    i.__ARM_fpclassify  m_ws.l(fpclassify.o)
    0x080033d6   0x080033d6   0x0000000e   Code   RO         5056    i._is_digit         c_w.l(__printf_wp.o)
    0x080033e4   0x080033e4   0x0000002c   Code   RO         4549    i.controla_Init     controla.o
    0x08003410   0x08003410   0x00000028   Code   RO         4550    i.controlahigh      controla.o
    0x08003438   0x08003438   0x00000028   Code   RO         4551    i.controlalow       controla.o
    0x08003460   0x08003460   0x00000028   Code   RO         4552    i.controlastop      controla.o
    0x08003488   0x08003488   0x0000002c   Code   RO         4579    i.controlb_Init     controlb.o
    0x080034b4   0x080034b4   0x00000030   Code   RO         4580    i.controlbhigh      controlb.o
    0x080034e4   0x080034e4   0x00000030   Code   RO         4581    i.controlbstop      controlb.o
    0x08003514   0x08003514   0x0000002c   Code   RO         4603    i.controlc_Init     controlc.o
    0x08003540   0x08003540   0x00000030   Code   RO         4604    i.controlchigh      controlc.o
    0x08003570   0x08003570   0x00000030   Code   RO         4605    i.controlclow       controlc.o
    0x080035a0   0x080035a0   0x00000030   Code   RO         4606    i.controlcstop      controlc.o
    0x080035d0   0x080035d0   0x0000002c   Code   RO         4633    i.controld_Init     controld.o
    0x080035fc   0x080035fc   0x0000002c   Code   RO         4634    i.controldhigh      controld.o
    0x08003628   0x08003628   0x0000002c   Code   RO         4635    i.controldlow       controld.o
    0x08003654   0x08003654   0x0000002c   Code   RO         4636    i.controldstop      controld.o
    0x08003680   0x08003680   0x0000002c   Code   RO         4663    i.controle_Init     controle.o
    0x080036ac   0x080036ac   0x00000028   Code   RO         4664    i.controlehigh      controle.o
    0x080036d4   0x080036d4   0x00000028   Code   RO         4665    i.controlelow       controle.o
    0x080036fc   0x080036fc   0x00000028   Code   RO         4666    i.controlestop      controle.o
    0x08003724   0x08003724   0x0000005c   Code   RO            1    i.main              main.o
    0x08003780   0x08003780   0x000000cc   Code   RO         3869    i.prvAddCurrentTaskToDelayedList  tasks.o
    0x0800384c   0x0800384c   0x000000e4   Code   RO         3870    i.prvAddNewTaskToReadyList  tasks.o
    0x08003930   0x08003930   0x0000004c   Code   RO         4261    i.prvCheckForValidListAndQueue  timers.o
    0x0800397c   0x0800397c   0x00000048   Code   RO         3871    i.prvCheckTasksWaitingTermination  tasks.o
    0x080039c4   0x080039c4   0x0000002a   Code   RO         3513    i.prvCopyDataFromQueue  queue.o
    0x080039ee   0x080039ee   0x0000007e   Code   RO         3514    i.prvCopyDataToQueue  queue.o
    0x08003a6c   0x08003a6c   0x00000012   Code   RO         3872    i.prvDeleteTCB      tasks.o
    0x08003a7e   0x08003a7e   0x00000014   Code   RO         3515    i.prvGetDisinheritPriorityAfterTimeout  queue.o
    0x08003a92   0x08003a92   0x00000002   PAD
    0x08003a94   0x08003a94   0x00000028   Code   RO         4262    i.prvGetNextExpireTime  timers.o
    0x08003abc   0x08003abc   0x00000070   Code   RO         4417    i.prvHeapInit       heap_4.o
    0x08003b2c   0x08003b2c   0x00000028   Code   RO         3873    i.prvIdleTask       tasks.o
    0x08003b54   0x08003b54   0x0000002a   Code   RO         3517    i.prvInitialiseNewQueue  queue.o
    0x08003b7e   0x08003b7e   0x00000086   Code   RO         3874    i.prvInitialiseNewTask  tasks.o
    0x08003c04   0x08003c04   0x00000068   Code   RO         3875    i.prvInitialiseTaskLists  tasks.o
    0x08003c6c   0x08003c6c   0x00000068   Code   RO         4418    i.prvInsertBlockIntoFreeList  heap_4.o
    0x08003cd4   0x08003cd4   0x00000058   Code   RO         4264    i.prvInsertTimerInActiveList  timers.o
    0x08003d2c   0x08003d2c   0x0000001a   Code   RO         3518    i.prvIsQueueEmpty   queue.o
    0x08003d46   0x08003d46   0x00000058   Code   RO         3520    i.prvNotifyQueueSetContainer  queue.o
    0x08003d9e   0x08003d9e   0x00000002   PAD
    0x08003da0   0x08003da0   0x00000044   Code   RO         4265    i.prvProcessExpiredTimer  timers.o
    0x08003de4   0x08003de4   0x00000110   Code   RO         4266    i.prvProcessReceivedCommands  timers.o
    0x08003ef4   0x08003ef4   0x00000074   Code   RO         4267    i.prvProcessTimerOrBlockTask  timers.o
    0x08003f68   0x08003f68   0x00000028   Code   RO         4268    i.prvReloadTimer    timers.o
    0x08003f90   0x08003f90   0x00000030   Code   RO         3876    i.prvResetNextTaskUnblockTime  tasks.o
    0x08003fc0   0x08003fc0   0x0000002c   Code   RO         4269    i.prvSampleTimeNow  timers.o
    0x08003fec   0x08003fec   0x00000044   Code   RO         4270    i.prvSwitchTimerLists  timers.o
    0x08004030   0x08004030   0x00000016   Code   RO         4480    i.prvTaskExitError  port.o
    0x08004046   0x08004046   0x0000001e   Code   RO         3385    i.prvTestWaitCondition  event_groups.o
    0x08004064   0x08004064   0x0000001a   Code   RO         4271    i.prvTimerTask      timers.o
    0x0800407e   0x0800407e   0x00000090   Code   RO         3521    i.prvUnlockQueue    queue.o
    0x0800410e   0x0800410e   0x00000002   PAD
    0x08004110   0x08004110   0x000000f0   Code   RO         4420    i.pvPortMalloc      heap_4.o
    0x08004200   0x08004200   0x00000020   Code   RO         3880    i.pvTaskIncrementMutexHeldCount  tasks.o
    0x08004220   0x08004220   0x00000024   Code   RO         4481    i.pxPortInitialiseStack  port.o
    0x08004244   0x08004244   0x00000028   Code   RO         3474    i.uxListRemove      list.o
    0x0800426c   0x0800426c   0x0000000c   Code   RO         3883    i.uxTaskGetNumberOfTasks  tasks.o
    0x08004278   0x08004278   0x0000001c   Code   RO         3887    i.uxTaskResetEventItemValue  tasks.o
    0x08004294   0x08004294   0x00000004   Code   RO         3888    i.vApplicationMallocFailedHook  tasks.o
    0x08004298   0x08004298   0x00000034   Code   RO         3889    i.vApplicationStackOverflowHook  tasks.o
    0x080042cc   0x080042cc   0x0000001a   Code   RO         3475    i.vListInitialise   list.o
    0x080042e6   0x080042e6   0x00000006   Code   RO         3476    i.vListInitialiseItem  list.o
    0x080042ec   0x080042ec   0x00000034   Code   RO         3477    i.vListInsert       list.o
    0x08004320   0x08004320   0x00000018   Code   RO         3478    i.vListInsertEnd    list.o
    0x08004338   0x08004338   0x00000024   Code   RO         4483    i.vPortEnterCritical  port.o
    0x0800435c   0x0800435c   0x00000020   Code   RO         4484    i.vPortExitCritical  port.o
    0x0800437c   0x0800437c   0x0000004c   Code   RO         4421    i.vPortFree         heap_4.o
    0x080043c8   0x080043c8   0x00000018   Code   RO         4485    i.vPortSetupTimerInterrupt  port.o
    0x080043e0   0x080043e0   0x0000004a   Code   RO         3526    i.vQueueWaitForMessageRestricted  queue.o
    0x0800442a   0x0800442a   0x00000002   PAD
    0x0800442c   0x0800442c   0x00000034   Code   RO         3890    i.vTaskDelay        tasks.o
    0x08004460   0x08004460   0x000000d4   Code   RO         3891    i.vTaskDelete       tasks.o
    0x08004534   0x08004534   0x00000018   Code   RO         3894    i.vTaskInternalSetTimeOutState  tasks.o
    0x0800454c   0x0800454c   0x0000000c   Code   RO         3895    i.vTaskMissedYield  tasks.o
    0x08004558   0x08004558   0x00000020   Code   RO         3896    i.vTaskPlaceOnEventList  tasks.o
    0x08004578   0x08004578   0x0000004c   Code   RO         3897    i.vTaskPlaceOnEventListRestricted  tasks.o
    0x080045c4   0x080045c4   0x00000050   Code   RO         3898    i.vTaskPlaceOnUnorderedEventList  tasks.o
    0x08004614   0x08004614   0x000000d4   Code   RO         3899    i.vTaskPriorityDisinheritAfterTimeout  tasks.o
    0x080046e8   0x080046e8   0x000000d0   Code   RO         3901    i.vTaskRemoveFromUnorderedEventList  tasks.o
    0x080047b8   0x080047b8   0x00000078   Code   RO         3904    i.vTaskStartScheduler  tasks.o
    0x08004830   0x08004830   0x00000010   Code   RO         3906    i.vTaskSuspendAll   tasks.o
    0x08004840   0x08004840   0x00000098   Code   RO         3907    i.vTaskSwitchContext  tasks.o
    0x080048d8   0x080048d8   0x0000001a   Code   RO         3390    i.xEventGroupCreate  event_groups.o
    0x080048f2   0x080048f2   0x00000092   Code   RO         3392    i.xEventGroupSetBits  event_groups.o
    0x08004984   0x08004984   0x000000cc   Code   RO         3394    i.xEventGroupWaitBits  event_groups.o
    0x08004a50   0x08004a50   0x00000034   Code   RO         4486    i.xPortStartScheduler  port.o
    0x08004a84   0x08004a84   0x0000004c   Code   RO         3531    i.xQueueGenericCreate  queue.o
    0x08004ad0   0x08004ad0   0x000000a0   Code   RO         3532    i.xQueueGenericReset  queue.o
    0x08004b70   0x08004b70   0x00000098   Code   RO         3535    i.xQueueGiveFromISR  queue.o
    0x08004c08   0x08004c08   0x00000104   Code   RO         3541    i.xQueueReceive     queue.o
    0x08004d0c   0x08004d0c   0x00000130   Code   RO         3546    i.xQueueSemaphoreTake  queue.o
    0x08004e3c   0x08004e3c   0x0000007c   Code   RO         3910    i.xTaskCheckForTimeOut  tasks.o
    0x08004eb8   0x08004eb8   0x00000068   Code   RO         3911    i.xTaskCreate       tasks.o
    0x08004f20   0x08004f20   0x0000014c   Code   RO         3913    i.xTaskGenericNotify  tasks.o
    0x0800506c   0x0800506c   0x000000ac   Code   RO         3916    i.xTaskGenericNotifyWait  tasks.o
    0x08005118   0x08005118   0x0000000c   Code   RO         3921    i.xTaskGetTickCount  tasks.o
    0x08005124   0x08005124   0x00000190   Code   RO         3923    i.xTaskIncrementTick  tasks.o
    0x080052b4   0x080052b4   0x000000ac   Code   RO         3924    i.xTaskPriorityDisinherit  tasks.o
    0x08005360   0x08005360   0x000000ec   Code   RO         3925    i.xTaskPriorityInherit  tasks.o
    0x0800544c   0x0800544c   0x00000108   Code   RO         3926    i.xTaskRemoveFromEventList  tasks.o
    0x08005554   0x08005554   0x0000015c   Code   RO         3927    i.xTaskResumeAll    tasks.o
    0x080056b0   0x080056b0   0x0000003c   Code   RO         4277    i.xTimerCreateTimerTask  timers.o
    0x080056ec   0x080056ec   0x0000002c   Code   RO         5174    locale$$code        c_w.l(lc_numeric_c.o)
    0x08005718   0x08005718   0x0000002c   Code   RO         5194    locale$$code        c_w.l(lc_ctype_c.o)
    0x08005744   0x08005744   0x000000c4   Code   RO         4981    x$fpl$fadd          fz_ws.l(faddsub_clz.o)
    0x08005808   0x08005808   0x00000184   Code   RO         4988    x$fpl$fdiv          fz_ws.l(fdiv.o)
    0x0800598c   0x0800598c   0x0000003e   Code   RO         4991    x$fpl$ffixu         fz_ws.l(ffixu.o)
    0x080059ca   0x080059ca   0x00000002   PAD
    0x080059cc   0x080059cc   0x00000102   Code   RO         4995    x$fpl$fmul          fz_ws.l(fmul.o)
    0x08005ace   0x08005ace   0x0000008c   Code   RO         5091    x$fpl$fnaninf       fz_ws.l(fnaninf.o)
    0x08005b5a   0x08005b5a   0x0000000a   Code   RO         5093    x$fpl$fretinf       fz_ws.l(fretinf.o)
    0x08005b64   0x08005b64   0x000000ea   Code   RO         4983    x$fpl$fsub          fz_ws.l(faddsub_clz.o)
    0x08005c4e   0x08005c4e   0x00000004   Code   RO         5095    x$fpl$printf1       fz_ws.l(printf1.o)
    0x08005c52   0x08005c52   0x00000004   Code   RO         5097    x$fpl$printf2       fz_ws.l(printf2.o)
    0x08005c56   0x08005c56   0x00000000   Code   RO         5103    x$fpl$usenofp       fz_ws.l(usenofp.o)
    0x08005c56   0x08005c56   0x00000002   PAD
    0x08005c58   0x08005c58   0x00000008   Data   RO         5015    .constdata          c_w.l(_printf_wctomb.o)
    0x08005c60   0x08005c60   0x00000028   Data   RO         5044    .constdata          c_w.l(_printf_hex_int_ll_ptr.o)
    0x08005c88   0x08005c88   0x00000011   Data   RO         5064    .constdata          c_w.l(__printf_flags_ss_wp.o)
    0x08005c99   0x08005c99   0x00000026   Data   RO         5126    .constdata          c_w.l(_printf_fp_hex.o)
    0x08005cbf   0x08005cbf   0x00000001   PAD
    0x08005cc0   0x08005cc0   0x00000094   Data   RO         5149    .constdata          c_w.l(bigflt0.o)
    0x08005d54   0x08005d54   0x00000020   Data   RO         5320    Region$$Table       anon$$obj.o
    0x08005d74   0x08005d74   0x0000001c   Data   RO         5173    locale$$data        c_w.l(lc_numeric_c.o)
    0x08005d90   0x08005d90   0x00000110   Data   RO         5193    locale$$data        c_w.l(lc_ctype_c.o)


    Execution Region ER_RW (Exec base: 0x20000000, Load base: 0x08005ea0, Size: 0x000000b8, Max: 0xffffffff, ABSOLUTE)

    Exec Addr    Load Addr    Size         Type   Attr      Idx    E Section Name        Object

    0x20000000   0x08005ea0   0x00000014   Data   RW         1799    .data               stm32f10x_rcc.o
    0x20000014   0x08005eb4   0x00000024   Data   RW         3324    .data               dynamicmemorytask.o
    0x20000038   0x08005ed8   0x00000040   Data   RW         3930    .data               tasks.o
    0x20000078   0x08005f18   0x00000014   Data   RW         4287    .data               timers.o
    0x2000008c   0x08005f2c   0x0000001c   Data   RW         4427    .data               heap_4.o
    0x200000a8   0x08005f48   0x00000004   Data   RW         4487    .data               port.o
    0x200000ac   0x08005f4c   0x0000000c   Data   RW         4800    .data               serial.o


    Execution Region ER_ZI (Exec base: 0x200000b8, Load base: 0x08005f58, Size: 0x00004b50, Max: 0xffffffff, ABSOLUTE)

    Exec Addr    Load Addr    Size         Type   Attr      Idx    E Section Name        Object

    0x200000b8        -       0x000000c8   Zero   RW         3929    .bss                tasks.o
    0x20000180        -       0x00000028   Zero   RW         4286    .bss                timers.o
    0x200001a8        -       0x00004400   Zero   RW         4426    .bss                heap_4.o
    0x200045a8        -       0x00000060   Zero   RW         5189    .bss                c_w.l(libspace.o)
    0x20004608        -       0x00000200   Zero   RW         3181    HEAP                startup_stm32f10x_md.o
    0x20004808        -       0x00000400   Zero   RW         3180    STACK               startup_stm32f10x_md.o


==============================================================================

Image component sizes


      Code (inc. data)   RO Data    RW Data    ZI Data      Debug   Object Name

       164         18          0          0          0       2024   controla.o
       140         16          0          0          0       1526   controlb.o
       188         16          0          0          0       2024   controlc.o
       176         16          0          0          0       2024   controld.o
       164         18          0          0          0       2024   controle.o
         0          0          0          0          0         32   core_cm3.o
      1804        260          0         36          0       6061   dynamicmemorytask.o
       406          6          0          0          0      20119   event_groups.o
       532         60          0         28      17408       4823   heap_4.o
        72         14          0          0          0        970   led.o
        64         10          0          0          0       1090   lightsensor.o
       148          0          0          0          0       3450   list.o
        92          6          0          0          0     273335   main.o
       132         22          0          0          0       1583   misc.o
       164         10          0          0          0       1235   motors.o
       160         10          0          0          0       1235   motorx.o
       160         10          0          0          0       1235   motory.o
       404         48          0          4          0       9268   port.o
       196         22          0          0          0       1743   pwmab.o
       168          6          0          0          0       1203   pwmc.o
      1514         12          0          0          0      15422   queue.o
       512         46          0         12          0       5773   serial.o
       128         24          0          0          0       1587   servoab.o
        68         12          0          0          0       1028   servoc.o
        64         26        236          0       1536        860   startup_stm32f10x_md.o
       304          0          0          0          0       3756   stm32f10x_gpio.o
        20          0          0          0          0       2861   stm32f10x_it.o
       276         32          0         20          0       4546   stm32f10x_rcc.o
       682         72          0          0          0       6726   stm32f10x_tim.o
       472          6          0          0          0       6995   stm32f10x_usart.o
       328         28          0          0          0       2133   system_stm32f10x.o
      4336        504          0         64        200      41769   tasks.o
       898        100          0         20         40      11456   timers.o

    ----------------------------------------------------------------------
     14958       1430        268        184      19184     441916   Object Totals
         0          0         32          0          0          0   (incl. Generated)
        22          0          0          0          0          0   (incl. Padding)

    ----------------------------------------------------------------------

      Code (inc. data)   RO Data    RW Data    ZI Data      Debug   Library Member Name

         8          0          0          0          0         68   __main.o
       392          4         17          0          0         92   __printf_flags_ss_wp.o
        14          0          0          0          0         68   __printf_wp.o
         0          0          0          0          0          0   __rtentry.o
        12          0          0          0          0          0   __rtentry2.o
         6          0          0          0          0          0   __rtentry4.o
        52          8          0          0          0          0   __scatter.o
        26          0          0          0          0          0   __scatter_copy.o
        28          0          0          0          0          0   __scatter_zi.o
         6          0          0          0          0          0   _printf_a.o
         6          0          0          0          0          0   _printf_c.o
        44          0          0          0          0        108   _printf_char.o
        48          6          0          0          0         96   _printf_char_common.o
        40          0          0          0          0         68   _printf_charcount.o
         6          0          0          0          0          0   _printf_d.o
       120         16          0          0          0         92   _printf_dec.o
         6          0          0          0          0          0   _printf_e.o
         6          0          0          0          0          0   _printf_f.o
      1054          0          0          0          0        216   _printf_fp_dec.o
       764          8         38          0          0        100   _printf_fp_hex.o
       128         16          0          0          0         84   _printf_fp_infnan.o
         6          0          0          0          0          0   _printf_g.o
       148          4         40          0          0        160   _printf_hex_int_ll_ptr.o
         6          0          0          0          0          0   _printf_i.o
       178          0          0          0          0         88   _printf_intcommon.o
        10          0          0          0          0          0   _printf_l.o
         6          0          0          0          0          0   _printf_lc.o
        10          0          0          0          0          0   _printf_ll.o
         6          0          0          0          0          0   _printf_lld.o
         6          0          0          0          0          0   _printf_lli.o
         6          0          0          0          0          0   _printf_llo.o
         6          0          0          0          0          0   _printf_llu.o
         6          0          0          0          0          0   _printf_llx.o
       124         16          0          0          0         92   _printf_longlong_dec.o
         6          0          0          0          0          0   _printf_ls.o
         6          0          0          0          0          0   _printf_n.o
         6          0          0          0          0          0   _printf_o.o
       112         10          0          0          0        124   _printf_oct_int_ll.o
         6          0          0          0          0          0   _printf_p.o
        78          0          0          0          0        108   _printf_pad.o
         0          0          0          0          0          0   _printf_percent.o
         4          0          0          0          0          0   _printf_percent_end.o
         6          0          0          0          0          0   _printf_s.o
        82          0          0          0          0         80   _printf_str.o
        36          0          0          0          0         84   _printf_truncate.o
         6          0          0          0          0          0   _printf_u.o
        44          0          0          0          0        108   _printf_wchar.o
       188          6          8          0          0         92   _printf_wctomb.o
         6          0          0          0          0          0   _printf_x.o
        10          0          0          0          0         68   _sputc.o
        64          0          0          0          0         92   _wcrtomb.o
        16          0          0          0          0         68   aeabi_memset.o
       228          4        148          0          0         96   bigflt0.o
      1936        128          0          0          0        672   btod.o
        18          0          0          0          0         80   exit.o
         6          0          0          0          0        152   heapauxi.o
         0          0          0          0          0          0   indicate_semi.o
        44         10        272          0          0         76   lc_ctype_c.o
        44         10         28          0          0         76   lc_numeric_c.o
         2          0          0          0          0          0   libinit.o
        30          0          0          0          0          0   libinit2.o
         2          0          0          0          0          0   libshutdown.o
         2          0          0          0          0          0   libshutdown2.o
         8          4          0          0         96         68   libspace.o
       138          0          0          0          0         80   lludiv10.o
        16          4          0          0          0         76   rt_ctype_table.o
         8          4          0          0          0         68   rt_locale_intlibspace.o
        68          0          0          0          0         68   rt_memclr.o
        78          0          0          0          0         80   rt_memclr_w.o
       138          0          0          0          0         68   rt_memcpy_v6.o
       100          0          0          0          0         80   rt_memcpy_w.o
         2          0          0          0          0          0   rtexit.o
        10          0          0          0          0          0   rtexit2.o
       128          0          0          0          0         68   strcmpv7m.o
        12          4          0          0          0         68   sys_exit.o
        74          0          0          0          0         80   sys_stackheap_outer.o
         2          0          0          0          0         68   use_no_semi.o
        36          4          0          0          0         76   vsprintf.o
       430          8          0          0          0        168   faddsub_clz.o
       388         76          0          0          0         96   fdiv.o
        62          4          0          0          0         84   ffixu.o
       258          4          0          0          0         84   fmul.o
       140          4          0          0          0         84   fnaninf.o
        10          0          0          0          0         68   fretinf.o
         4          0          0          0          0         68   printf1.o
         4          0          0          0          0         68   printf2.o
         0          0          0          0          0          0   usenofp.o
        40          0          0          0          0         68   fpclassify.o

    ----------------------------------------------------------------------
      8446        362        552          0         96       5044   Library Totals
        20          0          1          0          0          0   (incl. Padding)

    ----------------------------------------------------------------------

      Code (inc. data)   RO Data    RW Data    ZI Data      Debug   Library Name

      7090        266        551          0         96       4256   c_w.l
      1296         96          0          0          0        720   fz_ws.l
        40          0          0          0          0         68   m_ws.l

    ----------------------------------------------------------------------
      8446        362        552          0         96       5044   Library Totals

    ----------------------------------------------------------------------

==============================================================================


      Code (inc. data)   RO Data    RW Data    ZI Data      Debug   

     23404       1792        820        184      19280     435464   Grand Totals
     23404       1792        820        184      19280     435464   ELF Image Totals
     23404       1792        820        184          0          0   ROM Totals

==============================================================================

    Total RO  Size (Code + RO Data)                24224 (  23.66kB)
    Total RW  Size (RW Data + ZI Data)             19464 (  19.01kB)
    Total ROM Size (Code + RO Data + RW Data)      24408 (  23.84kB)

==============================================================================

